08-29 00:24:09.003 V/libnb   (  817): enter native_bridge2_getTrampoline JNI_OnLoad
08-29 00:24:09.112 D/mumu sale promotion(  896): finish binding items
08-29 00:24:09.112 D/mumu sale promotion(  896): show cached sale promotio
08-29 00:24:09.112 D/mumu sale promotion(  896): show for floating window
08-29 00:24:09.128 D/mumu sale promotion(  896): add icon for floating window
08-29 00:24:09.128 D/mumu sale promotion(  896): add text for floating window
08-29 00:24:09.133 W/ContextImpl(  896): Calling a method in the system process without a qualified user: android.app.ContextImpl.sendBroadcast:784 android.content.ContextWrapper.sendBroadcast:396 com.mumu.launcher.co.a:40 com.mumu.launcher.cc.a:125 com.mumu.launcher.cc.a:151 
08-29 00:24:09.158 W/art     (  896): Method processed more than once: java.lang.String com.b.a.j.h.a(byte[], char[])
08-29 00:24:09.163 W/art     (  896): Method processed more than once: java.lang.String com.b.a.a.b.a()
08-29 00:24:09.167 E/installd(  290): Unable to unlink boot marker at /data/dalvik-cache/arm/.booting, error=No such file or directory
08-29 00:24:09.167 E/ActivityManager(  653): Unable to mark boot complete for abi: armeabi-v7a
08-29 00:24:09.167 I/SystemServiceManager(  653): Starting phase 1000
08-29 00:24:09.276 I/com.android.server.vapi.BootNotify(  653): notifyBootCompleted:25: boot_progress boot status:enable_scree
08-29 00:24:09.282 D/Interception(  653): result: allow, reason: calleePkg is system app, rule: runType===retrieveService|||callerPkg===android|||calleePkg===com.android.systemui|||calleeClass===com.android.systemui.keyguard.KeyguardService|||action===null
08-29 00:24:09.283 V/KeyguardServiceDelegate(  653): *** Keyguard started
08-29 00:24:09.283 W/KeyguardServiceDelegate(  653): onScreenTurningOn(): no keyguard service!
08-29 00:24:09.285 V/KeyguardServiceDelegate(  653): *** Keyguard connected (yay!)
08-29 00:24:09.302 D/CryptdConnector(  653): SND -> {2 cryptfs getpw}
08-29 00:24:09.312 D/VoldCryptCmdListener(  236): cryptfs getpw
08-29 00:24:09.312 I/Ext4Crypt(  236): ext4 crypto complete called on /data
08-29 00:24:09.312 I/Ext4Crypt(  236): No master key, so not ext4enc
08-29 00:24:09.312 I/Ext4Crypt(  236): ext4 crypto complete called on /data
08-29 00:24:09.312 I/Ext4Crypt(  236): No master key, so not ext4enc
08-29 00:24:09.312 D/CryptdConnector(  653): RCV <- {200 2 -1}
08-29 00:24:09.312 D/CryptdConnector(  653): SND -> {3 cryptfs clearpw}
08-29 00:24:09.313 D/VoldCryptCmdListener(  236): cryptfs clearpw
08-29 00:24:09.313 I/Ext4Crypt(  236): ext4 crypto complete called on /data
08-29 00:24:09.313 I/Ext4Crypt(  236): No master key, so not ext4enc
08-29 00:24:09.313 D/CryptdConnector(  653): RCV <- {200 3 0}
08-29 00:24:09.384 D/PhoneStatusBar(  740): disable: < expand ICONS* alerts SYSTEM_INFO* back home recent clock search quick_settings >
08-29 00:24:09.473 D/PhoneStatusBar(  740): disable: < expand ICONS alerts SYSTEM_INFO back home recent clock search quick_settings >
08-29 00:24:09.480 D/PhoneStatusBar(  740): disable: < expand ICONS alerts SYSTEM_INFO back HOME* RECENT* clock SEARCH* quick_settings >
08-29 00:24:09.558 W/art     ( 1002): Method processed more than once: com.a.a.a.d.c com.a.a.a.c.h.a(int[], int, int)
08-29 00:24:09.559 W/art     ( 1002): Method processed more than once: java.lang.String com.a.a.a.e.e.f()
08-29 00:24:09.560 D/BookedDownload( 1002): msg: 1
08-29 00:24:09.571 D/com.netease.nemu_android_watchdog_lib.core.Watchdog(  876): player info response: {"errcode": 0, "message": "", "return": {"uuid": "a0eeac49-2f56-4687-ad27-cf5066296f1c", "version": "2.3.10", "engine": "NEMU", "package": "mumu", "channel": "nochannel",  "token": "667fcf0d-c5cf-4fd2-8b4b-8ca7ece89a9f", "architecture": "x86", "usage": "0", "language": "zh_CN"}}
08-29 00:24:09.572 D/com.netease.nemu_android_watchdog_lib.core.Watchdog(  876): player info init: nochannel\tNEMU\tmumu\ta0eeac49-2f56-4687-ad27-cf5066296f1c\t2.3.10\tx86\t0\tzh_CN
08-29 00:24:09.579 D/com.netease.nemu_android_watchdog_lib.core.Watchdog(  876): upload event: {"architecture":"x86","channel":"nochannel","engine":"NEMU","language":"zh_CN","package":"mumu","usage":"0","uuid":"a0eeac49-2f56-4687-ad27-cf5066296f1c","version":"2.3.10","x":{"available":133580935168,"error":{"code":0,"msg":"ok"},"token":"667fcf0d-c5cf-4fd2-8b4b-8ca7ece89a9f","used":1567375360}}\ttype: DiskUsage\tsign: Tj7nAY5QMY9DA/LUR8FPZN1qyHs=\tuid: 1000
08-29 00:24:09.600 V/KeyguardServiceDelegate(  653): **** SHOWN CALLED ****
08-29 00:24:09.640 D/        (  653): HostConnection::get() New Host Connection established 0x9bad1620, tid 680
08-29 00:24:09.732 V/libnb   (  817): enter native_bridge2_isSupported /data/app/com.tencent.mm-1/lib/arm/libmatrixmrs.so
08-29 00:24:09.732 D/libnb   (  817): enter native_bridge2_loadLibrary /data/app/com.tencent.mm-1/lib/arm/libmatrixmrs.so
08-29 00:24:09.744 D/        (  271): HostConnection::get() New Host Connection established 0xb6d06240, tid 317
08-29 00:24:09.816 D/houdini (  817): [1128] Added shared library /data/app/com.tencent.mm-1/lib/arm/libmatrixmrs.so for ClassLoader by Native Bridge.
08-29 00:24:09.816 V/libnb   (  817): enter native_bridge2_getTrampoline JNI_OnLoad
08-29 00:24:09.827 V/libnb   (  817): enter native_bridge2_isSupported /data/app/com.tencent.mm-1/lib/arm/libwcdb.so
08-29 00:24:09.827 D/libnb   (  817): enter native_bridge2_loadLibrary /data/app/com.tencent.mm-1/lib/arm/libwcdb.so
08-29 00:24:09.844 D/houdini (  817): [1133] Added shared library /data/app/com.tencent.mm-1/lib/arm/libwcdb.so for ClassLoader by Native Bridge.
08-29 00:24:09.844 V/libnb   (  817): enter native_bridge2_getTrampoline JNI_OnLoad
08-29 00:24:09.844 I/WCDB    (  817): Initialize JNI module (1/12) CursorWindow...
08-29 00:24:09.845 V/WCDB.JNIHelp(  817): Registering com/tencent/wcdb/CursorWindow natives
08-29 00:24:09.845 I/WCDB    (  817): Initialize JNI module (2/12) ChunkedCursorWindow...
08-29 00:24:09.845 V/WCDB.JNIHelp(  817): Registering com/tencent/wcdb/database/ChunkedCursorWindow natives
08-29 00:24:09.846 V/WCDB.JNIHelp(  817): Registering com/tencent/wcdb/database/SQLiteAsyncQuery natives
08-29 00:24:09.847 I/WCDB    (  817): Initialize JNI module (3/12) SQLiteConnection...
08-29 00:24:09.849 I/WCDB    (  817): Initialize JNI module (4/12) SQLiteDebug...
08-29 00:24:09.849 V/WCDB.JNIHelp(  817): Registering com/tencent/wcdb/database/SQLiteDebug natives
08-29 00:24:09.849 I/WCDB    (  817): Initialize JNI module (5/12) SQLiteDirectCursor...
08-29 00:24:09.849 V/WCDB.JNIHelp(  817): Registering com/tencent/wcdb/database/SQLiteDirectQuery natives
08-29 00:24:09.849 I/WCDB    (  817): Initialize JNI module (6/12) SQLiteGlobal...
08-29 00:24:09.851 V/WCDB.JNIHelp(  817): Registering com/tencent/wcdb/database/SQLiteGlobal natives
08-29 00:24:09.851 I/WCDB    (  817): Initialize JNI module (7/12) MMFtsTokenizer...
08-29 00:24:09.851 V/WCDB.JNIHelp(  817): Registering com/tencent/wcdb/extension/fts/MMFtsTokenizer natives
08-29 00:24:09.851 I/WCDB    (  817): Initialize JNI module (8/12) FileUtils...
08-29 00:24:09.851 V/WCDB.JNIHelp(  817): Registering com/tencent/wcdb/FileUtils natives
08-29 00:24:09.851 I/WCDB    (  817): Initialize JNI module (9/12) DBBackup...
08-29 00:24:09.851 V/WCDB.JNIHelp(  817): Registering com/tencent/wcdb/repair/BackupKit natives
08-29 00:24:09.851 V/WCDB.JNIHelp(  817): Registering com/tencent/wcdb/repair/RecoverKit natives
08-29 00:24:09.851 I/WCDB    (  817): Initialize JNI module (10/12) DBDumpUtil...
08-29 00:24:09.852 V/WCDB.JNIHelp(  817): Registering com/tencent/wcdb/repair/DBDumpUtil natives
08-29 00:24:09.852 I/WCDB    (  817): Initialize JNI module (11/12) DBRepair...
08-29 00:24:09.853 V/WCDB.JNIHelp(  817): Registering com/tencent/wcdb/repair/RepairKit$RepairCursor natives
08-29 00:24:09.853 I/WCDB    (  817): Initialize JNI module (12/12) Log...
08-29 00:24:09.853 V/WCDB.JNIHelp(  817): Registering com/tencent/wcdb/support/Log natives
08-29 00:24:09.865 V/libnb   (  817): enter native_bridge2_isSupported /data/app/com.tencent.mm-1/lib/arm/libhardcoder.so
08-29 00:24:09.865 D/libnb   (  817): enter native_bridge2_loadLibrary /data/app/com.tencent.mm-1/lib/arm/libhardcoder.so
08-29 00:24:09.875 D/houdini (  817): [1181] Added shared library /data/app/com.tencent.mm-1/lib/arm/libhardcoder.so for ClassLoader by Native Bridge.
08-29 00:24:09.875 V/libnb   (  817): enter native_bridge2_getTrampoline JNI_OnLoad
08-29 00:24:09.916 D/        (  271): HostConnection::get() New Host Connection established 0xb5fc9720, tid 922
08-29 00:24:09.917 V/libnb   (  817): enter native_bridge2_getTrampoline Java_com_tencent_mars_smc_SmcLogic_getLoadLibraries
08-29 00:24:09.917 V/libnb   (  817): enter native_bridge2_getTrampoline Java_com_tencent_mars_smc_SmcLogic_getLoadLibraries__
08-29 00:24:09.917 V/libnb   (  817): enter native_bridge2_getTrampoline Java_com_tencent_mars_smc_SmcLogic_getLoadLibraries
08-29 00:24:09.917 V/libnb   (  817): enter native_bridge2_getTrampoline Java_com_tencent_mars_smc_SmcLogic_getLoadLibraries__
08-29 00:24:09.917 V/libnb   (  817): enter native_bridge2_getTrampoline Java_com_tencent_mars_smc_SmcLogic_getLoadLibraries
08-29 00:24:09.917 V/libnb   (  817): enter native_bridge2_getTrampoline Java_com_tencent_mars_smc_SmcLogic_getLoadLibraries__
08-29 00:24:09.917 V/libnb   (  817): enter native_bridge2_getTrampoline Java_com_tencent_mars_smc_SmcLogic_getLoadLibraries
08-29 00:24:09.917 V/libnb   (  817): enter native_bridge2_getTrampoline Java_com_tencent_mars_smc_SmcLogic_getLoadLibraries__
08-29 00:24:09.918 V/libnb   (  817): enter native_bridge2_getTrampoline Java_com_tencent_mars_smc_SmcLogic_getLoadLibraries
08-29 00:24:09.918 V/libnb   (  817): enter native_bridge2_getTrampoline Java_com_tencent_mars_smc_SmcLogic_getLoadLibraries__
08-29 00:24:09.918 V/libnb   (  817): enter native_bridge2_getTrampoline Java_com_tencent_mars_smc_SmcLogic_getLoadLibraries
08-29 00:24:09.918 V/libnb   (  817): enter native_bridge2_getTrampoline Java_com_tencent_mars_smc_SmcLogic_getLoadLibraries__
08-29 00:24:09.918 V/libnb   (  817): enter native_bridge2_getTrampoline Java_com_tencent_mars_smc_SmcLogic_getLoadLibraries
08-29 00:24:09.918 V/libnb   (  817): enter native_bridge2_getTrampoline Java_com_tencent_mars_smc_SmcLogic_getLoadLibraries__
08-29 00:24:09.918 V/libnb   (  817): enter native_bridge2_getTrampoline Java_com_tencent_mars_smc_SmcLogic_getLoadLibraries
08-29 00:24:09.918 V/libnb   (  817): enter native_bridge2_getTrampoline Java_com_tencent_mars_smc_SmcLogic_getLoadLibraries__
08-29 00:24:09.918 V/libnb   (  817): enter native_bridge2_getTrampoline Java_com_tencent_mars_smc_SmcLogic_getLoadLibraries
08-29 00:24:09.918 V/libnb   (  817): enter native_bridge2_getTrampoline Java_com_tencent_mars_smc_SmcLogic_getLoadLibraries__
08-29 00:24:09.918 E/art     (  817): No implementation found for java.util.ArrayList com.tencent.mars.smc.SmcLogic.getLoadLibraries() (tried Java_com_tencent_mars_smc_SmcLogic_getLoadLibraries and Java_com_tencent_mars_smc_SmcLogic_getLoadLibraries__)
08-29 00:24:09.920 V/libnb   (  817): enter native_bridge2_isSupported /data/app/com.tencent.mm-1/lib/arm/libwechatbase.so
08-29 00:24:09.920 D/libnb   (  817): enter native_bridge2_loadLibrary /data/app/com.tencent.mm-1/lib/arm/libwechatbase.so
08-29 00:24:09.926 E/EGL_emulation(  653): egl: current context mark for deletio
08-29 00:24:09.927 D/houdini (  817): [1133] Added shared library /data/app/com.tencent.mm-1/lib/arm/libwechatbase.so for ClassLoader by Native Bridge.
08-29 00:24:09.927 V/libnb   (  817): enter native_bridge2_getTrampoline JNI_OnLoad
08-29 00:24:09.929 V/libnb   (  817): enter native_bridge2_isSupported /data/app/com.tencent.mm-1/lib/arm/libwechatmm.so
08-29 00:24:09.929 D/libnb   (  817): enter native_bridge2_loadLibrary /data/app/com.tencent.mm-1/lib/arm/libwechatmm.so
08-29 00:24:09.949 E/local_camera(  274): We have a problem with the player connection. In main:180, reason:No such file or directory
08-29 00:24:09.959 D/com.netease.nemu_vapi_android.thread.HttpServer(  876): http server response data: {"errcode":0,"message":"OK","return":{"active":"com.mumu.launcher","installed":[{"appName":"Appium Settings","packageName":"io.appium.settings","version":"2.14.2"},{"appName":"\xe8\xb6\xa3\xe5\xa4\xb4\xe6\x9d\xa1","packageName":"com.jifen.qukan","version":"3.9.85.000.0702.1633"},{"appName":"\xe5\xbe\xae\xe4\xbf\xa1","packageName":"com.tencent.mm","version":"7.0.10"},{"appName":"\xe4\xbb\x8a\xe6\x97\xa5\xe5\xa4\xb4\xe6\x9d\xa1","packageName":"com.ss.android.article.news","version":"7.1.6"},{"appName":"\xe9\x9b\xaa\xe7\x90\x83","packageName":"com.xueqiu.android","version":"12.11.1"},{"appName":"\xe7\xbd\x91\xe6\x98\x93\xe4\xba\x91\xe9\x9f\xb3\xe4\xb9\x90","packageName":"com.netease.cloudmusic","version":"5.5.1"}],"recent":[]}}
08-29 00:24:09.992 D/com.netease.nemu_vapi_android.thread.HttpServer(  876): http server response data: {"errcode":0,"message":"OK","return":{"volume":11}}
08-29 00:24:09.993 D/houdini (  817): [1133] Added shared library /data/app/com.tencent.mm-1/lib/arm/libwechatmm.so for ClassLoader by Native Bridge.
08-29 00:24:09.993 V/libnb   (  817): enter native_bridge2_getTrampoline JNI_OnLoad
08-29 00:24:09.996 W/ContextImpl(  876): Calling a method in the system process without a qualified user: android.app.ContextImpl.startService:1242 android.content.ContextWrapper.startService:581 com.netease.nemu_vapi_android.resource.VbtnbarManager.onAction:135 com.netease.nemu_vapi_android.resource.ResourceManager.handleRequest:34 com.netease.nemu_vapi_android.api.V1ApiDispatcher.handleRequest:33 
08-29 00:24:09.996 D/Interception(  653): result: allow, reason: calleePkg is system app, rule: runType===retrieveService|||callerPkg===android|||calleePkg===com.mumu.acc|||calleeClass===com.mumu.acc.AccService|||action===nemu.intent.action.ACCELERATE
08-29 00:24:09.997 D/ActivityManager(  653): start process: com.mumu.acc, abi override: null, primary cpu abi: x86, forceToUseNativeBridge: false
08-29 00:24:09.997 D/ActivityManager(  653): start process: com.mumu.acc, cpu abi: x86, instructionSet: x86
08-29 00:24:10.001 V/libnb   (  817): enter native_bridge2_isSupported /data/app/com.tencent.mm-1/lib/arm/libandromeda.so
08-29 00:24:10.001 D/libnb   (  817): enter native_bridge2_loadLibrary /data/app/com.tencent.mm-1/lib/arm/libandromeda.so
08-29 00:24:10.002 D/houdini (  817): [1133] Added shared library /data/app/com.tencent.mm-1/lib/arm/libandromeda.so for ClassLoader by Native Bridge.
08-29 00:24:10.002 V/libnb   (  817): enter native_bridge2_getTrampoline JNI_OnLoad
08-29 00:24:10.002 V/libnb   (  817): enter native_bridge2_getTrampoline Java_com_tencent_mars_BaseEvent_onCreate
08-29 00:24:10.002 V/libnb   (  817): enter native_bridge2_getTrampoline Java_com_tencent_mars_BaseEvent_onCreate__
08-29 00:24:10.002 V/libnb   (  817): enter native_bridge2_getTrampoline Java_com_tencent_mars_BaseEvent_onCreate
08-29 00:24:10.002 V/libnb   (  817): enter native_bridge2_getTrampoline Java_com_tencent_mars_BaseEvent_onCreate__
08-29 00:24:10.002 V/libnb   (  817): enter native_bridge2_getTrampoline Java_com_tencent_mars_BaseEvent_onCreate
08-29 00:24:10.002 V/libnb   (  817): enter native_bridge2_getTrampoline Java_com_tencent_mars_BaseEvent_onCreate__
08-29 00:24:10.002 V/libnb   (  817): enter native_bridge2_getTrampoline Java_com_tencent_mars_BaseEvent_onCreate
08-29 00:24:10.002 V/libnb   (  817): enter native_bridge2_getTrampoline Java_com_tencent_mars_BaseEvent_onCreate__
08-29 00:24:10.002 V/libnb   (  817): enter native_bridge2_getTrampoline Java_com_tencent_mars_BaseEvent_onCreate
08-29 00:24:10.002 V/libnb   (  817): enter native_bridge2_getTrampoline Java_com_tencent_mars_BaseEvent_onCreate__
08-29 00:24:10.002 V/libnb   (  817): enter native_bridge2_getTrampoline Java_com_tencent_mars_BaseEvent_onCreate
08-29 00:24:10.002 V/libnb   (  817): enter native_bridge2_getTrampoline Java_com_tencent_mars_BaseEvent_onCreate__
08-29 00:24:10.002 V/libnb   (  817): enter native_bridge2_getTrampoline Java_com_tencent_mars_BaseEvent_onCreate
08-29 00:24:10.002 V/libnb   (  817): enter native_bridge2_getTrampoline Java_com_tencent_mars_BaseEvent_onCreate__
08-29 00:24:10.002 V/libnb   (  817): enter native_bridge2_getTrampoline Java_com_tencent_mars_BaseEvent_onCreate
08-29 00:24:10.002 V/libnb   (  817): enter native_bridge2_getTrampoline Java_com_tencent_mars_BaseEvent_onCreate__
08-29 00:24:10.002 V/libnb   (  817): enter native_bridge2_getTrampoline Java_com_tencent_mars_BaseEvent_onCreate
08-29 00:24:10.002 V/libnb   (  817): enter native_bridge2_getTrampoline Java_com_tencent_mars_BaseEvent_onCreate__
08-29 00:24:10.002 V/libnb   (  817): enter native_bridge2_getTrampoline Java_com_tencent_mars_BaseEvent_onCreate
08-29 00:24:10.013 V/libnb   (  817): enter native_bridge2_getTrampoline Java_com_tencent_mars_smc_SmcLogic_onCreate
08-29 00:24:10.013 V/libnb   (  817): enter native_bridge2_getTrampoline Java_com_tencent_mars_smc_SmcLogic_onCreate__
08-29 00:24:10.013 V/libnb   (  817): enter native_bridge2_getTrampoline Java_com_tencent_mars_smc_SmcLogic_onCreate
08-29 00:24:10.013 V/libnb   (  817): enter native_bridge2_getTrampoline Java_com_tencent_mars_smc_SmcLogic_onCreate__
08-29 00:24:10.013 V/libnb   (  817): enter native_bridge2_getTrampoline Java_com_tencent_mars_smc_SmcLogic_onCreate
08-29 00:24:10.013 V/libnb   (  817): enter native_bridge2_getTrampoline Java_com_tencent_mars_smc_SmcLogic_onCreate__
08-29 00:24:10.013 V/libnb   (  817): enter native_bridge2_getTrampoline Java_com_tencent_mars_smc_SmcLogic_onCreate
08-29 00:24:10.013 V/libnb   (  817): enter native_bridge2_getTrampoline Java_com_tencent_mars_smc_SmcLogic_onCreate__
08-29 00:24:10.013 V/libnb   (  817): enter native_bridge2_getTrampoline Java_com_tencent_mars_smc_SmcLogic_onCreate
08-29 00:24:10.013 V/libnb   (  817): enter native_bridge2_getTrampoline Java_com_tencent_mars_smc_SmcLogic_onCreate__
08-29 00:24:10.013 V/libnb   (  817): enter native_bridge2_getTrampoline Java_com_tencent_mars_smc_SmcLogic_onCreate
08-29 00:24:10.013 V/libnb   (  817): enter native_bridge2_getTrampoline Java_com_tencent_mars_smc_SmcLogic_onCreate__
08-29 00:24:10.013 V/libnb   (  817): enter native_bridge2_getTrampoline Java_com_tencent_mars_smc_SmcLogic_onCreate
08-29 00:24:10.013 V/libnb   (  817): enter native_bridge2_getTrampoline Java_com_tencent_mars_smc_SmcLogic_onCreate__
08-29 00:24:10.013 V/libnb   (  817): enter native_bridge2_getTrampoline Java_com_tencent_mars_smc_SmcLogic_onCreate
08-29 00:24:10.013 V/libnb   (  817): enter native_bridge2_getTrampoline Java_com_tencent_mars_smc_SmcLogic_onCreate__
08-29 00:24:10.013 V/libnb   (  817): enter native_bridge2_getTrampoline Java_com_tencent_mars_smc_SmcLogic_onCreate
08-29 00:24:10.013 V/libnb   (  817): enter native_bridge2_getTrampoline Java_com_tencent_mars_smc_SmcLogic_onCreate__
08-29 00:24:10.013 V/libnb   (  817): enter native_bridge2_getTrampoline Java_com_tencent_mars_smc_SmcLogic_onCreate
08-29 00:24:10.013 V/libnb   (  817): enter native_bridge2_getTrampoline Java_com_tencent_mars_smc_SmcLogic_onCreate__
08-29 00:24:10.013 V/libnb   (  817): enter native_bridge2_getTrampoline Java_com_tencent_mars_smc_SmcLogic_onCreate
08-29 00:24:10.026 I/art     ( 1194): Late-enabling JIT
08-29 00:24:10.039 I/ActivityManager(  653): Start proc 1194:com.mumu.acc/u0a31 for service com.mumu.acc/.AccService
08-29 00:24:10.040 D/com.netease.nemu_vapi_android.thread.HttpServer(  876): http server response data: {"errcode":0,"message":"OK"}
08-29 00:24:10.041 D/com.netease.nemu_vapi_android.thread.HttpServer(  876): http server response data: {"errcode":0,"message":"OK","return":{"active":"com.mumu.launcher","installed":[{"appName":"Appium Settings","packageName":"io.appium.settings","version":"2.14.2"},{"appName":"\xe8\xb6\xa3\xe5\xa4\xb4\xe6\x9d\xa1","packageName":"com.jifen.qukan","version":"3.9.85.000.0702.1633"},{"appName":"\xe5\xbe\xae\xe4\xbf\xa1","packageName":"com.tencent.mm","version":"7.0.10"},{"appName":"\xe4\xbb\x8a\xe6\x97\xa5\xe5\xa4\xb4\xe6\x9d\xa1","packageName":"com.ss.android.article.news","version":"7.1.6"},{"appName":"\xe9\x9b\xaa\xe7\x90\x83","packageName":"com.xueqiu.android","version":"12.11.1"},{"appName":"\xe7\xbd\x91\xe6\x98\x93\xe4\xba\x91\xe9\x9f\xb3\xe4\xb9\x90","packageName":"com.netease.cloudmusic","version":"5.5.1"}],"recent":[]}}
08-29 00:24:10.041 D/com.netease.nemu_vapi_android.thread.HttpServer(  876): http server response data: {"errcode":0,"message":"OK"}
08-29 00:24:10.054 D/com.netease.nemu_vapi_android.thread.HttpServer(  876): http server response data: {"errcode":0,"message":"OK"}
08-29 00:24:10.058 W/art     ( 1194): Unexpected CPU variant for X86 using defaults: x86
08-29 00:24:10.058 I/art     ( 1194): JIT created with code_cache_capacity=2MB compile_threshold=1000
08-29 00:24:10.062 I/Zygote  ( 1194): fake Product info com.mumu.acc not matched any patte
08-29 00:24:10.066 V/libnb   (  817): enter native_bridge2_getTrampoline Java_com_tencent_mars_smc_SmcLogic_SetDebugFlag
08-29 00:24:10.067 V/libnb   (  817): enter native_bridge2_getTrampoline Java_com_tencent_mars_smc_SmcLogic_SetDebugFlag__Z
08-29 00:24:10.067 V/libnb   (  817): enter native_bridge2_getTrampoline Java_com_tencent_mars_smc_SmcLogic_SetDebugFlag
08-29 00:24:10.067 V/libnb   (  817): enter native_bridge2_getTrampoline Java_com_tencent_mars_smc_SmcLogic_SetDebugFlag__Z
08-29 00:24:10.067 V/libnb   (  817): enter native_bridge2_getTrampoline Java_com_tencent_mars_smc_SmcLogic_SetDebugFlag
08-29 00:24:10.067 V/libnb   (  817): enter native_bridge2_getTrampoline Java_com_tencent_mars_smc_SmcLogic_SetDebugFlag__Z
08-29 00:24:10.067 V/libnb   (  817): enter native_bridge2_getTrampoline Java_com_tencent_mars_smc_SmcLogic_SetDebugFlag
08-29 00:24:10.067 V/libnb   (  817): enter native_bridge2_getTrampoline Java_com_tencent_mars_smc_SmcLogic_SetDebugFlag__Z
08-29 00:24:10.067 V/libnb   (  817): enter native_bridge2_getTrampoline Java_com_tencent_mars_smc_SmcLogic_SetDebugFlag
08-29 00:24:10.067 V/libnb   (  817): enter native_bridge2_getTrampoline Java_com_tencent_mars_smc_SmcLogic_SetDebugFlag__Z
08-29 00:24:10.067 V/libnb   (  817): enter native_bridge2_getTrampoline Java_com_tencent_mars_smc_SmcLogic_SetDebugFlag
08-29 00:24:10.067 V/libnb   (  817): enter native_bridge2_getTrampoline Java_com_tencent_mars_smc_SmcLogic_SetDebugFlag__Z
08-29 00:24:10.067 V/libnb   (  817): enter native_bridge2_getTrampoline Java_com_tencent_mars_smc_SmcLogic_SetDebugFlag
08-29 00:24:10.067 V/libnb   (  817): enter native_bridge2_getTrampoline Java_com_tencent_mars_smc_SmcLogic_SetDebugFlag__Z
08-29 00:24:10.067 V/libnb   (  817): enter native_bridge2_getTrampoline Java_com_tencent_mars_smc_SmcLogic_SetDebugFlag
08-29 00:24:10.067 V/libnb   (  817): enter native_bridge2_getTrampoline Java_com_tencent_mars_smc_SmcLogic_SetDebugFlag__Z
08-29 00:24:10.067 V/libnb   (  817): enter native_bridge2_getTrampoline Java_com_tencent_mars_smc_SmcLogic_SetDebugFlag
08-29 00:24:10.067 V/libnb   (  817): enter native_bridge2_getTrampoline Java_com_tencent_mars_smc_SmcLogic_SetDebugFlag__Z
08-29 00:24:10.067 V/libnb   (  817): enter native_bridge2_getTrampoline Java_com_tencent_mars_smc_SmcLogic_SetDebugFlag
08-29 00:24:10.067 V/libnb   (  817): enter native_bridge2_getTrampoline Java_com_tencent_mars_smc_SmcLogic_SetDebugFlag__Z
08-29 00:24:10.067 V/libnb   (  817): enter native_bridge2_getTrampoline Java_com_tencent_mars_smc_SmcLogic_SetDebugFlag
08-29 00:24:10.070 D/Interception(  653): isMatchAirRule, callee air rule: runType===*|||callerPkg===*|||calleePkg===com.tencent.mm|||calleeClass===*|||action===*
08-29 00:24:10.070 D/Interception(  653): result: allow, reason: allow by air rule, rule: runType===retrieveService|||callerPkg===android|||calleePkg===com.tencent.mm|||calleeClass===com.tencent.mm.service.ProcessService$MMProcessService|||action===null
08-29 00:24:10.080 D/PackageManager(  653): trimGetPackagesForUid uid = 10031 result = [com.mumu.acc]
08-29 00:24:10.086 W/System  ( 1194): ClassLoader referenced unknown path: /system/app/com.mumu.acc/lib/x86
08-29 00:24:10.093 D/com.netease.nemu_vapi_android.thread.HttpServer(  876): http server response data: {"errcode":0,"message":"OK","return":{"active":"com.mumu.launcher","installed":[{"appName":"Appium Settings","packageName":"io.appium.settings","version":"2.14.2"},{"appName":"\xe8\xb6\xa3\xe5\xa4\xb4\xe6\x9d\xa1","packageName":"com.jifen.qukan","version":"3.9.85.000.0702.1633"},{"appName":"\xe5\xbe\xae\xe4\xbf\xa1","packageName":"com.tencent.mm","version":"7.0.10"},{"appName":"\xe4\xbb\x8a\xe6\x97\xa5\xe5\xa4\xb4\xe6\x9d\xa1","packageName":"com.ss.android.article.news","version":"7.1.6"},{"appName":"\xe9\x9b\xaa\xe7\x90\x83","packageName":"com.xueqiu.android","version":"12.11.1"},{"appName":"\xe7\xbd\x91\xe6\x98\x93\xe4\xba\x91\xe9\x9f\xb3\xe4\xb9\x90","packageName":"com.netease.cloudmusic","version":"5.5.1"}],"recent":[]}}
08-29 00:24:10.121 I/system  ( 1194): JNI_OnLoad
08-29 00:24:10.139 D/com.netease.nemu_vapi_android.thread.HttpServer(  876): http server response data: 
08-29 00:24:10.139 W/LYF     (  876): try to download file return response
08-29 00:24:10.144 V/libnb   (  817): enter native_bridge2_isSupported /data/app/com.tencent.mm-1/lib/arm/libwechatnormsg.so
08-29 00:24:10.144 D/libnb   (  817): enter native_bridge2_loadLibrary /data/app/com.tencent.mm-1/lib/arm/libwechatnormsg.so
08-29 00:24:10.157 D/com.netease.nemu_vapi_android.thread.HttpServer(  876): http server response data: {"errcode":0,"message":"OK","return":{"active":"com.mumu.launcher","installed":[{"appName":"Appium Settings","packageName":"io.appium.settings","version":"2.14.2"},{"appName":"\xe8\xb6\xa3\xe5\xa4\xb4\xe6\x9d\xa1","packageName":"com.jifen.qukan","version":"3.9.85.000.0702.1633"},{"appName":"\xe5\xbe\xae\xe4\xbf\xa1","packageName":"com.tencent.mm","version":"7.0.10"},{"appName":"\xe4\xbb\x8a\xe6\x97\xa5\xe5\xa4\xb4\xe6\x9d\xa1","packageName":"com.ss.android.article.news","version":"7.1.6"},{"appName":"\xe9\x9b\xaa\xe7\x90\x83","packageName":"com.xueqiu.android","version":"12.11.1"},{"appName":"\xe7\xbd\x91\xe6\x98\x93\xe4\xba\x91\xe9\x9f\xb3\xe4\xb9\x90","packageName":"com.netease.cloudmusic","version":"5.5.1"}],"recent":[]}}
08-29 00:24:10.174 E/local_camera(  274): We have a problem with the player connection. In main:180, reason:No such file or directory
08-29 00:24:10.174 W/art     ( 1194): Method processed more than once: java.lang.String b.c.a(long, java.nio.charset.Charset)
08-29 00:24:10.177 D/houdini (  817): [1131] Added shared library /data/app/com.tencent.mm-1/lib/arm/libwechatnormsg.so for ClassLoader by Native Bridge.
08-29 00:24:10.177 V/libnb   (  817): enter native_bridge2_getTrampoline JNI_OnLoad
08-29 00:24:10.184 V/libnb   (  817): enter native_bridge2_isSupported /data/app/com.tencent.mm-1/lib/arm/libcommonimgdec.so
08-29 00:24:10.185 D/libnb   (  817): enter native_bridge2_loadLibrary /data/app/com.tencent.mm-1/lib/arm/libcommonimgdec.so
08-29 00:24:10.185 D/houdini (  817): [1133] Added shared library /data/app/com.tencent.mm-1/lib/arm/libcommonimgdec.so for ClassLoader by Native Bridge.
08-29 00:24:10.185 V/libnb   (  817): enter native_bridge2_getTrampoline JNI_OnLoad
08-29 00:24:10.186 V/libnb   (  817): enter native_bridge2_isSupported /data/app/com.tencent.mm-1/lib/arm/libMMProtocalJni.so
08-29 00:24:10.186 D/libnb   (  817): enter native_bridge2_loadLibrary /data/app/com.tencent.mm-1/lib/arm/libMMProtocalJni.so
08-29 00:24:10.191 D/houdini (  817): [1131] Added shared library /data/app/com.tencent.mm-1/lib/arm/libMMProtocalJni.so for ClassLoader by Native Bridge.
08-29 00:24:10.191 V/libnb   (  817): enter native_bridge2_getTrampoline JNI_OnLoad
08-29 00:24:10.191 V/libnb   (  817): enter native_bridge2_getTrampoline Java_com_tencent_mm_protocal_MMProtocalJni_setClientPackVersio
08-29 00:24:10.191 V/libnb   (  817): enter native_bridge2_getTrampoline Java_com_tencent_mm_protocal_MMProtocalJni_setProtocalJniLogLevel
08-29 00:24:10.191 V/libnb   (  817): enter native_bridge2_getTrampoline Java_com_tencent_mm_protocal_MMProtocalJni_setIsLite
08-29 00:24:10.192 V/libnb   (  817): enter native_bridge2_isSupported /data/app/com.tencent.mm-1/lib/arm/libwechatcommon.so
08-29 00:24:10.192 D/libnb   (  817): enter native_bridge2_loadLibrary /data/app/com.tencent.mm-1/lib/arm/libwechatcommon.so
08-29 00:24:10.203 W/art     ( 1194): Method processed more than once: java.lang.String com.netease.uuromsdk.utils.a.a(byte[], java.lang.String)
08-29 00:24:10.230 D/houdini (  817): [1133] Added shared library /data/app/com.tencent.mm-1/lib/arm/libwechatcommon.so for ClassLoader by Native Bridge.
08-29 00:24:10.230 V/libnb   (  817): enter native_bridge2_getTrampoline JNI_OnLoad
08-29 00:24:10.236 W/system  ( 1194): Not running thread 0
08-29 00:24:10.243 V/libnb   (  817): enter native_bridge2_isSupported /data/app/com.tencent.mm-1/lib/arm/libwechatvoicereco.so
08-29 00:24:10.243 D/libnb   (  817): enter native_bridge2_loadLibrary /data/app/com.tencent.mm-1/lib/arm/libwechatvoicereco.so
08-29 00:24:10.250 D/com.netease.nemu_vapi_android.thread.HttpServer(  876): http server response data: {"errcode":0,"message":"OK"}
08-29 00:24:10.252 V/libnb   (  817): enter native_bridge2_getTrampoline Java_com_tencent_matrix_mrs_core_MrsLogic_onCreate
08-29 00:24:10.255 V/libnb   (  817): enter native_bridge2_getTrampoline Java_com_tencent_matrix_mrs_core_MrsLogic_onCreate__
08-29 00:24:10.255 V/libnb   (  817): enter native_bridge2_getTrampoline Java_com_tencent_matrix_mrs_core_MrsLogic_onCreate
08-29 00:24:10.255 V/libnb   (  817): enter native_bridge2_getTrampoline Java_com_tencent_matrix_mrs_core_MrsLogic_onCreate__
08-29 00:24:10.255 V/libnb   (  817): enter native_bridge2_getTrampoline Java_com_tencent_matrix_mrs_core_MrsLogic_onCreate
08-29 00:24:10.255 V/libnb   (  817): enter native_bridge2_getTrampoline Java_com_tencent_matrix_mrs_core_MrsLogic_onCreate__
08-29 00:24:10.255 V/libnb   (  817): enter native_bridge2_getTrampoline Java_com_tencent_matrix_mrs_core_MrsLogic_onCreate
08-29 00:24:10.255 V/libnb   (  817): enter native_bridge2_getTrampoline Java_com_tencent_matrix_mrs_core_MrsLogic_onCreate__
08-29 00:24:10.255 V/libnb   (  817): enter native_bridge2_getTrampoline Java_com_tencent_matrix_mrs_core_MrsLogic_onCreate
08-29 00:24:10.255 V/libnb   (  817): enter native_bridge2_getTrampoline Java_com_tencent_matrix_mrs_core_MrsLogic_onCreate__
08-29 00:24:10.255 V/libnb   (  817): enter native_bridge2_getTrampoline Java_com_tencent_matrix_mrs_core_MrsLogic_onCreate
08-29 00:24:10.256 D/houdini (  817): [1130] Added shared library /data/app/com.tencent.mm-1/lib/arm/libwechatvoicereco.so for ClassLoader by Native Bridge.
08-29 00:24:10.256 V/libnb   (  817): enter native_bridge2_getTrampoline JNI_OnLoad
08-29 00:24:10.261 V/libnb   (  817): enter native_bridge2_isSupported /data/app/com.tencent.mm-1/lib/arm/libtencentloc.so
08-29 00:24:10.261 D/libnb   (  817): enter native_bridge2_loadLibrary /data/app/com.tencent.mm-1/lib/arm/libtencentloc.so
08-29 00:24:10.269 V/libnb   (  817): enter native_bridge2_getTrampoline Java_com_tencent_matrix_mrs_core_MrsLogic_onForeground
08-29 00:24:10.279 D/houdini (  817): [1132] Added shared library /data/app/com.tencent.mm-1/lib/arm/libtencentloc.so for ClassLoader by Native Bridge.
08-29 00:24:10.279 V/libnb   (  817): enter native_bridge2_getTrampoline Java_com_tencent_matrix_mrs_core_MrsLogic_onForeground__Z
08-29 00:24:10.279 V/libnb   (  817): enter native_bridge2_getTrampoline Java_com_tencent_matrix_mrs_core_MrsLogic_onForeground
08-29 00:24:10.279 V/libnb   (  817): enter native_bridge2_getTrampoline Java_com_tencent_matrix_mrs_core_MrsLogic_onForeground__Z
08-29 00:24:10.279 V/libnb   (  817): enter native_bridge2_getTrampoline Java_com_tencent_matrix_mrs_core_MrsLogic_onForeground
08-29 00:24:10.279 V/libnb   (  817): enter native_bridge2_getTrampoline Java_com_tencent_matrix_mrs_core_MrsLogic_onForeground__Z
08-29 00:24:10.279 V/libnb   (  817): enter native_bridge2_getTrampoline Java_com_tencent_matrix_mrs_core_MrsLogic_onForeground
08-29 00:24:10.279 V/libnb   (  817): enter native_bridge2_getTrampoline Java_com_tencent_matrix_mrs_core_MrsLogic_onForeground__Z
08-29 00:24:10.279 V/libnb   (  817): enter native_bridge2_getTrampoline Java_com_tencent_matrix_mrs_core_MrsLogic_onForeground
08-29 00:24:10.279 V/libnb   (  817): enter native_bridge2_getTrampoline Java_com_tencent_matrix_mrs_core_MrsLogic_onForeground__Z
08-29 00:24:10.279 V/libnb   (  817): enter native_bridge2_getTrampoline Java_com_tencent_matrix_mrs_core_MrsLogic_onForeground
08-29 00:24:10.279 V/libnb   (  817): enter native_bridge2_getTrampoline JNI_OnLoad
08-29 00:24:10.280 V/libnb   (  817): enter native_bridge2_getTrampoline Java_com_tencent_matrix_mrs_core_MrsLogic_setTimeZone
08-29 00:24:10.280 V/libnb   (  817): enter native_bridge2_getTrampoline Java_com_tencent_matrix_mrs_core_MrsLogic_setTimeZone__I
08-29 00:24:10.280 V/libnb   (  817): enter native_bridge2_getTrampoline Java_com_tencent_matrix_mrs_core_MrsLogic_setTimeZone
08-29 00:24:10.280 V/libnb   (  817): enter native_bridge2_getTrampoline Java_com_tencent_matrix_mrs_core_MrsLogic_setTimeZone__I
08-29 00:24:10.280 V/libnb   (  817): enter native_bridge2_getTrampoline Java_com_tencent_matrix_mrs_core_MrsLogic_setTimeZone
08-29 00:24:10.280 V/libnb   (  817): enter native_bridge2_getTrampoline Java_com_tencent_matrix_mrs_core_MrsLogic_setTimeZone__I
08-29 00:24:10.280 V/libnb   (  817): enter native_bridge2_getTrampoline Java_com_tencent_matrix_mrs_core_MrsLogic_setTimeZone
08-29 00:24:10.280 V/libnb   (  817): enter native_bridge2_getTrampoline Java_com_tencent_matrix_mrs_core_MrsLogic_setTimeZone__I
08-29 00:24:10.280 V/libnb   (  817): enter native_bridge2_getTrampoline Java_com_tencent_matrix_mrs_core_MrsLogic_setTimeZone
08-29 00:24:10.280 V/libnb   (  817): enter native_bridge2_getTrampoline Java_com_tencent_matrix_mrs_core_MrsLogic_setTimeZone__I
08-29 00:24:10.280 V/libnb   (  817): enter native_bridge2_getTrampoline Java_com_tencent_matrix_mrs_core_MrsLogic_setTimeZone
08-29 00:24:10.281 V/libnb   (  817): enter native_bridge2_getTrampoline Java_com_tencent_matrix_mrs_core_MrsLogic_setClientVersio
08-29 00:24:10.281 V/libnb   (  817): enter native_bridge2_getTrampoline Java_com_tencent_matrix_mrs_core_MrsLogic_setClientVersion__J
08-29 00:24:10.281 V/libnb   (  817): enter native_bridge2_getTrampoline Java_com_tencent_matrix_mrs_core_MrsLogic_setClientVersio
08-29 00:24:10.281 V/libnb   (  817): enter native_bridge2_getTrampoline Java_com_tencent_matrix_mrs_core_MrsLogic_setClientVersion__J
08-29 00:24:10.281 V/libnb   (  817): enter native_bridge2_getTrampoline Java_com_tencent_matrix_mrs_core_MrsLogic_setClientVersio
08-29 00:24:10.281 V/libnb   (  817): enter native_bridge2_getTrampoline Java_com_tencent_matrix_mrs_core_MrsLogic_setClientVersion__J
08-29 00:24:10.281 V/libnb   (  817): enter native_bridge2_getTrampoline Java_com_tencent_matrix_mrs_core_MrsLogic_setClientVersio
08-29 00:24:10.281 V/libnb   (  817): enter native_bridge2_getTrampoline Java_com_tencent_matrix_mrs_core_MrsLogic_setClientVersion__J
08-29 00:24:10.281 V/libnb   (  817): enter native_bridge2_getTrampoline Java_com_tencent_matrix_mrs_core_MrsLogic_setClientVersio
08-29 00:24:10.281 V/libnb   (  817): enter native_bridge2_getTrampoline Java_com_tencent_matrix_mrs_core_MrsLogic_setClientVersion__J
08-29 00:24:10.281 V/libnb   (  817): enter native_bridge2_getTrampoline Java_com_tencent_matrix_mrs_core_MrsLogic_setClientVersio
08-29 00:24:10.281 V/libnb   (  817): enter native_bridge2_getTrampoline Java_com_tencent_matrix_mrs_core_MrsLogic_setRevisio
08-29 00:24:10.281 V/libnb   (  817): enter native_bridge2_getTrampoline Java_com_tencent_matrix_mrs_core_MrsLogic_setRevision__Ljava_lang_String_2
08-29 00:24:10.281 V/libnb   (  817): enter native_bridge2_getTrampoline Java_com_tencent_matrix_mrs_core_MrsLogic_setRevisio
08-29 00:24:10.281 V/libnb   (  817): enter native_bridge2_getTrampoline Java_com_tencent_matrix_mrs_core_MrsLogic_setRevision__Ljava_lang_String_2
08-29 00:24:10.281 V/libnb   (  817): enter native_bridge2_getTrampoline Java_com_tencent_matrix_mrs_core_MrsLogic_setRevisio
08-29 00:24:10.281 V/libnb   (  817): enter native_bridge2_getTrampoline Java_com_tencent_matrix_mrs_core_MrsLogic_setRevision__Ljava_lang_String_2
08-29 00:24:10.281 V/libnb   (  817): enter native_bridge2_getTrampoline Java_com_tencent_matrix_mrs_core_MrsLogic_setRevisio
08-29 00:24:10.281 V/libnb   (  817): enter native_bridge2_getTrampoline Java_com_tencent_matrix_mrs_core_MrsLogic_setRevision__Ljava_lang_String_2
08-29 00:24:10.281 V/libnb   (  817): enter native_bridge2_getTrampoline Java_com_tencent_matrix_mrs_core_MrsLogic_setRevisio
08-29 00:24:10.281 V/libnb   (  817): enter native_bridge2_getTrampoline Java_com_tencent_matrix_mrs_core_MrsLogic_setRevision__Ljava_lang_String_2
08-29 00:24:10.281 V/libnb   (  817): enter native_bridge2_getTrampoline Java_com_tencent_matrix_mrs_core_MrsLogic_setRevisio
08-29 00:24:10.282 V/libnb   (  817): enter native_bridge2_getTrampoline Java_com_tencent_matrix_mrs_core_MrsLogic_setDebugFlag
08-29 00:24:10.282 V/libnb   (  817): enter native_bridge2_getTrampoline Java_com_tencent_matrix_mrs_core_MrsLogic_setDebugFlag__Z
08-29 00:24:10.282 V/libnb   (  817): enter native_bridge2_getTrampoline Java_com_tencent_matrix_mrs_core_MrsLogic_setDebugFlag
08-29 00:24:10.282 V/libnb   (  817): enter native_bridge2_getTrampoline Java_com_tencent_matrix_mrs_core_MrsLogic_setDebugFlag__Z
08-29 00:24:10.282 V/libnb   (  817): enter native_bridge2_getTrampoline Java_com_tencent_matrix_mrs_core_MrsLogic_setDebugFlag
08-29 00:24:10.282 V/libnb   (  817): enter native_bridge2_getTrampoline Java_com_tencent_matrix_mrs_core_MrsLogic_setDebugFlag__Z
08-29 00:24:10.282 V/libnb   (  817): enter native_bridge2_getTrampoline Java_com_tencent_matrix_mrs_core_MrsLogic_setDebugFlag
08-29 00:24:10.282 V/libnb   (  817): enter native_bridge2_getTrampoline Java_com_tencent_matrix_mrs_core_MrsLogic_setDebugFlag__Z
08-29 00:24:10.282 V/libnb   (  817): enter native_bridge2_getTrampoline Java_com_tencent_matrix_mrs_core_MrsLogic_setDebugFlag
08-29 00:24:10.282 V/libnb   (  817): enter native_bridge2_getTrampoline Java_com_tencent_matrix_mrs_core_MrsLogic_setDebugFlag__Z
08-29 00:24:10.282 V/libnb   (  817): enter native_bridge2_getTrampoline Java_com_tencent_matrix_mrs_core_MrsLogic_setDebugFlag
08-29 00:24:10.283 V/libnb   (  817): enter native_bridge2_getTrampoline Java_com_tencent_matrix_mrs_core_MrsLogic_setPhoneInfo
08-29 00:24:10.283 V/libnb   (  817): enter native_bridge2_getTrampoline Java_com_tencent_matrix_mrs_core_MrsLogic_setPhoneInfo__Lcom_tencent_matrix_mrs_core_MrsLogic_00024PhoneInfo_2
08-29 00:24:10.283 V/libnb   (  817): enter native_bridge2_getTrampoline Java_com_tencent_matrix_mrs_core_MrsLogic_setPhoneInfo
08-29 00:24:10.283 V/libnb   (  817): enter native_bridge2_getTrampoline Java_com_tencent_matrix_mrs_core_MrsLogic_setPhoneInfo__Lcom_tencent_matrix_mrs_core_MrsLogic_00024PhoneInfo_2
08-29 00:24:10.283 V/libnb   (  817): enter native_bridge2_getTrampoline Java_com_tencent_matrix_mrs_core_MrsLogic_setPhoneInfo
08-29 00:24:10.283 V/libnb   (  817): enter native_bridge2_getTrampoline Java_com_tencent_matrix_mrs_core_MrsLogic_setPhoneInfo__Lcom_tencent_matrix_mrs_core_MrsLogic_00024PhoneInfo_2
08-29 00:24:10.283 V/libnb   (  817): enter native_bridge2_getTrampoline Java_com_tencent_matrix_mrs_core_MrsLogic_setPhoneInfo
08-29 00:24:10.283 V/libnb   (  817): enter native_bridge2_getTrampoline Java_com_tencent_matrix_mrs_core_MrsLogic_setPhoneInfo__Lcom_tencent_matrix_mrs_core_MrsLogic_00024PhoneInfo_2
08-29 00:24:10.283 V/libnb   (  817): enter native_bridge2_getTrampoline Java_com_tencent_matrix_mrs_core_MrsLogic_setPhoneInfo
08-29 00:24:10.283 V/libnb   (  817): enter native_bridge2_getTrampoline Java_com_tencent_matrix_mrs_core_MrsLogic_setPhoneInfo__Lcom_tencent_matrix_mrs_core_MrsLogic_00024PhoneInfo_2
08-29 00:24:10.283 V/libnb   (  817): enter native_bridge2_getTrampoline Java_com_tencent_matrix_mrs_core_MrsLogic_setPhoneInfo
08-29 00:24:10.284 V/libnb   (  817): enter native_bridge2_isSupported /data/app/com.tencent.mm-1/lib/arm/libFFmpeg.so
08-29 00:24:10.284 D/libnb   (  817): enter native_bridge2_loadLibrary /data/app/com.tencent.mm-1/lib/arm/libFFmpeg.so
08-29 00:24:10.284 V/libnb   (  817): enter native_bridge2_getTrampoline Java_com_tencent_matrix_mrs_core_MrsLogic_setPublishType
08-29 00:24:10.325 V/libnb   (  817): enter native_bridge2_getTrampoline Java_com_tencent_matrix_mrs_core_MrsLogic_setPublishType__J
08-29 00:24:10.325 V/libnb   (  817): enter native_bridge2_getTrampoline Java_com_tencent_matrix_mrs_core_MrsLogic_setPublishType
08-29 00:24:10.325 D/houdini (  817): [1133] Added shared library /data/app/com.tencent.mm-1/lib/arm/libFFmpeg.so for ClassLoader by Native Bridge.
08-29 00:24:10.325 V/libnb   (  817): enter native_bridge2_getTrampoline Java_com_tencent_matrix_mrs_core_MrsLogic_setPublishType__J
08-29 00:24:10.325 V/libnb   (  817): enter native_bridge2_getTrampoline Java_com_tencent_matrix_mrs_core_MrsLogic_setPublishType
08-29 00:24:10.325 V/libnb   (  817): enter native_bridge2_getTrampoline Java_com_tencent_matrix_mrs_core_MrsLogic_setPublishType__J
08-29 00:24:10.325 V/libnb   (  817): enter native_bridge2_getTrampoline Java_com_tencent_matrix_mrs_core_MrsLogic_setPublishType
08-29 00:24:10.325 V/libnb   (  817): enter native_bridge2_getTrampoline Java_com_tencent_matrix_mrs_core_MrsLogic_setPublishType__J
08-29 00:24:10.325 V/libnb   (  817): enter native_bridge2_getTrampoline Java_com_tencent_matrix_mrs_core_MrsLogic_setPublishType
08-29 00:24:10.325 V/libnb   (  817): enter native_bridge2_getTrampoline Java_com_tencent_matrix_mrs_core_MrsLogic_setPublishType__J
08-29 00:24:10.325 V/libnb   (  817): enter native_bridge2_getTrampoline Java_com_tencent_matrix_mrs_core_MrsLogic_setPublishType
08-29 00:24:10.325 V/libnb   (  817): enter native_bridge2_getTrampoline JNI_OnLoad
08-29 00:24:10.330 V/libnb   (  817): enter native_bridge2_isSupported /data/app/com.tencent.mm-1/lib/arm/libtxmapengine.so
08-29 00:24:10.330 D/libnb   (  817): enter native_bridge2_loadLibrary /data/app/com.tencent.mm-1/lib/arm/libtxmapengine.so
08-29 00:24:10.372 D/houdini (  817): [1128] Added shared library /data/app/com.tencent.mm-1/lib/arm/libtxmapengine.so for ClassLoader by Native Bridge.
08-29 00:24:10.372 V/libnb   (  817): enter native_bridge2_getTrampoline JNI_OnLoad
08-29 00:24:10.375 V/libnb   (  817): enter native_bridge2_isSupported /data/app/com.tencent.mm-1/lib/arm/libwechatpack.so
08-29 00:24:10.377 D/libnb   (  817): enter native_bridge2_loadLibrary /data/app/com.tencent.mm-1/lib/arm/libwechatpack.so
08-29 00:24:10.384 V/libnb   (  817): enter native_bridge2_getTrampoline Java_com_tencent_mars_smc_SmcLogic_reportIDKey
08-29 00:24:10.386 V/libnb   (  817): enter native_bridge2_getTrampoline Java_com_tencent_mars_smc_SmcLogic_reportIDKey__JJJZ
08-29 00:24:10.386 V/libnb   (  817): enter native_bridge2_getTrampoline Java_com_tencent_mars_smc_SmcLogic_reportIDKey
08-29 00:24:10.386 V/libnb   (  817): enter native_bridge2_getTrampoline Java_com_tencent_mars_smc_SmcLogic_reportIDKey__JJJZ
08-29 00:24:10.386 V/libnb   (  817): enter native_bridge2_getTrampoline Java_com_tencent_mars_smc_SmcLogic_reportIDKey
08-29 00:24:10.386 V/libnb   (  817): enter native_bridge2_getTrampoline Java_com_tencent_mars_smc_SmcLogic_reportIDKey__JJJZ
08-29 00:24:10.386 V/libnb   (  817): enter native_bridge2_getTrampoline Java_com_tencent_mars_smc_SmcLogic_reportIDKey
08-29 00:24:10.386 V/libnb   (  817): enter native_bridge2_getTrampoline Java_com_tencent_mars_smc_SmcLogic_reportIDKey__JJJZ
08-29 00:24:10.386 V/libnb   (  817): enter native_bridge2_getTrampoline Java_com_tencent_mars_smc_SmcLogic_reportIDKey
08-29 00:24:10.386 V/libnb   (  817): enter native_bridge2_getTrampoline Java_com_tencent_mars_smc_SmcLogic_reportIDKey__JJJZ
08-29 00:24:10.386 V/libnb   (  817): enter native_bridge2_getTrampoline Java_com_tencent_mars_smc_SmcLogic_reportIDKey
08-29 00:24:10.386 V/libnb   (  817): enter native_bridge2_getTrampoline Java_com_tencent_mars_smc_SmcLogic_reportIDKey__JJJZ
08-29 00:24:10.386 V/libnb   (  817): enter native_bridge2_getTrampoline Java_com_tencent_mars_smc_SmcLogic_reportIDKey
08-29 00:24:10.386 V/libnb   (  817): enter native_bridge2_getTrampoline Java_com_tencent_mars_smc_SmcLogic_reportIDKey__JJJZ
08-29 00:24:10.386 V/libnb   (  817): enter native_bridge2_getTrampoline Java_com_tencent_mars_smc_SmcLogic_reportIDKey
08-29 00:24:10.386 V/libnb   (  817): enter native_bridge2_getTrampoline Java_com_tencent_mars_smc_SmcLogic_reportIDKey__JJJZ
08-29 00:24:10.386 V/libnb   (  817): enter native_bridge2_getTrampoline Java_com_tencent_mars_smc_SmcLogic_reportIDKey
08-29 00:24:10.386 V/libnb   (  817): enter native_bridge2_getTrampoline Java_com_tencent_mars_smc_SmcLogic_reportIDKey__JJJZ
08-29 00:24:10.386 V/libnb   (  817): enter native_bridge2_getTrampoline Java_com_tencent_mars_smc_SmcLogic_reportIDKey
08-29 00:24:10.386 V/libnb   (  817): enter native_bridge2_getTrampoline Java_com_tencent_mars_smc_SmcLogic_reportIDKey__JJJZ
08-29 00:24:10.386 V/libnb   (  817): enter native_bridge2_getTrampoline Java_com_tencent_mars_smc_SmcLogic_reportIDKey
08-29 00:24:10.386 V/libnb   (  817): enter native_bridge2_getTrampoline Java_com_tencent_mars_smc_SmcLogic_reportIDKey__JJJZ
08-29 00:24:10.386 V/libnb   (  817): enter native_bridge2_getTrampoline Java_com_tencent_mars_smc_SmcLogic_reportIDKey
08-29 00:24:10.386 V/libnb   (  817): enter native_bridge2_getTrampoline Java_com_tencent_mars_smc_SmcLogic_reportIDKey__JJJZ
08-29 00:24:10.386 V/libnb   (  817): enter native_bridge2_getTrampoline Java_com_tencent_mars_smc_SmcLogic_reportIDKey
08-29 00:24:10.386 V/libnb   (  817): enter native_bridge2_getTrampoline Java_com_tencent_mars_smc_SmcLogic_reportIDKey__JJJZ
08-29 00:24:10.386 V/libnb   (  817): enter native_bridge2_getTrampoline Java_com_tencent_mars_smc_SmcLogic_reportIDKey
08-29 00:24:10.386 V/libnb   (  817): enter native_bridge2_getTrampoline Java_com_tencent_mars_smc_SmcLogic_reportIDKey__JJJZ
08-29 00:24:10.387 V/libnb   (  817): enter native_bridge2_getTrampoline Java_com_tencent_mars_smc_SmcLogic_reportIDKey
08-29 00:24:10.387 V/libnb   (  817): enter native_bridge2_getTrampoline Java_com_tencent_mars_smc_SmcLogic_reportIDKey__JJJZ
08-29 00:24:10.387 V/libnb   (  817): enter native_bridge2_getTrampoline Java_com_tencent_mars_smc_SmcLogic_reportIDKey
08-29 00:24:10.387 V/libnb   (  817): enter native_bridge2_getTrampoline Java_com_tencent_mars_smc_SmcLogic_reportIDKey__JJJZ
08-29 00:24:10.387 V/libnb   (  817): enter native_bridge2_getTrampoline Java_com_tencent_mars_smc_SmcLogic_reportIDKey
08-29 00:24:10.401 D/houdini (  817): [1133] Added shared library /data/app/com.tencent.mm-1/lib/arm/libwechatpack.so for ClassLoader by Native Bridge.
08-29 00:24:10.401 V/libnb   (  817): enter native_bridge2_getTrampoline JNI_OnLoad
08-29 00:24:10.404 V/libnb   (  817): enter native_bridge2_isSupported /data/app/com.tencent.mm-1/lib/arm/libio-canary.so
08-29 00:24:10.404 D/libnb   (  817): enter native_bridge2_loadLibrary /data/app/com.tencent.mm-1/lib/arm/libio-canary.so
08-29 00:24:10.408 D/houdini (  817): [1129] Added shared library /data/app/com.tencent.mm-1/lib/arm/libio-canary.so for ClassLoader by Native Bridge.
08-29 00:24:10.408 V/libnb   (  817): enter native_bridge2_getTrampoline JNI_OnLoad
08-29 00:24:10.408 D/IOCanary.JNI(  817): JNI_OnLoad
08-29 00:24:10.410 D/IOCanary.JNI(  817): JNI_OnLoad done
08-29 00:24:10.411 V/libnb   (  817): enter native_bridge2_getTrampoline Java_com_tencent_matrix_iocanary_core_IOCanaryJniBridge_enableDetecto
08-29 00:24:10.411 V/libnb   (  817): enter native_bridge2_getTrampoline Java_com_tencent_matrix_iocanary_core_IOCanaryJniBridge_enableDetector__I
08-29 00:24:10.411 V/libnb   (  817): enter native_bridge2_getTrampoline Java_com_tencent_matrix_iocanary_core_IOCanaryJniBridge_enableDetecto
08-29 00:24:10.411 V/libnb   (  817): enter native_bridge2_getTrampoline Java_com_tencent_matrix_iocanary_core_IOCanaryJniBridge_enableDetector__I
08-29 00:24:10.411 V/libnb   (  817): enter native_bridge2_getTrampoline Java_com_tencent_matrix_iocanary_core_IOCanaryJniBridge_enableDetecto
08-29 00:24:10.411 V/libnb   (  817): enter native_bridge2_getTrampoline Java_com_tencent_matrix_iocanary_core_IOCanaryJniBridge_enableDetector__I
08-29 00:24:10.411 V/libnb   (  817): enter native_bridge2_getTrampoline Java_com_tencent_matrix_iocanary_core_IOCanaryJniBridge_enableDetecto
08-29 00:24:10.411 V/libnb   (  817): enter native_bridge2_getTrampoline Java_com_tencent_matrix_iocanary_core_IOCanaryJniBridge_enableDetector__I
08-29 00:24:10.411 V/libnb   (  817): enter native_bridge2_getTrampoline Java_com_tencent_matrix_iocanary_core_IOCanaryJniBridge_enableDetecto
08-29 00:24:10.411 V/libnb   (  817): enter native_bridge2_getTrampoline Java_com_tencent_matrix_iocanary_core_IOCanaryJniBridge_enableDetector__I
08-29 00:24:10.411 V/libnb   (  817): enter native_bridge2_getTrampoline Java_com_tencent_matrix_iocanary_core_IOCanaryJniBridge_enableDetecto
08-29 00:24:10.411 V/libnb   (  817): enter native_bridge2_getTrampoline Java_com_tencent_matrix_iocanary_core_IOCanaryJniBridge_enableDetector__I
08-29 00:24:10.411 V/libnb   (  817): enter native_bridge2_getTrampoline Java_com_tencent_matrix_iocanary_core_IOCanaryJniBridge_enableDetecto
08-29 00:24:10.412 V/libnb   (  817): enter native_bridge2_getTrampoline Java_com_tencent_matrix_iocanary_core_IOCanaryJniBridge_setConfig
08-29 00:24:10.412 V/libnb   (  817): enter native_bridge2_getTrampoline Java_com_tencent_matrix_iocanary_core_IOCanaryJniBridge_setConfig__IJ
