08-29 00:24:01.155 W/art     (  292): b7239000-b7264000 r-xp 00000000 08:06 1134       /system/lib/libexpat.so
08-29 00:24:01.155 W/art     (  292): b7264000-b7265000 ---p 00000000 00:00 0 
08-29 00:24:01.155 W/art     (  292): b7265000-b7267000 r--p 0002b000 08:06 1134       /system/lib/libexpat.so
08-29 00:24:01.155 W/art     (  292): b7267000-b7268000 rw-p 0002d000 08:06 1134       /system/lib/libexpat.so
08-29 00:24:01.155 W/art     (  292): b7268000-b72a7000 r-xp 00000000 08:06 1090       /system/lib/libandroidfw.so
08-29 00:24:01.155 W/art     (  292): b72a7000-b72a9000 r--p 0003e000 08:06 1090       /system/lib/libandroidfw.so
08-29 00:24:01.155 W/art     (  292): b72a9000-b72aa000 rw-p 00040000 08:06 1090       /system/lib/libandroidfw.so
08-29 00:24:01.155 W/art     (  292): b72aa000-b72ab000 r-xp 00000000 08:06 1189       /system/lib/libmemtrack.so
08-29 00:24:01.155 W/art     (  292): b72ab000-b72ac000 r--p 00000000 08:06 1189       /system/lib/libmemtrack.so
08-29 00:24:01.155 W/art     (  292): b72ac000-b72ad000 rw-p 00001000 08:06 1189       /system/lib/libmemtrack.so
08-29 00:24:01.155 W/art     (  292): b72ad000-b72b8000 r-xp 00000000 08:06 1105       /system/lib/libbacktrace.so
08-29 00:24:01.155 W/art     (  292): b72b8000-b72b9000 r--p 0000a000 08:06 1105       /system/lib/libbacktrace.so
08-29 00:24:01.155 W/art     (  292): b72b9000-b72ba000 rw-p 0000b000 08:06 1105       /system/lib/libbacktrace.so
08-29 00:24:01.155 W/art     (  292): b72ba000-b72f2000 r-xp 00000000 08:06 1181       /system/lib/libm.so
08-29 00:24:01.155 W/art     (  292): b72f2000-b72f3000 ---p 00000000 00:00 0 
08-29 00:24:01.155 W/art     (  292): b72f3000-b72f4000 r--p 00038000 08:06 1181       /system/lib/libm.so
08-29 00:24:01.155 W/art     (  292): b72f4000-b72f5000 rw-p 00039000 08:06 1181       /system/lib/libm.so
08-29 00:24:01.155 W/art     (  292): b72f5000-b73ea000 r-xp 00000000 08:06 1114       /system/lib/libc.so
08-29 00:24:01.155 W/art     (  292): b73ea000-b73eb000 ---p 00000000 00:00 0 
08-29 00:24:01.155 W/art     (  292): b73eb000-b73ef000 r--p 000f5000 08:06 1114       /system/lib/libc.so
08-29 00:24:01.155 W/art     (  292): b73ef000-b73f2000 rw-p 000f9000 08:06 1114       /system/lib/libc.so
08-29 00:24:01.155 W/art     (  292): b73f2000-b73fe000 rw-p 00000000 00:00 0 
08-29 00:24:01.155 W/art     (  292): b73fe000-b74e2000 r-xp 00000000 08:06 1113       /system/lib/libc++.so
08-29 00:24:01.155 W/art     (  292): b74e2000-b74e3000 ---p 00000000 00:00 0 
08-29 00:24:01.155 W/art     (  292): b74e3000-b74e7000 r--p 000e4000 08:06 1113       /system/lib/libc++.so
08-29 00:24:01.155 W/art     (  292): b74e7000-b74e8000 rw-p 000e8000 08:06 1113       /system/lib/libc++.so
08-29 00:24:01.155 W/art     (  292): b74e8000-b74e9000 rw-p 00000000 00:00 0 
08-29 00:24:01.155 W/art     (  292): b74e9000-b752b000 r-xp 00000000 08:06 1292       /system/lib/libwilhelm.s
08-29 00:24:01.155 W/art     (  292): o
08-29 00:24:01.155 W/art     (  292): b752b000-b752c000 ---p 00000000 00:00 0 
08-29 00:24:01.155 W/art     (  292): b752c000-b752f000 r--p 00042000 08:06 1292       /system/lib/libwilhelm.so
08-29 00:24:01.155 W/art     (  292): b752f000-b7530000 rw-p 00045000 08:06 1292       /system/lib/libwilhelm.so
08-29 00:24:01.155 W/art     (  292): b7530000-b76cb000 r-xp 00000000 08:06 1088       /system/lib/liba
08-29 00:24:01.155 W/art     (  292): ndroid_runtime.so
08-29 00:24:01.155 W/art     (  292): b76cb000-b76d3000 r--p 0019a000 08:06 1088       /system/lib/libandroid_runtime.so
08-29 00:24:01.155 W/art     (  292): b76d3000-b76db000 rw-p 001a2000 08:06 1088       /system/lib/libandroid_runtime.so
08-29 00:24:01.155 W/art     (  292): b76db000-b76dd000 rw-p 00000000 00:00 0 
08-29 00:24:01.155 W/art     (  292): b76dd000-b76de000 r--p 00000000 00:00 0 
08-29 00:24:01.155 W/art     (  292): b76de000-b76e1000 r--p 00000000 00:00 0 
08-29 00:24:01.155 W/art     (  292): b76e1000-b771c000 r-xp 00000000 08:06 1109       /system/lib/libbinder.so
08-29 00:24:01.155 W/art     (  292): b771c000-b771d000 ---p 00000000 00:00 0 
08-29 00:24:01.155 W/art     (  292): b771d000-b7724000 r--p 0003b000 08:06 1109       /system/lib/libbinder.so
08-29 00:24:01.155 W/art     (  292): b7724000-b7725000 rw-p 00042000 08:06 1109       /system/lib/libbi
08-29 00:24:01.155 W/art     (  292): der.so
08-29 00:24:01.155 W/art     (  292): b7725000-b772f000 r-xp 00000000 08:06 1179       /system/lib/liblog.so
08-29 00:24:01.155 W/art     (  292): b772f000-b7730000 r--p 00009000 08:06 1179       /system/lib/liblog.so
08-29 00:24:01.155 W/art     (  292): b7730000-b7731000 rw-p 0000a000 08:06 1179       /system/lib/liblog.so
08-29 00:24:01.155 W/art     (  292): b7731000-b7755000 r-xp 00000000 08:06 1285 
08-29 00:24:01.155 W/art     (  292):       /system/lib/libutils.so
08-29 00:24:01.155 W/art     (  292): b7755000-b7756000 ---p 00000000 00:00 0 
08-29 00:24:01.155 W/art     (  292): b7756000-b7757000 r--p 00024000 08:06 1285       /system/lib/libutils.so
08-29 00:24:01.155 W/art     (  292): b7757000-b7758000 rw-p 00025000 08:06 1285       /system/lib/libutils.so
08-29 00:24:01.155 W/art     (  292): b7758000-b7773000 r-xp 00000000 08:06 1124       /system/lib/libcutil
08-29 00:24:01.155 W/art     (  292): s.so
08-29 00:24:01.155 W/art     (  292): b7773000-b7774000 ---p 00000000 00:00 0 
08-29 00:24:01.155 W/art     (  292): b7774000-b7775000 r--p 0001b000 08:06 1124       /system/lib/libcutils.so
08-29 00:24:01.155 W/art     (  292): b7775000-b7776000 rw-p 0001c000 08:06 1124       /system/lib/libcutils.so
08-29 00:24:01.155 W/art     (  292): b7776000-b7778000 rw-p 00000000 00:00 0 
08-29 00:24:01.155 W/art     (  292): b7778000-b7779000 r--p 000
08-29 00:24:01.155 W/art     (  292): 00000 00:00 0 
08-29 00:24:01.155 W/art     (  292): b7779000-b777c000 rw-p 00000000 00:00 0 
08-29 00:24:01.155 W/art     (  292): b777c000-b777d000 r--p 00000000 00:00 0 
08-29 00:24:01.155 W/art     (  292): b777d000-b779d000 r--s 00000000 00:0e 9292       /dev/__properties__
08-29 00:24:01.155 W/art     (  292): b779d000-b779e000 ---p 00000000 00:00 0 
08-29 00:24:01.156 W/art     (  292): b779e000-b77a0000 rw-p 00000000 00:00 0 
08-29 00:24:01.156 W/art     (  292): b77a0000-b77a2000 r--p 
08-29 00:24:01.156 W/art     (  292): 00000000 00:00 0          [vvar]
08-29 00:24:01.156 W/art     (  292): b77a2000-b77a3000 r-xp 00000000 00:00 0          [vdso]
08-29 00:24:01.156 W/art     (  292): b77a3000-b77de000 r-xp 00000000 08:06 208        /system/bin/linke
08-29 00:24:01.156 W/art     (  292): b77de000-b77df000 r--p 00000000 00:00 0 
08-29 00:24:01.156 W/art     (  292): b77df000-b77e0000 r--p 0003b000 08:06 208        /system/bin/linke
08-29 00:24:01.156 W/art     (  292): b77e0000-b77e2000 rw-p 0003c000 08:06 208        /system/bin/linke
08-29 00:24:01.156 W/art     (  292): b77e2000-b77e6000 rw-p 00000000 00:00 0 
08-29 00:24:01.156 W/art     (  292): b77e6000-b77ea000 r-xp 00000000 08:06 96         /system/bin/app_process32
08-29 00:24:01.156 W/art     (  292): b77ea000-b77eb000 r--p 00003000 08:06 96         /system/bin/app_process32
08-29 00:24:01.156 W/art     (  292): b77eb000-b77ec000 rw-p 00000000 00:00 0 
08-29 00:24:01.156 W/art     (  292): bfd98000-bfdb9000 rw-p 00000000 00:00 0          [stack]
08-29 00:24:01.463 D/ICU     (  292): No timezone override file found: /data/misc/zoneinfo/current/icu/icu_tzdata.dat
08-29 00:24:01.603 D/SurfaceFlinger(  271): shader cache generated - 24 shaders in 956.982544 ms
"08-29 00:24:01.790 E/memtrack(  292): Couldn't load memtrack module (No such file or directory)\r\r\n"
08-29 00:24:01.790 E/android.os.Debug(  292): failed to load memtrack module: -2
08-29 00:24:01.793 I/Radio-JNI(  292): register_android_hardware_Radio DONE
08-29 00:24:01.848 I/SamplingProfilerIntegration(  292): Profiling disabled.
08-29 00:24:01.849 D/Zygote  (  292): begin preload
08-29 00:24:01.861 I/Zygote  (  292): Preloading classes...
08-29 00:24:01.873 D/idmap   (  475): error: no read access to /vendor/overlay: No such file or directory
08-29 00:24:01.941 E/ProbeModule(  489): cannot load dep file : (null)
08-29 00:24:01.967 E/ProbeModule(  491): cannot load dep file : (null)
08-29 00:24:02.016 I/Zygote  (  292): Preloading resources...
08-29 00:24:02.020 E/ProbeModule(  494): cannot load dep file : (null)
08-29 00:24:02.022 E/ProbeModule(  496): cannot load dep file : (null)
08-29 00:24:02.031 E/ProbeModule(  499): cannot load dep file : (null)
08-29 00:24:02.070 E/ProbeModule(  501): cannot load dep file : (null)
08-29 00:24:02.072 I/ServiceManager(  289): Waiting for service media.camera.proxy...
08-29 00:24:02.075 E/ProbeModule(  504): cannot load dep file : (null)
08-29 00:24:02.076 E/ProbeModule(  506): cannot load dep file : (null)
"08-29 00:24:02.077 I/iptables(  285): iptables v1.4.20: can't initialize iptables table `nat': Table does not exist (do you need to insmod?)\r\r\n"
08-29 00:24:02.077 I/iptables(  285): Perhaps iptables or your kernel needs to be upgraded.
08-29 00:24:02.077 I/iptables(  285): iptables terminated by exit(3)
08-29 00:24:02.077 W/Resources(  292): Preloaded drawable resource #0x1080096 (android:drawable/toast_frame) that varies with configuration!!
08-29 00:24:02.078 E/Netd    (  285): exec() res=0, status=768 for /system/bin/iptables -w -t nat -N oem_nat_pre 
08-29 00:24:02.079 W/Resources(  292): Preloaded drawable resource #0x108010c (android:drawable/btn_check_on_pressed_holo_light) that varies with configuration!!
08-29 00:24:02.080 W/Resources(  292): Preloaded drawable resource #0x108010b (android:drawable/btn_check_on_pressed_holo_dark) that varies with configuration!!
08-29 00:24:02.112 W/Resources(  292): Preloaded drawable resource #0x1080109 (android:drawable/btn_check_on_holo_light) that varies with configuration!!
08-29 00:24:02.113 E/ProbeModule(  509): cannot load dep file : (null)
08-29 00:24:02.113 W/Resources(  292): Preloaded drawable resource #0x1080108 (android:drawable/btn_check_on_holo_dark) that varies with configuration!!
08-29 00:24:02.114 E/ProbeModule(  511): cannot load dep file : (null)
08-29 00:24:02.114 W/Resources(  292): Preloaded drawable resource #0x1080106 (android:drawable/btn_check_on_focused_holo_light) that varies with configuration!!
08-29 00:24:02.115 W/Resources(  292): Preloaded drawable resource #0x1080105 (android:drawable/btn_check_on_focused_holo_dark) that varies with configuration!!
"08-29 00:24:02.115 I/iptables(  285): iptables v1.4.20: can't initialize iptables table `nat': Table does not exist (do you need to insmod?)\r\r\n"
08-29 00:24:02.115 I/iptables(  285): Perhaps iptables or your kernel needs to be upgraded.
08-29 00:24:02.115 I/iptables(  285): iptables terminated by exit(3)
08-29 00:24:02.115 E/Netd    (  285): exec() res=0, status=768 for /system/bin/iptables -w -t nat -A PREROUTING -j oem_nat_pre 
08-29 00:24:02.116 W/Resources(  292): Preloaded drawable resource #0x1080104 (android:drawable/btn_check_on_disabled_holo_light) that varies with configuration!!
08-29 00:24:02.116 W/Resources(  292): Preloaded drawable resource #0x1080103 (android:drawable/btn_check_on_disabled_holo_dark) that varies with configuration!!
08-29 00:24:02.117 W/Resources(  292): Preloaded drawable resource #0x1080102 (android:drawable/btn_check_on_disabled_focused_holo_light) that varies with configuration!!
08-29 00:24:02.117 W/Resources(  292): Preloaded drawable resource #0x1080101 (android:drawable/btn_check_on_disabled_focused_holo_dark) that varies with configuration!!
08-29 00:24:02.117 W/Resources(  292): Preloaded drawable resource #0x10800f9 (android:drawable/btn_check_off_pressed_holo_light) that varies with configuration!!
08-29 00:24:02.118 W/Resources(  292): Preloaded drawable resource #0x10800f8 (android:drawable/btn_check_off_pressed_holo_dark) that varies with configuration!!
08-29 00:24:02.118 W/Resources(  292): Preloaded drawable resource #0x10800f4 (android:drawable/btn_check_off_holo_light) that varies with configuration!!
08-29 00:24:02.119 W/Resources(  292): Preloaded drawable resource #0x10800f3 (android:drawable/btn_check_off_holo_dark) that varies with configuration!!
08-29 00:24:02.120 W/Resources(  292): Preloaded drawable resource #0x10800f1 (android:drawable/btn_check_off_focused_holo_light) that varies with configuration!!
08-29 00:24:02.121 E/ProbeModule(  514): cannot load dep file : (null)
08-29 00:24:02.122 W/Resources(  292): Preloaded drawable resource #0x10800f0 (android:drawable/btn_check_off_focused_holo_dark) that varies with configuration!!
08-29 00:24:02.122 E/ProbeModule(  516): cannot load dep file : (null)
08-29 00:24:02.122 W/Resources(  292): Preloaded drawable resource #0x10800ef (android:drawable/btn_check_off_disabled_holo_light) that varies with configuration!!
08-29 00:24:02.123 W/Resources(  292): Preloaded drawable resource #0x10800ee (android:drawable/btn_check_off_disabled_holo_dark) that varies with configuration!!
08-29 00:24:02.123 W/Resources(  292): Preloaded drawable resource #0x10800ed (android:drawable/btn_check_off_disabled_focused_holo_light) that varies with configuration!!
08-29 00:24:02.124 W/Resources(  292): Preloaded drawable resource #0x10800ec (android:drawable/btn_check_off_disabled_focused_holo_dark) that varies with configuration!!
08-29 00:24:02.127 W/Resources(  292): Preloaded drawable resource #0x1080109 (android:drawable/btn_check_on_holo_light) that varies with configuration!!
08-29 00:24:02.129 W/Resources(  292): Preloaded drawable resource #0x10800f4 (android:drawable/btn_check_off_holo_light) that varies with configuration!!
08-29 00:24:02.130 W/Resources(  292): Preloaded drawable resource #0x108010c (android:drawable/btn_check_on_pressed_holo_light) that varies with configuration!!
08-29 00:24:02.130 E/ProbeModule(  519): cannot load dep file : (null)
08-29 00:24:02.130 W/Resources(  292): Preloaded drawable resource #0x10800f9 (android:drawable/btn_check_off_pressed_holo_light) that varies with configuration!!
08-29 00:24:02.131 W/Resources(  292): Preloaded drawable resource #0x1080106 (android:drawable/btn_check_on_focused_holo_light) that varies with configuration!!
08-29 00:24:02.131 W/Resources(  292): Preloaded drawable resource #0x10800f1 (android:drawable/btn_check_off_focused_holo_light) that varies with configuration!!
08-29 00:24:02.131 E/ProbeModule(  521): cannot load dep file : (null)
08-29 00:24:02.131 W/Resources(  292): Preloaded drawable resource #0x10800f4 (android:drawable/btn_check_off_holo_light) that varies with configuration!!
08-29 00:24:02.132 W/Resources(  292): Preloaded drawable resource #0x1080109 (android:drawable/btn_check_on_holo_light) that varies with configuration!!
08-29 00:24:02.134 W/Resources(  292): Preloaded drawable resource #0x1080104 (android:drawable/btn_check_on_disabled_holo_light) that varies with configuration!!
08-29 00:24:02.136 W/Resources(  292): Preloaded drawable resource #0x10800ef (android:drawable/btn_check_off_disabled_holo_light) that varies with configuration!!
08-29 00:24:02.138 E/ProbeModule(  524): cannot load dep file : (null)
08-29 00:24:02.138 W/Resources(  292): Preloaded drawable resource #0x1080102 (android:drawable/btn_check_on_disabled_focused_holo_light) that varies with configuration!!
08-29 00:24:02.139 E/ProbeModule(  526): cannot load dep file : (null)
08-29 00:24:02.140 W/Resources(  292): Preloaded drawable resource #0x10800ed (android:drawable/btn_check_off_disabled_focused_holo_light) that varies with configuration!!
08-29 00:24:02.141 W/Resources(  292): Preloaded drawable resource #0x10800ef (android:drawable/btn_check_off_disabled_holo_light) that varies with configuration!!
08-29 00:24:02.141 W/Resources(  292): Preloaded drawable resource #0x1080104 (android:drawable/btn_check_on_disabled_holo_light) that varies with configuration!!
08-29 00:24:02.141 W/Resources(  292): Preloaded drawable resource #0x10800e2 (android:drawable/btn_check_holo_light) that varies with configuration!!
08-29 00:24:02.180 W/Resources(  292): Preloaded drawable resource #0x1080108 (android:drawable/btn_check_on_holo_dark) that varies with configuration!!
08-29 00:24:02.182 W/Resources(  292): Preloaded drawable resource #0x10800f3 (android:drawable/btn_check_off_holo_dark) that varies with configuration!!
08-29 00:24:02.182 W/Resources(  292): Preloaded drawable resource #0x108010b (android:drawable/btn_check_on_pressed_holo_dark) that varies with configuration!!
08-29 00:24:02.182 W/Resources(  292): Preloaded drawable resource #0x10800f8 (android:drawable/btn_check_off_pressed_holo_dark) that varies with configuration!!
08-29 00:24:02.184 W/Resources(  292): Preloaded drawable resource #0x1080105 (android:drawable/btn_check_on_focused_holo_dark) that varies with configuration!!
08-29 00:24:02.184 E/ProbeModule(  529): cannot load dep file : (null)
08-29 00:24:02.184 W/Resources(  292): Preloaded drawable resource #0x10800f0 (android:drawable/btn_check_off_focused_holo_dark) that varies with configuration!!
08-29 00:24:02.184 W/Resources(  292): Preloaded drawable resource #0x10800f3 (android:drawable/btn_check_off_holo_dark) that varies with configuration!!
08-29 00:24:02.185 W/Resources(  292): Preloaded drawable resource #0x1080108 (android:drawable/btn_check_on_holo_dark) that varies with configuration!!
08-29 00:24:02.185 W/Resources(  292): Preloaded drawable resource #0x1080103 (android:drawable/btn_check_on_disabled_holo_dark) that varies with configuration!!
08-29 00:24:02.186 E/ProbeModule(  531): cannot load dep file : (null)
08-29 00:24:02.186 W/Resources(  292): Preloaded drawable resource #0x10800ee (android:drawable/btn_check_off_disabled_holo_dark) that varies with configuration!!
"08-29 00:24:02.186 I/iptables(  285): iptables v1.4.20: can't initialize iptables table `nat': Table does not exist (do you need to insmod?)\r\r\n"
08-29 00:24:02.186 W/Resources(  292): Preloaded drawable resource #0x1080101 (android:drawable/btn_check_on_disabled_focused_holo_dark) that varies with configuration!!
08-29 00:24:02.187 I/iptables(  285): Perhaps iptables or your kernel needs to be upgraded.
08-29 00:24:02.187 I/iptables(  285): iptables terminated by exit(3)
08-29 00:24:02.187 E/Netd    (  285): exec() res=0, status=768 for /system/bin/iptables -w -t nat -N natctrl_nat_POSTROUTING 
08-29 00:24:02.187 W/Resources(  292): Preloaded drawable resource #0x10800ec (android:drawable/btn_check_off_disabled_focused_holo_dark) that varies with configuration!!
08-29 00:24:02.188 W/Resources(  292): Preloaded drawable resource #0x10800ee (android:drawable/btn_check_off_disabled_holo_dark) that varies with configuration!!
08-29 00:24:02.188 W/Resources(  292): Preloaded drawable resource #0x1080103 (android:drawable/btn_check_on_disabled_holo_dark) that varies with configuration!!
08-29 00:24:02.188 W/Resources(  292): Preloaded drawable resource #0x10800e1 (android:drawable/btn_check_holo_dark) that varies with configuration!!
08-29 00:24:02.190 W/Resources(  292): Preloaded drawable resource #0x108019d (android:drawable/btn_radio_on_pressed_holo_light) that varies with configuration!!
08-29 00:24:02.191 W/Resources(  292): Preloaded drawable resource #0x108019c (android:drawable/btn_radio_on_pressed_holo_dark) that varies with configuration!!
08-29 00:24:02.193 E/ProbeModule(  534): cannot load dep file : (null)
08-29 00:24:02.194 W/Resources(  292): Preloaded drawable resource #0x1080199 (android:drawable/btn_radio_on_holo_light) that varies with configuration!!
08-29 00:24:02.194 E/ProbeModule(  536): cannot load dep file : (null)
"08-29 00:24:02.195 I/iptables(  285): iptables v1.4.20: can't initialize iptables table `nat': Table does not exist (do you need to insmod?)\r\r\n"
08-29 00:24:02.195 I/iptables(  285): Perhaps iptables or your kernel needs to be upgraded.
08-29 00:24:02.195 I/iptables(  285): iptables terminated by exit(3)
08-29 00:24:02.231 E/Netd    (  285): exec() res=0, status=768 for /system/bin/iptables -w -t nat -A POSTROUTING -j natctrl_nat_POSTROUTING 
08-29 00:24:02.234 W/Resources(  292): Preloaded drawable resource #0x1080198 (android:drawable/btn_radio_on_holo_dark) that varies with configuration!!
08-29 00:24:02.236 W/Resources(  292): Preloaded drawable resource #0x1080196 (android:drawable/btn_radio_on_focused_holo_light) that varies with configuration!!
08-29 00:24:02.237 W/Resources(  292): Preloaded drawable resource #0x1080195 (android:drawable/btn_radio_on_focused_holo_dark) that varies with configuration!!
08-29 00:24:02.239 W/Resources(  292): Preloaded drawable resource #0x1080194 (android:drawable/btn_radio_on_disabled_holo_light) that varies with configuration!!
08-29 00:24:02.239 W/Resources(  292): Preloaded drawable resource #0x1080193 (android:drawable/btn_radio_on_disabled_holo_dark) that varies with configuration!!
08-29 00:24:02.240 W/Resources(  292): Preloaded drawable resource #0x1080192 (android:drawable/btn_radio_on_disabled_focused_holo_light) that varies with configuration!!
08-29 00:24:02.276 W/Resources(  292): Preloaded drawable resource #0x1080191 (android:drawable/btn_radio_on_disabled_focused_holo_dark) that varies with configuration!!
08-29 00:24:02.276 W/Resources(  292): Preloaded drawable resource #0x108018e (android:drawable/btn_radio_off_pressed_holo_light) that varies with configuration!!
08-29 00:24:02.277 W/Resources(  292): Preloaded drawable resource #0x108018d (android:drawable/btn_radio_off_pressed_holo_dark) that varies with configuration!!
08-29 00:24:02.278 W/Resources(  292): Preloaded drawable resource #0x108018b (android:drawable/btn_radio_off_holo_light) that varies with configuration!!
08-29 00:24:02.278 W/Resources(  292): Preloaded drawable resource #0x108018a (android:drawable/btn_radio_off_holo_dark) that varies with configuration!!
08-29 00:24:02.279 E/ProbeModule(  541): cannot load dep file : (null)
08-29 00:24:02.280 W/Resources(  292): Preloaded drawable resource #0x1080188 (android:drawable/btn_radio_off_focused_holo_light) that varies with configuration!!
08-29 00:24:02.280 W/Resources(  292): Preloaded drawable resource #0x1080187 (android:drawable/btn_radio_off_focused_holo_dark) that varies with configuration!!
08-29 00:24:02.281 W/Resources(  292): Preloaded drawable resource #0x1080186 (android:drawable/btn_radio_off_disabled_holo_light) that varies with configuration!!
08-29 00:24:02.281 E/ProbeModule(  543): cannot load dep file : (null)
08-29 00:24:02.281 W/Resources(  292): Preloaded drawable resource #0x1080185 (android:drawable/btn_radio_off_disabled_holo_dark) that varies with configuration!!
08-29 00:24:02.281 W/Resources(  292): Preloaded drawable resource #0x1080184 (android:drawable/btn_radio_off_disabled_focused_holo_light) that varies with configuration!!
08-29 00:24:02.283 W/Resources(  292): Preloaded drawable resource #0x1080183 (android:drawable/btn_radio_off_disabled_focused_holo_dark) that varies with configuration!!
08-29 00:24:02.286 W/Resources(  292): Preloaded drawable resource #0x108012e (android:drawable/btn_default_pressed_holo_light) that varies with configuration!!
08-29 00:24:02.287 W/Resources(  292): Preloaded drawable resource #0x108012d (android:drawable/btn_default_pressed_holo_dark) that varies with configuration!!
08-29 00:24:02.288 W/Resources(  292): Preloaded drawable resource #0x108012a (android:drawable/btn_default_normal_holo_light) that varies with configuration!!
08-29 00:24:02.289 W/Resources(  292): Preloaded drawable resource #0x1080129 (android:drawable/btn_default_normal_holo_dark) that varies with configuration!!
08-29 00:24:02.290 W/Resources(  292): Preloaded drawable resource #0x1080120 (android:drawable/btn_default_focused_holo_light) that varies with configuration!!
08-29 00:24:02.291 W/Resources(  292): Preloaded drawable resource #0x108011f (android:drawable/btn_default_focused_holo_dark) that varies with configuration!!
08-29 00:24:02.291 W/Resources(  292): Preloaded drawable resource #0x108011d (android:drawable/btn_default_disabled_holo_light) that varies with configuration!!
08-29 00:24:02.292 W/Resources(  292): Preloaded drawable resource #0x108011c (android:drawable/btn_default_disabled_holo_dark) that varies with configuration!!
08-29 00:24:02.293 W/Resources(  292): Preloaded drawable resource #0x108011a (android:drawable/btn_default_disabled_focused_holo_light) that varies with configuration!!
08-29 00:24:02.294 W/Resources(  292): Preloaded drawable resource #0x1080119 (android:drawable/btn_default_disabled_focused_holo_dark) that varies with configuration!!
08-29 00:24:02.295 W/Resources(  292): Preloaded drawable resource #0x1080129 (android:drawable/btn_default_normal_holo_dark) that varies with configuration!!
08-29 00:24:02.295 W/Resources(  292): Preloaded drawable resource #0x108011c (android:drawable/btn_default_disabled_holo_dark) that varies with configuration!!
08-29 00:24:02.297 W/Resources(  292): Preloaded drawable resource #0x108012d (android:drawable/btn_default_pressed_holo_dark) that varies with configuration!!
08-29 00:24:02.297 W/Resources(  292): Preloaded drawable resource #0x108011f (android:drawable/btn_default_focused_holo_dark) that varies with configuration!!
08-29 00:24:02.298 W/Resources(  292): Preloaded drawable resource #0x1080129 (android:drawable/btn_default_normal_holo_dark) that varies with configuration!!
08-29 00:24:02.298 W/Resources(  292): Preloaded drawable resource #0x1080119 (android:drawable/btn_default_disabled_focused_holo_dark) that varies with configuration!!
08-29 00:24:02.299 W/Resources(  292): Preloaded drawable resource #0x108011c (android:drawable/btn_default_disabled_holo_dark) that varies with configuration!!
08-29 00:24:02.299 W/Resources(  292): Preloaded drawable resource #0x1080121 (android:drawable/btn_default_holo_dark) that varies with configuration!!
08-29 00:24:02.302 W/Resources(  292): Preloaded drawable resource #0x108012a (android:drawable/btn_default_normal_holo_light) that varies with configuration!!
08-29 00:24:02.303 W/Resources(  292): Preloaded drawable resource #0x108011d (android:drawable/btn_default_disabled_holo_light) that varies with configuration!!
08-29 00:24:02.304 W/Resources(  292): Preloaded drawable resource #0x108012e (android:drawable/btn_default_pressed_holo_light) that varies with configuration!!
08-29 00:24:02.304 W/Resources(  292): Preloaded drawable resource #0x1080120 (android:drawable/btn_default_focused_holo_light) that varies with configuration!!
08-29 00:24:02.305 W/Resources(  292): Preloaded drawable resource #0x108012a (android:drawable/btn_default_normal_holo_light) that varies with configuration!!
08-29 00:24:02.305 W/Resources(  292): Preloaded drawable resource #0x108011a (android:drawable/btn_default_disabled_focused_holo_light) that varies with configuration!!
08-29 00:24:02.306 W/Resources(  292): Preloaded drawable resource #0x108011d (android:drawable/btn_default_disabled_holo_light) that varies with configuration!!
08-29 00:24:02.306 W/Resources(  292): Preloaded drawable resource #0x1080122 (android:drawable/btn_default_holo_light) that varies with configuration!!
08-29 00:24:02.309 W/Resources(  292): Preloaded drawable resource #0x10801fe (android:drawable/btn_star_off_normal_holo_light) that varies with configuration!!
08-29 00:24:02.311 W/Resources(  292): Preloaded drawable resource #0x1080208 (android:drawable/btn_star_on_normal_holo_light) that varies with configuration!!
08-29 00:24:02.347 W/Resources(  292): Preloaded drawable resource #0x1080204 (android:drawable/btn_star_on_disabled_holo_light) that varies with configuration!!
08-29 00:24:02.350 W/Resources(  292): Preloaded drawable resource #0x10801fa (android:drawable/btn_star_off_disabled_holo_light) that varies with configuration!!
08-29 00:24:02.352 W/Resources(  292): Preloaded drawable resource #0x108020a (android:drawable/btn_star_on_pressed_holo_light) that varies with configuration!!
08-29 00:24:02.353 W/Resources(  292): Preloaded drawable resource #0x1080200 (android:drawable/btn_star_off_pressed_holo_light) that varies with configuration!!
08-29 00:24:02.354 W/Resources(  292): Preloaded drawable resource #0x1080206 (android:drawable/btn_star_on_focused_holo_light) that varies with configuration!!
08-29 00:24:02.356 W/Resources(  292): Preloaded drawable resource #0x10801fc (android:drawable/btn_star_off_focused_holo_light) that varies with configuration!!
08-29 00:24:02.358 W/Resources(  292): Preloaded drawable resource #0x1080202 (android:drawable/btn_star_on_disabled_focused_holo_light) that varies with configuration!!
08-29 00:24:02.359 W/Resources(  292): Preloaded drawable resource #0x10801f8 (android:drawable/btn_star_off_disabled_focused_holo_light) that varies with configuration!!
08-29 00:24:02.361 W/Resources(  292): Preloaded drawable resource #0x10801fe (android:drawable/btn_star_off_normal_holo_light) that varies with configuration!!
08-29 00:24:02.362 W/Resources(  292): Preloaded drawable resource #0x1080208 (android:drawable/btn_star_on_normal_holo_light) that varies with configuration!!
08-29 00:24:02.362 W/Resources(  292): Preloaded drawable resource #0x1080204 (android:drawable/btn_star_on_disabled_holo_light) that varies with configuration!!
08-29 00:24:02.363 W/Resources(  292): Preloaded drawable resource #0x10801fa (android:drawable/btn_star_off_disabled_holo_light) that varies with configuration!!
08-29 00:24:02.365 W/Resources(  292): Preloaded drawable resource #0x108020a (android:drawable/btn_star_on_pressed_holo_light) that varies with configuration!!
08-29 00:24:02.366 W/Resources(  292): Preloaded drawable resource #0x1080200 (android:drawable/btn_star_off_pressed_holo_light) that varies with configuration!!
08-29 00:24:02.367 W/Resources(  292): Preloaded drawable resource #0x1080206 (android:drawable/btn_star_on_focused_holo_light) that varies with configuration!!
08-29 00:24:02.369 W/Resources(  292): Preloaded drawable resource #0x10801fc (android:drawable/btn_star_off_focused_holo_light) that varies with configuration!!
08-29 00:24:02.371 W/Resources(  292): Preloaded drawable resource #0x1080202 (android:drawable/btn_star_on_disabled_focused_holo_light) that varies with configuration!!
08-29 00:24:02.372 W/Resources(  292): Preloaded drawable resource #0x1080204 (android:drawable/btn_star_on_disabled_holo_light) that varies with configuration!!
08-29 00:24:02.373 W/Resources(  292): Preloaded drawable resource #0x10801f8 (android:drawable/btn_star_off_disabled_focused_holo_light) that varies with configuration!!
08-29 00:24:02.374 W/Resources(  292): Preloaded drawable resource #0x10801fa (android:drawable/btn_star_off_disabled_holo_light) that varies with configuration!!
08-29 00:24:02.375 W/Resources(  292): Preloaded drawable resource #0x10801fe (android:drawable/btn_star_off_normal_holo_light) that varies with configuration!!
08-29 00:24:02.377 W/Resources(  292): Preloaded drawable resource #0x1080208 (android:drawable/btn_star_on_normal_holo_light) that varies with configuration!!
08-29 00:24:02.377 W/Resources(  292): Preloaded drawable resource #0x10801f3 (android:drawable/btn_star_holo_light) that varies with configuration!!
08-29 00:24:02.378 W/Resources(  292): Preloaded drawable resource #0x10801fd (android:drawable/btn_star_off_normal_holo_dark) that varies with configuration!!
08-29 00:24:02.378 W/Resources(  292): Preloaded drawable resource #0x1080207 (android:drawable/btn_star_on_normal_holo_dark) that varies with configuration!!
08-29 00:24:02.379 W/Resources(  292): Preloaded drawable resource #0x1080203 (android:drawable/btn_star_on_disabled_holo_dark) that varies with configuration!!
08-29 00:24:02.380 W/Resources(  292): Preloaded drawable resource #0x10801f9 (android:drawable/btn_star_off_disabled_holo_dark) that varies with configuration!!
08-29 00:24:02.381 W/Resources(  292): Preloaded drawable resource #0x1080209 (android:drawable/btn_star_on_pressed_holo_dark) that varies with configuration!!
08-29 00:24:02.382 W/Resources(  292): Preloaded drawable resource #0x10801ff (android:drawable/btn_star_off_pressed_holo_dark) that varies with configuration!!
08-29 00:24:02.383 W/Resources(  292): Preloaded drawable resource #0x1080205 (android:drawable/btn_star_on_focused_holo_dark) that varies with configuration!!
08-29 00:24:02.384 W/Resources(  292): Preloaded drawable resource #0x10801fb (android:drawable/btn_star_off_focused_holo_dark) that varies with configuration!!
08-29 00:24:02.385 W/Resources(  292): Preloaded drawable resource #0x1080201 (android:drawable/btn_star_on_disabled_focused_holo_dark) that varies with configuration!!
08-29 00:24:02.387 W/Resources(  292): Preloaded drawable resource #0x10801f7 (android:drawable/btn_star_off_disabled_focused_holo_dark) that varies with configuration!!
08-29 00:24:02.387 W/Resources(  292): Preloaded drawable resource #0x10801fd (android:drawable/btn_star_off_normal_holo_dark) that varies with configuration!!
08-29 00:24:02.388 W/Resources(  292): Preloaded drawable resource #0x1080207 (android:drawable/btn_star_on_normal_holo_dark) that varies with configuration!!
08-29 00:24:02.390 W/Resources(  292): Preloaded drawable resource #0x1080203 (android:drawable/btn_star_on_disabled_holo_dark) that varies with configuration!!
08-29 00:24:02.431 W/Resources(  292): Preloaded drawable resource #0x10801f9 (android:drawable/btn_star_off_disabled_holo_dark) that varies with configuration!!
08-29 00:24:02.432 W/Resources(  292): Preloaded drawable resource #0x1080209 (android:drawable/btn_star_on_pressed_holo_dark) that varies with configuration!!
08-29 00:24:02.433 W/Resources(  292): Preloaded drawable resource #0x10801ff (android:drawable/btn_star_off_pressed_holo_dark) that varies with configuration!!
08-29 00:24:02.435 W/Resources(  292): Preloaded drawable resource #0x1080205 (android:drawable/btn_star_on_focused_holo_dark) that varies with configuration!!
08-29 00:24:02.435 W/Resources(  292): Preloaded drawable resource #0x10801fb (android:drawable/btn_star_off_focused_holo_dark) that varies with configuration!!
08-29 00:24:02.436 W/Resources(  292): Preloaded drawable resource #0x1080201 (android:drawable/btn_star_on_disabled_focused_holo_dark) that varies with configuration!!
08-29 00:24:02.438 W/Resources(  292): Preloaded drawable resource #0x1080203 (android:drawable/btn_star_on_disabled_holo_dark) that varies with configuration!!
08-29 00:24:02.439 W/Resources(  292): Preloaded drawable resource #0x10801f7 (android:drawable/btn_star_off_disabled_focused_holo_dark) that varies with configuration!!
08-29 00:24:02.440 W/Resources(  292): Preloaded drawable resource #0x10801f9 (android:drawable/btn_star_off_disabled_holo_dark) that varies with configuration!!
08-29 00:24:02.441 W/Resources(  292): Preloaded drawable resource #0x10801fd (android:drawable/btn_star_off_normal_holo_dark) that varies with configuration!!
08-29 00:24:02.442 W/Resources(  292): Preloaded drawable resource #0x1080207 (android:drawable/btn_star_on_normal_holo_dark) that varies with configuration!!
08-29 00:24:02.443 W/Resources(  292): Preloaded drawable resource #0x10801f2 (android:drawable/btn_star_holo_dark) that varies with configuration!!
08-29 00:24:02.443 W/Resources(  292): Preloaded drawable resource #0x108023d (android:drawable/btn_toggle_on_pressed_holo_light) that varies with configuration!!
08-29 00:24:02.444 W/Resources(  292): Preloaded drawable resource #0x108023c (android:drawable/btn_toggle_on_pressed_holo_dark) that varies with configuration!!
08-29 00:24:02.446 W/Resources(  292): Preloaded drawable resource #0x108023b (android:drawable/btn_toggle_on_normal_holo_light) that varies with configuration!!
08-29 00:24:02.447 W/Resources(  292): Preloaded drawable resource #0x108023a (android:drawable/btn_toggle_on_normal_holo_dark) that varies with configuration!!
08-29 00:24:02.449 W/Resources(  292): Preloaded drawable resource #0x1080239 (android:drawable/btn_toggle_on_focused_holo_light) that varies with configuration!!
08-29 00:24:02.449 W/Resources(  292): Preloaded drawable resource #0x1080238 (android:drawable/btn_toggle_on_focused_holo_dark) that varies with configuration!!
08-29 00:24:02.450 W/Resources(  292): Preloaded drawable resource #0x1080237 (android:drawable/btn_toggle_on_disabled_holo_light) that varies with configuration!!
08-29 00:24:02.451 W/Resources(  292): Preloaded drawable resource #0x1080236 (android:drawable/btn_toggle_on_disabled_holo_dark) that varies with configuration!!
08-29 00:24:02.451 W/Resources(  292): Preloaded drawable resource #0x1080235 (android:drawable/btn_toggle_on_disabled_focused_holo_light) that varies with configuration!!
08-29 00:24:02.453 W/Resources(  292): Preloaded drawable resource #0x1080234 (android:drawable/btn_toggle_on_disabled_focused_holo_dark) that varies with configuration!!
08-29 00:24:02.454 W/Resources(  292): Preloaded drawable resource #0x1080232 (android:drawable/btn_toggle_off_pressed_holo_light) that varies with configuration!!
08-29 00:24:02.454 W/Resources(  292): Preloaded drawable resource #0x1080231 (android:drawable/btn_toggle_off_pressed_holo_dark) that varies with configuration!!
08-29 00:24:02.455 W/Resources(  292): Preloaded drawable resource #0x1080230 (android:drawable/btn_toggle_off_normal_holo_light) that varies with configuration!!
08-29 00:24:02.455 W/Resources(  292): Preloaded drawable resource #0x108022f (android:drawable/btn_toggle_off_normal_holo_dark) that varies with configuration!!
08-29 00:24:02.456 W/Resources(  292): Preloaded drawable resource #0x108022e (android:drawable/btn_toggle_off_focused_holo_light) that varies with configuration!!
08-29 00:24:02.456 W/Resources(  292): Preloaded drawable resource #0x108022d (android:drawable/btn_toggle_off_focused_holo_dark) that varies with configuration!!
08-29 00:24:02.457 W/Resources(  292): Preloaded drawable resource #0x108022c (android:drawable/btn_toggle_off_disabled_holo_light) that varies with configuration!!
08-29 00:24:02.457 W/Resources(  292): Preloaded drawable resource #0x108022b (android:drawable/btn_toggle_off_disabled_holo_dark) that varies with configuration!!
08-29 00:24:02.457 W/Resources(  292): Preloaded drawable resource #0x108022a (android:drawable/btn_toggle_off_disabled_focused_holo_light) that varies with configuration!!
08-29 00:24:02.458 W/Resources(  292): Preloaded drawable resource #0x1080229 (android:drawable/btn_toggle_off_disabled_focused_holo_dark) that varies with configuration!!
08-29 00:24:02.458 W/Resources(  292): Preloaded drawable resource #0x108023b (android:drawable/btn_toggle_on_normal_holo_light) that varies with configuration!!
08-29 00:24:02.459 W/Resources(  292): Preloaded drawable resource #0x1080237 (android:drawable/btn_toggle_on_disabled_holo_light) that varies with configuration!!
08-29 00:24:02.460 W/Resources(  292): Preloaded drawable resource #0x108023d (android:drawable/btn_toggle_on_pressed_holo_light) that varies with configuration!!
08-29 00:24:02.460 W/Resources(  292): Preloaded drawable resource #0x1080239 (android:drawable/btn_toggle_on_focused_holo_light) that varies with configuration!!
08-29 00:24:02.460 I/OemIptablesHook(  285): OEM iptable hook installed.
08-29 00:24:02.462 W/Resources(  292): Preloaded drawable resource #0x108023b (android:drawable/btn_toggle_on_normal_holo_light) that varies with configuration!!
08-29 00:24:02.462 W/Resources(  292): Preloaded drawable resource #0x1080235 (android:drawable/btn_toggle_on_disabled_focused_holo_light) that varies with configuration!!
08-29 00:24:02.462 W/Resources(  292): Preloaded drawable resource #0x1080237 (android:drawable/btn_toggle_on_disabled_holo_light) that varies with configuration!!
08-29 00:24:02.463 W/Resources(  292): Preloaded drawable resource #0x1080230 (android:drawable/btn_toggle_off_normal_holo_light) that varies with configuration!!
08-29 00:24:02.463 W/Resources(  292): Preloaded drawable resource #0x108022c (android:drawable/btn_toggle_off_disabled_holo_light) that varies with configuration!!
08-29 00:24:02.464 W/Resources(  292): Preloaded drawable resource #0x1080232 (android:drawable/btn_toggle_off_pressed_holo_light) that varies with configuration!!
08-29 00:24:02.465 W/Resources(  292): Preloaded drawable resource #0x108022e (android:drawable/btn_toggle_off_focused_holo_light) that varies with configuration!!
08-29 00:24:02.465 W/Resources(  292): Preloaded drawable resource #0x1080230 (android:drawable/btn_toggle_off_normal_holo_light) that varies with configuration!!
08-29 00:24:02.466 W/Resources(  292): Preloaded drawable resource #0x108022a (android:drawable/btn_toggle_off_disabled_focused_holo_light) that varies with configuration!!
08-29 00:24:02.467 W/Resources(  292): Preloaded drawable resource #0x108022c (android:drawable/btn_toggle_off_disabled_holo_light) that varies with configuration!!
08-29 00:24:02.467 W/Resources(  292): Preloaded drawable resource #0x1080226 (android:drawable/btn_toggle_holo_light) that varies with configuration!!
08-29 00:24:02.469 W/Resources(  292): Preloaded drawable resource #0x108023a (android:drawable/btn_toggle_on_normal_holo_dark) that varies with configuration!!
08-29 00:24:02.470 W/Resources(  292): Preloaded drawable resource #0x1080236 (android:drawable/btn_toggle_on_disabled_holo_dark) that varies with configuration!!
08-29 00:24:02.471 W/Resources(  292): Preloaded drawable resource #0x108023c (android:drawable/btn_toggle_on_pressed_holo_dark) that varies with configuration!!
08-29 00:24:02.509 W/Resources(  292): Preloaded drawable resource #0x1080238 (android:drawable/btn_toggle_on_focused_holo_dark) that varies with configuration!!
08-29 00:24:02.531 W/Resources(  292): Preloaded drawable resource #0x108023a (android:drawable/btn_toggle_on_normal_holo_dark) that varies with configuration!!
08-29 00:24:02.532 W/Resources(  292): Preloaded drawable resource #0x1080234 (android:drawable/btn_toggle_on_disabled_focused_holo_dark) that varies with configuration!!
08-29 00:24:02.533 W/Resources(  292): Preloaded drawable resource #0x1080236 (android:drawable/btn_toggle_on_disabled_holo_dark) that varies with configuration!!
08-29 00:24:02.534 W/Resources(  292): Preloaded drawable resource #0x108022f (android:drawable/btn_toggle_off_normal_holo_dark) that varies with configuration!!
08-29 00:24:02.535 W/Resources(  292): Preloaded drawable resource #0x108022b (android:drawable/btn_toggle_off_disabled_holo_dark) that varies with configuration!!
08-29 00:24:02.535 W/Resources(  292): Preloaded drawable resource #0x1080231 (android:drawable/btn_toggle_off_pressed_holo_dark) that varies with configuration!!
08-29 00:24:02.536 W/Resources(  292): Preloaded drawable resource #0x108022d (android:drawable/btn_toggle_off_focused_holo_dark) that varies with configuration!!
08-29 00:24:02.539 W/Resources(  292): Preloaded drawable resource #0x108022f (android:drawable/btn_toggle_off_normal_holo_dark) that varies with configuration!!
08-29 00:24:02.540 W/Resources(  292): Preloaded drawable resource #0x1080229 (android:drawable/btn_toggle_off_disabled_focused_holo_dark) that varies with configuration!!
08-29 00:24:02.541 W/Resources(  292): Preloaded drawable resource #0x108022b (android:drawable/btn_toggle_off_disabled_holo_dark) that varies with configuration!!
08-29 00:24:02.541 W/Resources(  292): Preloaded drawable resource #0x1080225 (android:drawable/btn_toggle_holo_dark) that varies with configuration!!
08-29 00:24:02.542 W/Resources(  292): Preloaded drawable resource #0x108070d (android:drawable/textfield_multiline_default_holo_light) that varies with configuration!!
08-29 00:24:02.544 W/Resources(  292): Preloaded drawable resource #0x1080711 (android:drawable/textfield_multiline_disabled_holo_light) that varies with configuration!!
08-29 00:24:02.546 W/Resources(  292): Preloaded drawable resource #0x108070b (android:drawable/textfield_multiline_activated_holo_light) that varies with configuration!!
08-29 00:24:02.547 W/Resources(  292): Preloaded drawable resource #0x1080713 (android:drawable/textfield_multiline_focused_holo_light) that varies with configuration!!
08-29 00:24:02.547 W/Resources(  292): Preloaded drawable resource #0x108070d (android:drawable/textfield_multiline_default_holo_light) that varies with configuration!!
08-29 00:24:02.549 W/Resources(  292): Preloaded drawable resource #0x108070f (android:drawable/textfield_multiline_disabled_focused_holo_light) that varies with configuration!!
08-29 00:24:02.549 W/Resources(  292): Preloaded drawable resource #0x1080711 (android:drawable/textfield_multiline_disabled_holo_light) that varies with configuration!!
08-29 00:24:02.550 W/Resources(  292): Preloaded drawable resource #0x10806ff (android:drawable/textfield_default_holo_light) that varies with configuration!!
08-29 00:24:02.550 W/Resources(  292): Preloaded drawable resource #0x1080705 (android:drawable/textfield_disabled_holo_light) that varies with configuration!!
08-29 00:24:02.550 W/Resources(  292): Preloaded drawable resource #0x10806f6 (android:drawable/textfield_activated_holo_light) that varies with configuration!!
08-29 00:24:02.551 W/Resources(  292): Preloaded drawable resource #0x1080708 (android:drawable/textfield_focused_holo_light) that varies with configuration!!
08-29 00:24:02.552 W/Resources(  292): Preloaded drawable resource #0x10806ff (android:drawable/textfield_default_holo_light) that varies with configuration!!
08-29 00:24:02.553 W/Resources(  292): Preloaded drawable resource #0x1080703 (android:drawable/textfield_disabled_focused_holo_light) that varies with configuration!!
08-29 00:24:02.553 W/Resources(  292): Preloaded drawable resource #0x1080705 (android:drawable/textfield_disabled_holo_light) that varies with configuration!!
08-29 00:24:02.553 W/Resources(  292): Preloaded drawable resource #0x10802a5 (android:drawable/edit_text_holo_light) that varies with configuration!!
08-29 00:24:02.553 W/Resources(  292): Preloaded drawable resource #0x108070c (android:drawable/textfield_multiline_default_holo_dark) that varies with configuration!!
08-29 00:24:02.554 W/Resources(  292): Preloaded drawable resource #0x1080710 (android:drawable/textfield_multiline_disabled_holo_dark) that varies with configuration!!
08-29 00:24:02.554 W/Resources(  292): Preloaded drawable resource #0x108070a (android:drawable/textfield_multiline_activated_holo_dark) that varies with configuration!!
08-29 00:24:02.554 W/Resources(  292): Preloaded drawable resource #0x1080712 (android:drawable/textfield_multiline_focused_holo_dark) that varies with configuration!!
08-29 00:24:02.554 W/Resources(  292): Preloaded drawable resource #0x108070c (android:drawable/textfield_multiline_default_holo_dark) that varies with configuration!!
08-29 00:24:02.555 W/Resources(  292): Preloaded drawable resource #0x108070e (android:drawable/textfield_multiline_disabled_focused_holo_dark) that varies with configuration!!
08-29 00:24:02.555 W/Resources(  292): Preloaded drawable resource #0x1080710 (android:drawable/textfield_multiline_disabled_holo_dark) that varies with configuration!!
08-29 00:24:02.556 W/Resources(  292): Preloaded drawable resource #0x10806fe (android:drawable/textfield_default_holo_dark) that varies with configuration!!
08-29 00:24:02.556 W/Resources(  292): Preloaded drawable resource #0x1080704 (android:drawable/textfield_disabled_holo_dark) that varies with configuration!!
08-29 00:24:02.557 W/Resources(  292): Preloaded drawable resource #0x10806f5 (android:drawable/textfield_activated_holo_dark) that varies with configuration!!
08-29 00:24:02.559 W/Resources(  292): Preloaded drawable resource #0x1080707 (android:drawable/textfield_focused_holo_dark) that varies with configuration!!
08-29 00:24:02.559 W/Resources(  292): Preloaded drawable resource #0x10806fe (android:drawable/textfield_default_holo_dark) that varies with configuration!!
08-29 00:24:02.561 W/Resources(  292): Preloaded drawable resource #0x1080702 (android:drawable/textfield_disabled_focused_holo_dark) that varies with configuration!!
08-29 00:24:02.562 W/Resources(  292): Preloaded drawable resource #0x1080704 (android:drawable/textfield_disabled_holo_dark) that varies with configuration!!
08-29 00:24:02.562 W/Resources(  292): Preloaded drawable resource #0x10802a4 (android:drawable/edit_text_holo_dark) that varies with configuration!!
08-29 00:24:02.565 W/Resources(  292): Preloaded drawable resource #0x10806ec (android:drawable/text_select_handle_left) that varies with configuration!!
08-29 00:24:02.566 W/Resources(  292): Preloaded drawable resource #0x10806f2 (android:drawable/text_select_handle_right) that varies with configuration!!
08-29 00:24:02.567 W/Resources(  292): Preloaded drawable resource #0x10806e9 (android:drawable/text_edit_paste_window) that varies with configuration!!
08-29 00:24:02.568 W/Resources(  292): Preloaded drawable resource #0x10802bc (android:drawable/expander_close_holo_dark) that varies with configuration!!
08-29 00:24:02.569 W/Resources(  292): Preloaded drawable resource #0x10802bd (android:drawable/expander_close_holo_light) that varies with configuration!!
08-29 00:24:02.569 W/Resources(  292): Preloaded drawable resource #0x10802bc (android:drawable/expander_close_holo_dark) that varies with configuration!!
08-29 00:24:02.569 E/ProbeModule(  562): cannot load dep file : (null)
08-29 00:24:02.570 W/Resources(  292): Preloaded drawable resource #0x10802c5 (android:drawable/expander_open_holo_dark) that varies with configuration!!
08-29 00:24:02.570 W/Resources(  292): Preloaded drawable resource #0x10802c0 (android:drawable/expander_group_holo_dark) that varies with configuration!!
08-29 00:24:02.570 W/Resources(  292): Preloaded drawable resource #0x10802bd (android:drawable/expander_close_holo_light) that varies with configuration!!
