08-29 00:24:10.412 V/libnb   (  817): enter native_bridge2_getTrampoline Java_com_tencent_matrix_iocanary_core_IOCanaryJniBridge_setConfig
08-29 00:24:10.412 V/libnb   (  817): enter native_bridge2_getTrampoline Java_com_tencent_matrix_iocanary_core_IOCanaryJniBridge_setConfig__IJ
08-29 00:24:10.412 V/libnb   (  817): enter native_bridge2_getTrampoline Java_com_tencent_matrix_iocanary_core_IOCanaryJniBridge_setConfig
08-29 00:24:10.412 V/libnb   (  817): enter native_bridge2_getTrampoline Java_com_tencent_matrix_iocanary_core_IOCanaryJniBridge_setConfig__IJ
08-29 00:24:10.412 V/libnb   (  817): enter native_bridge2_getTrampoline Java_com_tencent_matrix_iocanary_core_IOCanaryJniBridge_setConfig
08-29 00:24:10.412 V/libnb   (  817): enter native_bridge2_getTrampoline Java_com_tencent_matrix_iocanary_core_IOCanaryJniBridge_setConfig__IJ
08-29 00:24:10.412 V/libnb   (  817): enter native_bridge2_getTrampoline Java_com_tencent_matrix_iocanary_core_IOCanaryJniBridge_setConfig
08-29 00:24:10.412 V/libnb   (  817): enter native_bridge2_getTrampoline Java_com_tencent_matrix_iocanary_core_IOCanaryJniBridge_setConfig__IJ
08-29 00:24:10.412 V/libnb   (  817): enter native_bridge2_getTrampoline Java_com_tencent_matrix_iocanary_core_IOCanaryJniBridge_setConfig
08-29 00:24:10.412 V/libnb   (  817): enter native_bridge2_getTrampoline Java_com_tencent_matrix_iocanary_core_IOCanaryJniBridge_setConfig__IJ
08-29 00:24:10.412 V/libnb   (  817): enter native_bridge2_getTrampoline Java_com_tencent_matrix_iocanary_core_IOCanaryJniBridge_setConfig
08-29 00:24:10.412 V/libnb   (  817): enter native_bridge2_getTrampoline Java_com_tencent_matrix_iocanary_core_IOCanaryJniBridge_doHook
08-29 00:24:10.412 V/libnb   (  817): enter native_bridge2_getTrampoline Java_com_tencent_matrix_iocanary_core_IOCanaryJniBridge_doHook__
08-29 00:24:10.412 V/libnb   (  817): enter native_bridge2_getTrampoline Java_com_tencent_matrix_iocanary_core_IOCanaryJniBridge_doHook
08-29 00:24:10.412 V/libnb   (  817): enter native_bridge2_getTrampoline Java_com_tencent_matrix_iocanary_core_IOCanaryJniBridge_doHook__
08-29 00:24:10.412 V/libnb   (  817): enter native_bridge2_getTrampoline Java_com_tencent_matrix_iocanary_core_IOCanaryJniBridge_doHook
08-29 00:24:10.412 V/libnb   (  817): enter native_bridge2_getTrampoline Java_com_tencent_matrix_iocanary_core_IOCanaryJniBridge_doHook__
08-29 00:24:10.412 V/libnb   (  817): enter native_bridge2_getTrampoline Java_com_tencent_matrix_iocanary_core_IOCanaryJniBridge_doHook
08-29 00:24:10.412 V/libnb   (  817): enter native_bridge2_getTrampoline Java_com_tencent_matrix_iocanary_core_IOCanaryJniBridge_doHook__
08-29 00:24:10.412 V/libnb   (  817): enter native_bridge2_getTrampoline Java_com_tencent_matrix_iocanary_core_IOCanaryJniBridge_doHook
08-29 00:24:10.412 V/libnb   (  817): enter native_bridge2_getTrampoline Java_com_tencent_matrix_iocanary_core_IOCanaryJniBridge_doHook__
08-29 00:24:10.412 V/libnb   (  817): enter native_bridge2_getTrampoline Java_com_tencent_matrix_iocanary_core_IOCanaryJniBridge_doHook
08-29 00:24:10.412 V/libnb   (  817): enter native_bridge2_getTrampoline Java_com_tencent_matrix_iocanary_core_IOCanaryJniBridge_doHook__
08-29 00:24:10.412 V/libnb   (  817): enter native_bridge2_getTrampoline Java_com_tencent_matrix_iocanary_core_IOCanaryJniBridge_doHook
08-29 00:24:10.412 I/IOCanary.JNI(  817): doHook
08-29 00:24:10.412 I/IOCanary.JNI(  817): try to hook function in libopenjdkjvm.so.
08-29 00:24:10.418 V/libnb   (  817): enter native_bridge2_isSupported /data/app/com.tencent.mm-1/lib/arm/libwechatsight_v7a.so
08-29 00:24:10.418 D/libnb   (  817): enter native_bridge2_loadLibrary /data/app/com.tencent.mm-1/lib/arm/libwechatsight_v7a.so
08-29 00:24:10.471 D/BlueZ   (  289): external/bluetooth/bluez/android/hal-audio.c:audio_set_parameters() 
08-29 00:24:10.509 W/IOCanary.JNI(  817): Failure to open libopenjdkjvm.so, try next.
08-29 00:24:10.509 I/IOCanary.JNI(  817): try to hook function in libjavacore.so.
08-29 00:24:10.531 D/houdini (  817): [1133] Added shared library /data/app/com.tencent.mm-1/lib/arm/libwechatsight_v7a.so for ClassLoader by Native Bridge.
08-29 00:24:10.531 V/libnb   (  817): enter native_bridge2_getTrampoline JNI_OnLoad
08-29 00:24:10.532 W/IOCanary.JNI(  817): Failure to open libjavacore.so, try next.
08-29 00:24:10.533 I/IOCanary.JNI(  817): try to hook function in libopenjdk.so.
08-29 00:24:10.535 W/IOCanary.JNI(  817): Failure to open libopenjdk.so, try next.
08-29 00:24:10.535 I/IOCanary.JNI(  817): doHook done.
08-29 00:24:10.689 D/BluetoothManagerService(  653): Added callback: android.bluetooth.IBluetoothManagerCallback$Stub$Proxy@956ddda:true
08-29 00:24:10.690 D/Interception(  653): isMatchAirRule, callee air rule: runType===*|||callerPkg===*|||calleePkg===com.tencent.mm|||calleeClass===*|||action===*
08-29 00:24:10.690 D/Interception(  653): result: allow, reason: allow by air rule, rule: runType===broadcast|||callerPkg===android|||calleePkg===com.tencent.mm|||calleeClass===com.tencent.mm.booter.BluetoothReceiver|||action===android.media.ACTION_SCO_AUDIO_STATE_UPDATED
08-29 00:24:10.693 W/Interception(  653): result: deny, reason: deny by default category, rule: runType===broadcast|||callerPkg===android|||calleePkg===com.ss.android.article.news|||calleeClass===com.ss.android.downloadlib.core.download.DownloadReceiver|||action===android.intent.action.MEDIA_MOUNTED
08-29 00:24:10.701 W/Interception(  653): result: deny, reason: deny by default category, rule: runType===broadcast|||callerPkg===android|||calleePkg===com.ss.android.article.news|||calleeClass===android.support.v4.media.session.MediaButtonReceiver|||action===android.media.AUDIO_BECOMING_NOISY
08-29 00:24:10.702 W/Interception(  653): result: deny, reason: deny by default category, rule: runType===broadcast|||callerPkg===android|||calleePkg===com.jifen.qukan|||calleeClass===com.jifen.qukan.content.videodetail.VolumeBroadcastReceiver|||action===android.media.VOLUME_CHANGED_ACTION
08-29 00:24:10.702 W/Interception(  653): result: deny, reason: deny by default category, rule: runType===broadcast|||callerPkg===android|||calleePkg===com.jifen.qukan|||calleeClass===com.jifen.qukan.content.videodetail.VolumeBroadcastReceiver|||action===android.media.VOLUME_CHANGED_ACTION
08-29 00:24:10.740 W/Interception(  653): result: deny, reason: deny by default category, rule: runType===broadcast|||callerPkg===android|||calleePkg===io.appium.uiautomator2.server|||calleeClass===io.appium.uiautomator2.server.ServerInstrumentation$PowerConnectionReceiver|||action===android.intent.action.ACTION_POWER_DISCONNECTED
08-29 00:24:10.740 W/Interception(  653): result: deny, reason: deny by default category, rule: runType===broadcast|||callerPkg===android|||calleePkg===com.jifen.qukan|||calleeClass===com.igexin.sdk.PushReceiver|||action===android.intent.action.ACTION_POWER_DISCONNECTED
08-29 00:24:10.740 W/Interception(  653): result: deny, reason: deny by default category, rule: runType===broadcast|||callerPkg===android|||calleePkg===com.jifen.qukan|||calleeClass===io.rong.push.rongpush.PushReceiver|||action===android.intent.action.ACTION_POWER_DISCONNECTED
08-29 00:24:10.740 W/Interception(  653): result: deny, reason: deny by default category, rule: runType===broadcast|||callerPkg===android|||calleePkg===com.ss.android.article.news|||calleeClass===com.ss.android.message.MessageReceiver|||action===android.intent.action.ACTION_POWER_DISCONNECTED
08-29 00:24:10.740 D/Interception(  653): result: allow, reason: calleePkg is system app, rule: runType===broadcast|||callerPkg===android|||calleePkg===com.mumu.acc|||calleeClass===com.mumu.acc.AccMsgReceiver|||action===nemu.intent.action.NEW_TASK
08-29 00:24:10.741 D/AccService( 1194): AccMsgReceiver: nemu.intent.action.NEW_TASK
08-29 00:24:10.742 D/Interception(  653): result: allow, reason: calleePkg is system app, rule: runType===broadcast|||callerPkg===android|||calleePkg===com.netease.nemu_vapi_android.nemu|||calleeClass===com.netease.nemu_vapi_android.receiver.LaunchReceiver|||action===android.net.conn.CONNECTIVITY_CHANGE
08-29 00:24:10.742 I/boot_progress_receive(  876): 11305
08-29 00:24:10.742 I/boot_progress_receive(  876): broadcast: Intent { act=android.net.conn.CONNECTIVITY_CHANGE flg=0x4000010 cmp=com.netease.nemu_vapi_android.nemu/com.netease.nemu_vapi_android.receiver.LaunchReceiver (has extras) }
08-29 00:24:10.742 W/ContextImpl(  876): Calling a method in the system process without a qualified user: android.app.ContextImpl.startService:1242 android.content.ContextWrapper.startService:581 android.content.ContextWrapper.startService:581 com.netease.nemu_vapi_android.receiver.LaunchReceiver.onReceive:56 android.app.ActivityThread.handleReceiver:2752 
08-29 00:24:10.743 V/libnb   (  817): enter native_bridge2_isSupported /data/app/com.tencent.mm-1/lib/arm/libkinda_android.so
08-29 00:24:10.743 D/libnb   (  817): enter native_bridge2_loadLibrary /data/app/com.tencent.mm-1/lib/arm/libkinda_android.so
08-29 00:24:10.745 W/Interception(  653): result: deny, reason: deny by default category, rule: runType===broadcast|||callerPkg===android|||calleePkg===com.netease.cloudmusic|||calleeClass===com.xiaomi.push.service.receivers.NetworkStatusReceiver|||action===android.net.conn.CONNECTIVITY_CHANGE
08-29 00:24:10.745 W/Interception(  653): result: deny, reason: deny by default category, rule: runType===broadcast|||callerPkg===android|||calleePkg===com.jifen.qukan|||calleeClass===com.xiaomi.push.service.receivers.NetworkStatusReceiver|||action===android.net.conn.CONNECTIVITY_CHANGE
08-29 00:24:10.745 W/Interception(  653): result: deny, reason: deny by default category, rule: runType===broadcast|||callerPkg===android|||calleePkg===com.ss.android.article.news|||calleeClass===com.xiaomi.push.service.receivers.NetworkStatusReceiver|||action===android.net.conn.CONNECTIVITY_CHANGE
08-29 00:24:10.745 D/Interception(  653): result: allow, reason: calleePkg is system app, rule: runType===broadcast|||callerPkg===android|||calleePkg===com.android.providers.downloads|||calleeClass===com.android.providers.downloads.DownloadReceiver|||action===android.net.conn.CONNECTIVITY_CHANGE
08-29 00:24:10.748 D/Interception(  653): result: allow, reason: calleePkg is system app, rule: runType===retrieveService|||callerPkg===android|||calleePkg===com.android.providers.downloads|||calleeClass===com.android.providers.downloads.DownloadService|||action===null
08-29 00:24:10.748 D/Interception(  653): result: allow, reason: calleePkg is system app, rule: runType===broadcast|||callerPkg===android|||calleePkg===com.mumu.store|||calleeClass===fake.com.android.providers.downloads.DownloadReceiver|||action===android.net.conn.CONNECTIVITY_CHANGE
08-29 00:24:10.750 D/Interception(  653): result: allow, reason: calleePkg is system app, rule: runType===retrieveService|||callerPkg===android|||calleePkg===com.mumu.store|||calleeClass===fake.com.android.providers.downloads.DownloadService|||action===null
08-29 00:24:10.751 D/Interception(  653): isMatchAirRule, callee air rule: runType===*|||callerPkg===*|||calleePkg===com.tencent.mm|||calleeClass===*|||action===*
08-29 00:24:10.751 D/Interception(  653): result: allow, reason: allow by air rule, rule: runType===broadcast|||callerPkg===android|||calleePkg===com.tencent.mm|||calleeClass===com.tencent.mm.booter.MMReceivers$ConnectionReceiver|||action===android.net.conn.CONNECTIVITY_CHANGE
08-29 00:24:10.751 D/ActivityManager(  653): start process: com.tencent.mm:push, abi override: null, primary cpu abi: armeabi-v7a, forceToUseNativeBridge: true
08-29 00:24:10.751 D/ActivityManager(  653): start process: com.tencent.mm:push, cpu abi: armeabi-v7a, instructionSet: arm
08-29 00:24:10.754 I/art     ( 1244): Late-enabling JIT
08-29 00:24:10.754 D/libnb   ( 1244): enter native_bridge2_initialize /data/user/0/com.tencent.mm/code_cache arm
08-29 00:24:10.756 D/DownloadService( 1002): onCreate null
08-29 00:24:10.757 W/art     (  817): Method processed more than once: byte[] com.tencent.d.e.b.a.a.b.a.cx(byte[])
08-29 00:24:10.758 D/houdini ( 1244): [1244] Initialize library(version: 6.1.2d_x.48748 RELEASE)... successfully.
08-29 00:24:10.759 W/art     ( 1244): Unexpected CPU variant for X86 using defaults: x86
08-29 00:24:10.759 I/art     ( 1244): JIT created with code_cache_capacity=2MB compile_threshold=1000
08-29 00:24:10.761 I/Zygote  ( 1244): fake Product info com.tencent.mm:push not matched any patte
08-29 00:24:10.766 I/ActivityManager(  653): Start proc 1244:com.tencent.mm:push/u0a37 for broadcast com.tencent.mm/.booter.MMReceivers$ConnectionReceive
08-29 00:24:10.777 D/PackageManager(  653): trimGetPackagesForUid uid = 10037 result = [com.tencent.mm]
08-29 00:24:10.834 D/PackageManager(  653): trimGetPackagesForUid uid = 10037 result = [com.tencent.mm]
08-29 00:24:10.844 V/libnb   ( 1244): enter native_bridge2_isSupported /data/app/com.tencent.mm-1/lib/arm/libstlport_shared.so
08-29 00:24:10.844 D/libnb   ( 1244): enter native_bridge2_loadLibrary /data/app/com.tencent.mm-1/lib/arm/libstlport_shared.so
08-29 00:24:10.859 D/houdini (  817): [1132] Added shared library /data/app/com.tencent.mm-1/lib/arm/libkinda_android.so for ClassLoader by Native Bridge.
08-29 00:24:10.859 V/libnb   (  817): enter native_bridge2_getTrampoline JNI_OnLoad
08-29 00:24:10.859 D/JniHelper(  817): [KindaLib] jniInit
08-29 00:24:10.878 D/houdini ( 1244): [1244] Added shared library /system/lib/arm/libaudio_rawdata.so for ClassLoader by Native Bridge.
08-29 00:24:10.886 D/JniHelper(  817): [KindaLib] register_constructor_proxy_method
08-29 00:24:10.891 D/houdini ( 1244): [1244] Added shared library /data/app/com.tencent.mm-1/lib/arm/libstlport_shared.so for ClassLoader by Native Bridge.
08-29 00:24:10.891 V/libnb   ( 1244): enter native_bridge2_getTrampoline JNI_OnLoad
08-29 00:24:10.893 D/JniHelper(  817): [KindaLib] map_interface_default_constructor _classname  com.tencent.kinda.framework.widget.base.MMKDashLineView _interface kDashLineView
08-29 00:24:10.894 V/libnb   ( 1244): enter native_bridge2_isSupported /data/app/com.tencent.mm-1/lib/arm/libc++_shared.so
08-29 00:24:10.894 D/libnb   ( 1244): enter native_bridge2_loadLibrary /data/app/com.tencent.mm-1/lib/arm/libc++_shared.so
08-29 00:24:10.896 D/JniHelper(  817): [KindaLib] map_interface_default_constructor _classname  com.tencent.kinda.framework.widget.base.MMKImage _interface kImage
08-29 00:24:10.897 D/JniHelper(  817): [KindaLib] map_interface_default_constructor _classname  com.tencent.kinda.framework.widget.base.MMKOptionsPicker _interface kOptionPicke
08-29 00:24:10.897 D/JniHelper(  817): [KindaLib] map_interface_default_constructor _classname  com.tencent.kinda.framework.widget.base.KindaSecureEditTextImpl _interface kSecureEditText
08-29 00:24:10.899 D/JniHelper(  817): [KindaLib] map_interface_default_constructor _classname  com.tencent.kinda.framework.widget.base.MMKRichLabelView _interface kRichLabelView
08-29 00:24:10.900 D/JniHelper(  817): [KindaLib] map_interface_default_constructor _classname  com.tencent.kinda.framework.widget.base.MMMoneyInputText _interface kMoneyInputText
08-29 00:24:10.901 D/JniHelper(  817): [KindaLib] map_interface_default_constructor _classname  com.tencent.kinda.framework.widget.base.KindaCardNumberEditViewImpl _interface kCardNumberEditView
08-29 00:24:10.901 D/JniHelper(  817): [KindaLib] map_interface_default_constructor _classname  com.tencent.kinda.framework.widget.base.MMKListView _interface kListView
08-29 00:24:10.902 D/JniHelper(  817): [KindaLib] map_interface_default_constructor _classname  com.tencent.kinda.framework.widget.base.MMKLabelView _interface kLabelView
08-29 00:24:10.902 D/JniHelper(  817): [KindaLib] map_interface_default_constructor _classname  com.tencent.kinda.framework.widget.base.KindaBankCardTypePickerViewImpl _interface kBankCardTypePickerView
08-29 00:24:10.902 D/JniHelper(  817): [KindaLib] map_interface_default_constructor _classname  com.tencent.kinda.framework.widget.base.MMKProgressDialogImpl _interface kProgressDialog
08-29 00:24:10.903 D/JniHelper(  817): [KindaLib] map_interface_default_constructor _classname  com.tencent.kinda.framework.widget.base.KindaValidDatePickerView _interface kValidDatePickerView
08-29 00:24:10.903 D/JniHelper(  817): [KindaLib] map_interface_default_constructor _classname  com.tencent.kinda.framework.widget.base.MMKScrollView _interface kScrollView
08-29 00:24:10.903 D/houdini ( 1244): [1244] Added shared library /data/app/com.tencent.mm-1/lib/arm/libc++_shared.so for ClassLoader by Native Bridge.
08-29 00:24:10.903 V/libnb   ( 1244): enter native_bridge2_getTrampoline JNI_OnLoad
08-29 00:24:10.904 D/JniHelper(  817): [KindaLib] map_interface_default_constructor _classname  com.tencent.kinda.framework.widget.base.KindaSwitchViewImpl _interface kSwitchView
08-29 00:24:10.905 D/JniHelper(  817): [KindaLib] map_interface_default_constructor _classname  com.tencent.kinda.framework.widget.base.KindaRegionEditViewImpl _interface kRegionEditView
08-29 00:24:10.905 D/JniHelper(  817): [KindaLib] map_interface_default_constructor _classname  com.tencent.kinda.framework.widget.base.AlertDialogImpl _interface kAlertDialog
08-29 00:24:10.906 V/libnb   ( 1244): enter native_bridge2_isSupported /data/app/com.tencent.mm-1/lib/arm/libwechatxlog.so
08-29 00:24:10.906 D/libnb   ( 1244): enter native_bridge2_loadLibrary /data/app/com.tencent.mm-1/lib/arm/libwechatxlog.so
08-29 00:24:10.907 D/JniHelper(  817): [KindaLib] map_interface_default_constructor _classname  com.tencent.kinda.framework.widget.base.MMKRichText$MMKLink _interface kLink
08-29 00:24:10.907 D/JniHelper(  817): [KindaLib] map_interface_default_constructor _classname  com.tencent.kinda.framework.widget.base.MMKButton _interface kButto
08-29 00:24:10.909 D/JniHelper(  817): [KindaLib] map_interface_default_constructor _classname  com.tencent.kinda.framework.widget.base.KindaCardTypePickerView _interface kCardTypePickerView
08-29 00:24:10.909 D/JniHelper(  817): [KindaLib] map_interface_default_constructor _classname  com.tencent.kinda.framework.widget.base.KindaBankEditViewImpl _interface kBankEditView
08-29 00:24:10.910 D/JniHelper(  817): [KindaLib] map_interface_default_constructor _classname  com.tencent.kinda.framework.widget.base.KindaQRCodeViewImpl _interface KQRCodeView
08-29 00:24:10.913 D/JniHelper(  817): [KindaLib] map_interface_default_constructor _classname  com.tencent.kinda.framework.widget.base.MMKRichText _interface kText
08-29 00:24:10.913 D/JniHelper(  817): [KindaLib] map_interface_default_constructor _classname  com.tencent.kinda.framework.widget.base.KindaDatePickerView _interface kDatePickerView
08-29 00:24:10.914 D/JniHelper(  817): [KindaLib] map_interface_default_constructor _classname  com.tencent.kinda.framework.widget.base.MMInputTipAlert _interface kInputTipAlert
08-29 00:24:10.914 D/JniHelper(  817): [KindaLib] map_interface_default_constructor _classname  com.tencent.kinda.framework.widget.base.KindaPwdInputViewImpl _interface kPwdInputView
08-29 00:24:10.914 D/JniHelper(  817): [KindaLib] map_interface_default_constructor _classname  com.tencent.kinda.framework.widget.base.MMKImageView _interface kImageView
08-29 00:24:10.915 D/JniHelper(  817): [KindaLib] map_interface_default_constructor _classname  com.tencent.kinda.framework.widget.base.MMKViewLayout _interface kViewLayout
08-29 00:24:10.915 D/JniHelper(  817): [KindaLib] map_interface_default_constructor _classname  com.tencent.kinda.framework.widget.base.MMKView _interface kView
08-29 00:24:10.915 D/JniHelper(  817): [KindaLib] map_interface_default_constructor _classname  com.tencent.kinda.framework.widget.base.MMKAvatarImageView _interface kAvatarImageView
08-29 00:24:10.915 D/JniHelper(  817): [KindaLib] map_interface_default_constructor _classname  com.tencent.kinda.framework.widget.base.MMKEditText _interface kEditText
08-29 00:24:10.916 D/JniHelper(  817): [KindaLib] map_interface_default_constructor _classname  com.tencent.kinda.framework.widget.base.KindaBarCodeViewImpl _interface KBarCodeView
08-29 00:24:10.916 D/JniHelper(  817): [KindaLib] map_interface_default_constructor _classname  com.tencent.kinda.framework.widget.base.KindaPayEditTextImpl _interface kPayEditText
08-29 00:24:10.916 D/JniHelper(  817): [KindaLib] map_interface_default_constructor _classname  com.tencent.kinda.framework.widget.base.KindaCountPickerViewImpl _interface kCountPickerView
08-29 00:24:10.917 D/JniHelper(  817): [KindaLib] map_interface_default_constructor _classname  com.tencent.kinda.framework.widget.base.KindaPhoneEditTextImpl _interface kPhoneEditText
08-29 00:24:10.917 D/JniHelper(  817): [KindaLib] map_interface_default_constructor _classname  com.tencent.kinda.framework.widget.base.MMKOnePxLineView _interface kOnePxLineView
08-29 00:24:10.917 D/JniHelper(  817): [KindaLib] map_interface_default_constructor _classname  com.tencent.kinda.framework.widget.base.KindaActionSheetImpl _interface kActionSheet
08-29 00:24:10.917 D/houdini ( 1244): [1244] Added shared library /data/app/com.tencent.mm-1/lib/arm/libwechatxlog.so for ClassLoader by Native Bridge.
08-29 00:24:10.917 V/libnb   ( 1244): enter native_bridge2_getTrampoline JNI_OnLoad
08-29 00:24:10.918 D/JniHelper(  817): [KindaLib] map_interface_default_constructor _classname  com.tencent.kinda.framework.widget.base.KCountryCallingCodeViewImpl _interface kCountryCallingCodeView
08-29 00:24:10.918 D/JniHelper(  817): [KindaLib] map_interface_default_constructor _classname  com.tencent.kinda.framework.widget.base.KindaProfessionEditViewImpl _interface kProfessionEditView
08-29 00:24:10.919 D/JniHelper(  817): [KindaLib] map_interface_default_constructor _classname  com.tencent.kinda.framework.widget.base.MMKLoadingImage _interface kLoadingImage
08-29 00:24:10.919 D/JniHelper(  817): [KindaLib] map_interface_default_constructor _classname  com.tencent.kinda.framework.app.KLogServiceImpl _interface KLogService
08-29 00:24:10.919 D/JniHelper(  817): [KindaLib] map_interface_default_constructor _classname  com.tencent.kinda.framework.module.impl.ContactServiceImpl _interface kContactService
08-29 00:24:10.919 D/JniHelper(  817): [KindaLib] map_interface_default_constructor _classname  com.tencent.kinda.framework.app.KOfflinePayServiceImpl _interface KOfflinePayService
08-29 00:24:10.920 E/ActivityThread( 1244): Failed to find provider info for com.tencent.mm.coolassist.debugprovide
08-29 00:24:10.920 D/JniHelper(  817): [KindaLib] map_interface_default_constructor _classname  com.tencent.kinda.framework.module.impl.KindaEventLoopManagerImpl _interface EventLoopManage
08-29 00:24:10.920 D/JniHelper(  817): [KindaLib] map_interface_default_constructor _classname  com.tencent.kinda.framework.app.KindaShakeCheckingManager _interface IShakeCheckingManage
08-29 00:24:10.921 D/JniHelper(  817): [KindaLib] map_interface_default_constructor _classname  com.tencent.kinda.framework.module.impl.KindaCacheServiceImpl _interface KCacheService
08-29 00:24:10.921 D/JniHelper(  817): [KindaLib] map_interface_default_constructor _classname  com.tencent.kinda.framework.module.impl.KindaWordingServiceImpl _interface kWordingService
08-29 00:24:10.921 D/JniHelper(  817): [KindaLib] map_interface_default_constructor _classname  com.tencent.kinda.framework.app.KindaDeviceServiceImpl _interface KDeviceService
08-29 00:24:10.921 D/JniHelper(  817): [KindaLib] map_interface_default_constructor _classname  com.tencent.kinda.framework.app.KindaRealNameServiceImpl _interface KRealNameService
08-29 00:24:10.921 D/JniHelper(  817): [KindaLib] map_interface_default_constructor _classname  com.tencent.kinda.framework.module.impl.KindaSecureCtrItemImpl _interface SecureCtrItem
08-29 00:24:10.922 D/JniHelper(  817): [KindaLib] map_interface_default_constructor _classname  com.tencent.kinda.framework.module.impl.ReportServiceImpl _interface KReportService
08-29 00:24:10.922 D/JniHelper(  817): [KindaLib] map_interface_default_constructor _classname  com.tencent.kinda.framework.module.impl.PlatformUIRouterImpl _interface KPlatformUIRoute
08-29 00:24:10.922 D/JniHelper(  817): [KindaLib] map_interface_default_constructor _classname  com.tencent.kinda.framework.app.KindaJumpRemindManagerImpl _interface KindaJumpRemindManage
08-29 00:24:10.922 D/JniHelper(  817): [KindaLib] map_interface_default_constructor _classname  com.tencent.kinda.framework.app.KindaUtilityServiceImpl _interface KUtilityService
08-29 00:24:10.922 D/JniHelper(  817): [KindaLib] map_interface_default_constructor _classname  com.tencent.kinda.framework.module.impl.KindaResultImpl _interface IKindaResult
08-29 00:24:10.923 D/JniHelper(  817): [KindaLib] map_interface_default_constructor _classname  com.tencent.kinda.framework.app.KindaDeviceFrameDrawLoopCallback _interface IDeviceFrameDrawLoopCallback
08-29 00:24:10.923 D/JniHelper(  817): [KindaLib] map_interface_default_constructor _classname  com.tencent.kinda.framework.module.impl.KindaUUIDService _interface KUUIDService
08-29 00:24:10.923 D/JniHelper(  817): [KindaLib] map_interface_default_constructor _classname  com.tencent.kinda.framework.module.impl.KindaModalManagerImpl _interface KindaModalManage
08-29 00:24:10.923 D/JniHelper(  817): [KindaLib] map_interface_default_constructor _classname  com.tencent.kinda.framework.module.impl.NetworkServiceImpl _interface KNetworkService
08-29 00:24:10.923 D/JniHelper(  817): [KindaLib] map_interface_default_constructor _classname  com.tencent.kinda.framework.module.impl.KindaScanWidgetImpl _interface kScanWidget
08-29 00:24:10.924 D/JniHelper(  817): [KindaLib] map_interface_default_constructor _classname  com.tencent.kinda.framework.animate.MMKAnimator _interface KindaAnimato
08-29 00:24:10.924 D/JniHelper(  817): [KindaLib] map_interface_default_constructor _classname  com.tencent.kinda.framework.module.impl.KindaJSEvent _interface KJSEvent
08-29 00:24:10.924 D/JniHelper(  817): [KindaLib] map_interface_default_constructor _classname  com.tencent.kinda.framework.app.KindaOpenBiometricVerifyManagerImpl _interface KindaOpenBiometricVerifyManage
08-29 00:24:10.924 D/PackageManager(  653): trimGetPackagesForUid uid = 10037 result = [com.tencent.mm]
08-29 00:24:10.924 D/JniHelper(  817): [KindaLib] map_interface_default_constructor _classname  com.tencent.kinda.framework.app.UIPageControllerImpl _interface IUIPageControlle
08-29 00:24:10.924 D/JniHelper(  817): [KindaLib] map_interface_default_constructor _classname  com.tencent.kinda.framework.app.KindaAddPayCardServiceImpl _interface KAddPayCardService
08-29 00:24:10.924 D/JniHelper(  817): [KindaLib] map_interface_default_constructor _classname  com.tencent.kinda.framework.app.KindaPlatformUtil _interface IPlatformUtil
08-29 00:24:10.926 D/JniHelper(  817): [KindaLib] map_interface_default_constructor _classname  com.tencent.kinda.framework.app.KindaLocationManagerImpl _interface KindaLocationManage
08-29 00:24:10.926 D/JniHelper(  817): [KindaLib] map_interface_default_constructor _classname  com.tencent.kinda.framework.module.impl.RsaCryptUtilImpl _interface RsaCryptUtil
08-29 00:24:10.926 D/JniHelper(  817): [KindaLib] map_interface_default_constructor _classname  com.tencent.kinda.framework.module.impl.KindaNotifyImpl _interface KindaNotify
08-29 00:24:10.926 D/JniHelper(  817): [KindaLib] map_interface_default_constructor _classname  com.tencent.kinda.framework.app.KindaFileServiceImpl _interface kFileService
08-29 00:24:10.926 D/JniHelper(  817): [KindaLib] map_interface_default_constructor _classname  com.tencent.kinda.framework.app.MMKindaFaceRegManagerImpl _interface KindaFaceRegManage
08-29 00:24:10.926 D/JniHelper(  817): [KindaLib] map_interface_default_constructor _classname  com.tencent.kinda.framework.app.KWCPayServiceImpl _interface KWCPayService
08-29 00:24:10.927 D/JniHelper(  817): [KindaLib] map_interface_default_constructor _classname  com.tencent.kinda.framework.app.KindaTimerService _interface KTimerService
08-29 00:24:10.927 D/JniHelper(  817): [KindaLib] map_interface_default_constructor _classname  com.tencent.kinda.framework.app.KindaFingerprintImpl _interface KFingerprintService
08-29 00:24:10.928 D/JniHelper(  817): [KindaLib] map_interface_default_constructor _classname  com.tencent.kinda.framework.module.impl.KindaWalletMixManagerImpl _interface KindaWalletMixManage
08-29 00:24:10.930 D/JniHelper(  817): [KindaLib] map_interface_default_constructor _classname  com.tencent.kinda.framework.app.KindaPayCardManagerImpl _interface KindaPayCardManage
08-29 00:24:10.931 V/libnb   ( 1244): enter native_bridge2_getTrampoline Java_com_tencent_mars_xlog_Xlog_setConsoleLogOpe
08-29 00:24:10.931 V/libnb   ( 1244): enter native_bridge2_getTrampoline Java_com_tencent_mars_xlog_Xlog_setConsoleLogOpen__Z
08-29 00:24:10.931 V/libnb   ( 1244): enter native_bridge2_getTrampoline Java_com_tencent_mars_xlog_Xlog_setConsoleLogOpe
08-29 00:24:10.931 V/libnb   ( 1244): enter native_bridge2_getTrampoline Java_com_tencent_mars_xlog_Xlog_setConsoleLogOpen__Z
08-29 00:24:10.931 V/libnb   ( 1244): enter native_bridge2_getTrampoline Java_com_tencent_mars_xlog_Xlog_setConsoleLogOpe
08-29 00:24:10.931 V/libnb   ( 1244): enter native_bridge2_getTrampoline Java_com_tencent_mars_xlog_Xlog_appenderOpe
08-29 00:24:10.931 V/libnb   ( 1244): enter native_bridge2_getTrampoline Java_com_tencent_mars_xlog_Xlog_appenderOpen__IILjava_lang_String_2Ljava_lang_String_2Ljava_lang_String_2ILjava_lang_String_2
08-29 00:24:10.931 V/libnb   ( 1244): enter native_bridge2_getTrampoline Java_com_tencent_mars_xlog_Xlog_appenderOpe
08-29 00:24:10.931 V/libnb   ( 1244): enter native_bridge2_getTrampoline Java_com_tencent_mars_xlog_Xlog_appenderOpen__IILjava_lang_String_2Ljava_lang_String_2Ljava_lang_String_2ILjava_lang_String_2
08-29 00:24:10.931 V/libnb   ( 1244): enter native_bridge2_getTrampoline Java_com_tencent_mars_xlog_Xlog_appenderOpe
08-29 00:24:10.931 D/JniHelper(  817): [KindaLib] map_interface_default_constructor _classname  com.tencent.kinda.framework.app.KindaRealNameManagerImpl _interface KindaRealNameManage
08-29 00:24:10.931 D/JniHelper(  817): [KindaLib] map_interface_default_constructor _classname  com.tencent.kinda.framework.app.KindaPasswordManagerImpl _interface KindaPasswordManage
08-29 00:24:10.931 D/JniHelper(  817): [KindaLib] map_interface_default_constructor _classname  com.tencent.kinda.framework.module.impl.KindaCrtServiceImpl _interface KCrtService
08-29 00:24:10.932 D/JniHelper(  817): [KindaLib] map_interface_default_constructor _classname  com.tencent.kinda.framework.module.impl.TenpayCgiImpl _interface TenpayCgi
08-29 00:24:10.932 D/JniHelper(  817): [KindaLib] map_interface_default_constructor _classname  com.tencent.kinda.framework.widget.base.MMMoneyInputText _interface kMoneyInputText
08-29 00:24:10.932 V/libnb   (  817): enter native_bridge2_getTrampoline Java_com_tencent_kinda_gen_IAppKinda_getInstance
08-29 00:24:10.932 V/libnb   (  817): enter native_bridge2_getTrampoline Java_com_tencent_kinda_gen_IAppKinda_getInstance__
08-29 00:24:10.932 V/libnb   (  817): enter native_bridge2_getTrampoline Java_com_tencent_kinda_gen_IAppKinda_getInstance
08-29 00:24:10.932 V/libnb   (  817): enter native_bridge2_getTrampoline Java_com_tencent_kinda_gen_IAppKinda_getInstance__
08-29 00:24:10.932 V/libnb   (  817): enter native_bridge2_getTrampoline Java_com_tencent_kinda_gen_IAppKinda_getInstance
08-29 00:24:10.932 V/libnb   (  817): enter native_bridge2_getTrampoline Java_com_tencent_kinda_gen_IAppKinda_getInstance__
08-29 00:24:10.932 V/libnb   (  817): enter native_bridge2_getTrampoline Java_com_tencent_kinda_gen_IAppKinda_getInstance
08-29 00:24:10.932 V/libnb   (  817): enter native_bridge2_getTrampoline Java_com_tencent_kinda_gen_IAppKinda_getInstance__
08-29 00:24:10.932 V/libnb   (  817): enter native_bridge2_getTrampoline Java_com_tencent_kinda_gen_IAppKinda_getInstance
08-29 00:24:10.932 V/libnb   (  817): enter native_bridge2_getTrampoline Java_com_tencent_kinda_gen_IAppKinda_getInstance__
08-29 00:24:10.932 V/libnb   (  817): enter native_bridge2_getTrampoline Java_com_tencent_kinda_gen_IAppKinda_getInstance
08-29 00:24:10.932 V/libnb   (  817): enter native_bridge2_getTrampoline Java_com_tencent_kinda_gen_IAppKinda_getInstance__
08-29 00:24:10.932 V/libnb   (  817): enter native_bridge2_getTrampoline Java_com_tencent_kinda_gen_IAppKinda_getInstance
08-29 00:24:10.932 V/libnb   (  817): enter native_bridge2_getTrampoline Java_com_tencent_kinda_gen_IAppKinda_getInstance__
08-29 00:24:10.932 V/libnb   (  817): enter native_bridge2_getTrampoline Java_com_tencent_kinda_gen_IAppKinda_getInstance
08-29 00:24:10.932 D/ProxyConstructorMap(  817): [KindaLib] createObject: IPlatformUtil
08-29 00:24:10.932 D/ProxyConstructorMap(  817): [KindaLib] can not find proxy creator method or is not view
08-29 00:24:10.933 D/ProxyConstructorMap(  817): [KindaLib] createObject: IPlatformUtil
08-29 00:24:10.933 D/ProxyConstructorMap(  817): [KindaLib] can not find proxy creator method or is not view
08-29 00:24:10.933 D/ProxyConstructorMap(  817): [KindaLib] createObject: IPlatformUtil
08-29 00:24:10.933 D/ProxyConstructorMap(  817): [KindaLib] can not find proxy creator method or is not view
08-29 00:24:10.933 D/ProxyConstructorMap(  817): [KindaLib] createObject: IPlatformUtil
08-29 00:24:10.933 D/ProxyConstructorMap(  817): [KindaLib] can not find proxy creator method or is not view
08-29 00:24:10.933 D/ProxyConstructorMap(  817): [KindaLib] createObject: IPlatformUtil
08-29 00:24:10.934 D/ProxyConstructorMap(  817): [KindaLib] can not find proxy creator method or is not view
08-29 00:24:10.934 D/ProxyConstructorMap(  817): [KindaLib] createObject: kFileService
08-29 00:24:10.934 D/ProxyConstructorMap(  817): [KindaLib] can not find proxy creator method or is not view
08-29 00:24:10.956 V/libnb   ( 1244): enter native_bridge2_getTrampoline Java_com_tencent_mars_xlog_LogLogic_initIPxxLogInfo
08-29 00:24:10.956 V/libnb   ( 1244): enter native_bridge2_getTrampoline Java_com_tencent_mars_xlog_LogLogic_initIPxxLogInfo__
08-29 00:24:10.956 V/libnb   ( 1244): enter native_bridge2_getTrampoline Java_com_tencent_mars_xlog_LogLogic_initIPxxLogInfo
08-29 00:24:10.956 V/libnb   ( 1244): enter native_bridge2_getTrampoline Java_com_tencent_mars_xlog_LogLogic_initIPxxLogInfo__
08-29 00:24:10.956 V/libnb   ( 1244): enter native_bridge2_getTrampoline Java_com_tencent_mars_xlog_LogLogic_initIPxxLogInfo
08-29 00:24:10.958 V/libnb   ( 1244): enter native_bridge2_getTrampoline Java_com_tencent_mars_xlog_Xlog_getLogLevel
08-29 00:24:10.958 V/libnb   ( 1244): enter native_bridge2_getTrampoline Java_com_tencent_mars_xlog_Xlog_getLogLevel__
08-29 00:24:10.958 V/libnb   ( 1244): enter native_bridge2_getTrampoline Java_com_tencent_mars_xlog_Xlog_getLogLevel
08-29 00:24:10.958 V/libnb   ( 1244): enter native_bridge2_getTrampoline Java_com_tencent_mars_xlog_Xlog_getLogLevel__
08-29 00:24:10.958 V/libnb   ( 1244): enter native_bridge2_getTrampoline Java_com_tencent_mars_xlog_Xlog_getLogLevel
08-29 00:24:10.964 V/libnb   ( 1244): enter native_bridge2_getTrampoline Java_com_tencent_mars_xlog_Xlog_logWrite2
08-29 00:24:10.964 V/libnb   ( 1244): enter native_bridge2_getTrampoline Java_com_tencent_mars_xlog_Xlog_logWrite2__ILjava_lang_String_2Ljava_lang_String_2Ljava_lang_String_2IIJJLjava_lang_String_2
08-29 00:24:10.964 V/libnb   ( 1244): enter native_bridge2_getTrampoline Java_com_tencent_mars_xlog_Xlog_logWrite2
08-29 00:24:10.964 V/libnb   ( 1244): enter native_bridge2_getTrampoline Java_com_tencent_mars_xlog_Xlog_logWrite2__ILjava_lang_String_2Ljava_lang_String_2Ljava_lang_String_2IIJJLjava_lang_String_2
08-29 00:24:10.964 V/libnb   ( 1244): enter native_bridge2_getTrampoline Java_com_tencent_mars_xlog_Xlog_logWrite2
08-29 00:24:11.015 V/libnb   ( 1244): enter native_bridge2_isSupported /data/app/com.tencent.mm-1/lib/arm/libmmkv.so
08-29 00:24:11.015 D/libnb   ( 1244): enter native_bridge2_loadLibrary /data/app/com.tencent.mm-1/lib/arm/libmmkv.so
08-29 00:24:11.016 V/libnb   (  817): enter native_bridge2_isSupported /data/app/com.tencent.mm-1/lib/arm/libappbrandcommon.so
08-29 00:24:11.016 D/libnb   (  817): enter native_bridge2_loadLibrary /data/app/com.tencent.mm-1/lib/arm/libappbrandcommon.so
08-29 00:24:11.017 D/houdini ( 1244): [1244] Added shared library /data/app/com.tencent.mm-1/lib/arm/libmmkv.so for ClassLoader by Native Bridge.
08-29 00:24:11.017 V/libnb   ( 1244): enter native_bridge2_getTrampoline JNI_OnLoad
08-29 00:24:11.019 I/MMKV    ( 1244): <native-bridge.cpp:95::JNI_OnLoad> current API level = 23
08-29 00:24:11.019 I/MMKV    ( 1244): <MMKV.cpp:192::initialize> page size:4096
08-29 00:24:11.019 I/MMKV    ( 1244): <MMKV.cpp:206::initializeMMKV> root dir: /data/user/0/com.tencent.mm/files/mmkv
08-29 00:24:11.078 D/houdini (  817): [1129] Added shared library /data/app/com.tencent.mm-1/lib/arm/libappbrandcommon.so for ClassLoader by Native Bridge.
08-29 00:24:11.078 V/libnb   (  817): enter native_bridge2_getTrampoline JNI_OnLoad
08-29 00:24:11.081 V/libnb   ( 1244): enter native_bridge2_isSupported /data/app/com.tencent.mm-1/lib/arm/libwechatCrashForJni.so
08-29 00:24:11.081 D/libnb   ( 1244): enter native_bridge2_loadLibrary /data/app/com.tencent.mm-1/lib/arm/libwechatCrashForJni.so
08-29 00:24:11.086 D/houdini ( 1244): [1244] Added shared library /data/app/com.tencent.mm-1/lib/arm/libwechatCrashForJni.so for ClassLoader by Native Bridge.
08-29 00:24:11.086 V/libnb   ( 1244): enter native_bridge2_getTrampoline JNI_OnLoad
08-29 00:24:11.087 W/CrashMonitor( 1244): JNI_OnLoad
08-29 00:24:11.087 V/CrashMonitor( 1244): set alternate stack, old size: 0, new size: 16384
08-29 00:24:11.087 D/CrashMonitor( 1244): crashInitForReport...
08-29 00:24:11.087 D/CrashMonitor( 1244): setupMonitor...
08-29 00:24:11.091 D/CrashMonitor( 1244): WaitForSignal...
08-29 00:24:11.091 V/libnb   ( 1244): enter native_bridge2_getTrampoline Java_com_tencent_mm_sdk_platformtools_CrashMonitorForJni_setClientVersionMsg
08-29 00:24:11.091 V/libnb   ( 1244): enter native_bridge2_getTrampoline Java_com_tencent_mm_sdk_platformtools_CrashMonitorForJni_setClientVersionMsg__Ljava_lang_String_2
08-29 00:24:11.091 V/libnb   ( 1244): enter native_bridge2_getTrampoline Java_com_tencent_mm_sdk_platformtools_CrashMonitorForJni_setClientVersionMsg
08-29 00:24:11.091 V/libnb   ( 1244): enter native_bridge2_getTrampoline Java_com_tencent_mm_sdk_platformtools_CrashMonitorForJni_setClientVersionMsg__Ljava_lang_String_2
08-29 00:24:11.091 V/libnb   ( 1244): enter native_bridge2_getTrampoline Java_com_tencent_mm_sdk_platformtools_CrashMonitorForJni_setClientVersionMsg
08-29 00:24:11.091 V/libnb   ( 1244): enter native_bridge2_getTrampoline Java_com_tencent_mm_sdk_platformtools_CrashMonitorForJni_setClientVersionMsg__Ljava_lang_String_2
08-29 00:24:11.091 V/libnb   ( 1244): enter native_bridge2_getTrampoline Java_com_tencent_mm_sdk_platformtools_CrashMonitorForJni_setClientVersionMsg
08-29 00:24:11.165 V/libnb   ( 1244): enter native_bridge2_isSupported /data/app/com.tencent.mm-1/lib/arm/libmmimgcodec.so
08-29 00:24:11.165 D/libnb   ( 1244): enter native_bridge2_loadLibrary /data/app/com.tencent.mm-1/lib/arm/libmmimgcodec.so
08-29 00:24:11.168 D/houdini ( 1244): [1244] Added shared library /data/app/com.tencent.mm-1/lib/arm/libmmimgcodec.so for ClassLoader by Native Bridge.
08-29 00:24:11.168 V/libnb   ( 1244): enter native_bridge2_getTrampoline JNI_OnLoad
08-29 00:24:11.749 V/libnb   ( 1244): enter native_bridge2_isSupported /data/app/com.tencent.mm-1/lib/arm/libwechatbase.so
08-29 00:24:11.749 D/libnb   ( 1244): enter native_bridge2_loadLibrary /data/app/com.tencent.mm-1/lib/arm/libwechatbase.so
08-29 00:24:11.759 D/houdini ( 1244): [1279] Added shared library /data/app/com.tencent.mm-1/lib/arm/libwechatbase.so for ClassLoader by Native Bridge.
08-29 00:24:11.759 V/libnb   ( 1244): enter native_bridge2_getTrampoline JNI_OnLoad
08-29 00:24:11.764 V/libnb   ( 1244): enter native_bridge2_isSupported /data/app/com.tencent.mm-1/lib/arm/libwechatnetwork.so
08-29 00:24:11.764 D/libnb   ( 1244): enter native_bridge2_loadLibrary /data/app/com.tencent.mm-1/lib/arm/libwechatnetwork.so
08-29 00:24:11.802 D/houdini ( 1244): [1279] Added shared library /data/app/com.tencent.mm-1/lib/arm/libwechatnetwork.so for ClassLoader by Native Bridge.
08-29 00:24:11.802 V/libnb   ( 1244): enter native_bridge2_getTrampoline JNI_OnLoad
08-29 00:24:11.809 V/libnb   ( 1244): enter native_bridge2_getTrampoline Java_com_tencent_mars_sdt_SdtLogic_getLoadLibraries
08-29 00:24:11.809 V/libnb   ( 1244): enter native_bridge2_getTrampoline Java_com_tencent_mars_sdt_SdtLogic_getLoadLibraries__
08-29 00:24:11.809 V/libnb   ( 1244): enter native_bridge2_getTrampoline Java_com_tencent_mars_sdt_SdtLogic_getLoadLibraries
08-29 00:24:11.809 V/libnb   ( 1244): enter native_bridge2_getTrampoline Java_com_tencent_mars_sdt_SdtLogic_getLoadLibraries__
08-29 00:24:11.809 V/libnb   ( 1244): enter native_bridge2_getTrampoline Java_com_tencent_mars_sdt_SdtLogic_getLoadLibraries
08-29 00:24:11.809 V/libnb   ( 1244): enter native_bridge2_getTrampoline Java_com_tencent_mars_sdt_SdtLogic_getLoadLibraries__
08-29 00:24:11.809 V/libnb   ( 1244): enter native_bridge2_getTrampoline Java_com_tencent_mars_sdt_SdtLogic_getLoadLibraries
08-29 00:24:11.809 V/libnb   ( 1244): enter native_bridge2_getTrampoline Java_com_tencent_mars_sdt_SdtLogic_getLoadLibraries__
08-29 00:24:11.809 V/libnb   ( 1244): enter native_bridge2_getTrampoline Java_com_tencent_mars_sdt_SdtLogic_getLoadLibraries
08-29 00:24:11.809 V/libnb   ( 1244): enter native_bridge2_getTrampoline Java_com_tencent_mars_sdt_SdtLogic_getLoadLibraries__
08-29 00:24:11.809 V/libnb   ( 1244): enter native_bridge2_getTrampoline Java_com_tencent_mars_sdt_SdtLogic_getLoadLibraries
08-29 00:24:11.810 V/libnb   ( 1244): enter native_bridge2_getTrampoline Java_com_tencent_mars_sdt_SdtLogic_getLoadLibraries__
08-29 00:24:11.810 V/libnb   ( 1244): enter native_bridge2_getTrampoline Java_com_tencent_mars_sdt_SdtLogic_getLoadLibraries
08-29 00:24:11.812 V/libnb   ( 1244): enter native_bridge2_getTrampoline Java_com_tencent_mars_stn_StnLogic_getLoadLibraries
08-29 00:24:11.812 V/libnb   ( 1244): enter native_bridge2_getTrampoline Java_com_tencent_mars_stn_StnLogic_getLoadLibraries__
08-29 00:24:11.812 V/libnb   ( 1244): enter native_bridge2_getTrampoline Java_com_tencent_mars_stn_StnLogic_getLoadLibraries
08-29 00:24:11.812 V/libnb   ( 1244): enter native_bridge2_getTrampoline Java_com_tencent_mars_stn_StnLogic_getLoadLibraries__
08-29 00:24:11.812 V/libnb   ( 1244): enter native_bridge2_getTrampoline Java_com_tencent_mars_stn_StnLogic_getLoadLibraries
08-29 00:24:11.812 V/libnb   ( 1244): enter native_bridge2_getTrampoline Java_com_tencent_mars_stn_StnLogic_getLoadLibraries__
08-29 00:24:11.812 V/libnb   ( 1244): enter native_bridge2_getTrampoline Java_com_tencent_mars_stn_StnLogic_getLoadLibraries
08-29 00:24:11.812 V/libnb   ( 1244): enter native_bridge2_getTrampoline Java_com_tencent_mars_stn_StnLogic_getLoadLibraries__
08-29 00:24:11.812 V/libnb   ( 1244): enter native_bridge2_getTrampoline Java_com_tencent_mars_stn_StnLogic_getLoadLibraries
08-29 00:24:11.812 V/libnb   ( 1244): enter native_bridge2_getTrampoline Java_com_tencent_mars_stn_StnLogic_getLoadLibraries__
08-29 00:24:11.812 V/libnb   ( 1244): enter native_bridge2_getTrampoline Java_com_tencent_mars_stn_StnLogic_getLoadLibraries
08-29 00:24:11.812 V/libnb   ( 1244): enter native_bridge2_getTrampoline Java_com_tencent_mars_stn_StnLogic_getLoadLibraries__
08-29 00:24:11.812 V/libnb   ( 1244): enter native_bridge2_getTrampoline Java_com_tencent_mars_stn_StnLogic_getLoadLibraries
08-29 00:24:11.816 V/libnb   ( 1244): enter native_bridge2_isSupported /data/app/com.tencent.mm-1/lib/arm/libwechatmm.so
08-29 00:24:11.816 D/libnb   ( 1244): enter native_bridge2_loadLibrary /data/app/com.tencent.mm-1/lib/arm/libwechatmm.so
08-29 00:24:11.895 D/houdini ( 1244): [1279] Added shared library /data/app/com.tencent.mm-1/lib/arm/libwechatmm.so for ClassLoader by Native Bridge.
08-29 00:24:11.895 V/libnb   ( 1244): enter native_bridge2_getTrampoline JNI_OnLoad
08-29 00:24:11.900 V/libnb   ( 1244): enter native_bridge2_getTrampoline Java_com_tencent_mars_smc_SmcLogic_getLoadLibraries
08-29 00:24:11.900 V/libnb   ( 1244): enter native_bridge2_getTrampoline Java_com_tencent_mars_smc_SmcLogic_getLoadLibraries__
08-29 00:24:11.900 V/libnb   ( 1244): enter native_bridge2_getTrampoline Java_com_tencent_mars_smc_SmcLogic_getLoadLibraries
08-29 00:24:11.900 V/libnb   ( 1244): enter native_bridge2_getTrampoline Java_com_tencent_mars_smc_SmcLogic_getLoadLibraries__
08-29 00:24:11.900 V/libnb   ( 1244): enter native_bridge2_getTrampoline Java_com_tencent_mars_smc_SmcLogic_getLoadLibraries
08-29 00:24:11.900 V/libnb   ( 1244): enter native_bridge2_getTrampoline Java_com_tencent_mars_smc_SmcLogic_getLoadLibraries__
08-29 00:24:11.900 V/libnb   ( 1244): enter native_bridge2_getTrampoline Java_com_tencent_mars_smc_SmcLogic_getLoadLibraries
08-29 00:24:11.900 V/libnb   ( 1244): enter native_bridge2_getTrampoline Java_com_tencent_mars_smc_SmcLogic_getLoadLibraries__
08-29 00:24:11.900 V/libnb   ( 1244): enter native_bridge2_getTrampoline Java_com_tencent_mars_smc_SmcLogic_getLoadLibraries
08-29 00:24:11.900 V/libnb   ( 1244): enter native_bridge2_getTrampoline Java_com_tencent_mars_smc_SmcLogic_getLoadLibraries__
08-29 00:24:11.900 V/libnb   ( 1244): enter native_bridge2_getTrampoline Java_com_tencent_mars_smc_SmcLogic_getLoadLibraries
08-29 00:24:11.900 V/libnb   ( 1244): enter native_bridge2_getTrampoline Java_com_tencent_mars_smc_SmcLogic_getLoadLibraries__
08-29 00:24:11.900 V/libnb   ( 1244): enter native_bridge2_getTrampoline Java_com_tencent_mars_smc_SmcLogic_getLoadLibraries
08-29 00:24:11.906 V/libnb   ( 1244): enter native_bridge2_getTrampoline Java_com_tencent_mars_sdt_SdtLogic_setHttpNetcheckCGI
08-29 00:24:11.906 V/libnb   ( 1244): enter native_bridge2_getTrampoline Java_com_tencent_mars_sdt_SdtLogic_setHttpNetcheckCGI__Ljava_lang_String_2
08-29 00:24:11.906 V/libnb   ( 1244): enter native_bridge2_getTrampoline Java_com_tencent_mars_sdt_SdtLogic_setHttpNetcheckCGI
08-29 00:24:11.906 V/libnb   ( 1244): enter native_bridge2_getTrampoline Java_com_tencent_mars_sdt_SdtLogic_setHttpNetcheckCGI__Ljava_lang_String_2
08-29 00:24:11.906 V/libnb   ( 1244): enter native_bridge2_getTrampoline Java_com_tencent_mars_sdt_SdtLogic_setHttpNetcheckCGI
08-29 00:24:11.906 V/libnb   ( 1244): enter native_bridge2_getTrampoline Java_com_tencent_mars_sdt_SdtLogic_setHttpNetcheckCGI__Ljava_lang_String_2
08-29 00:24:11.906 V/libnb   ( 1244): enter native_bridge2_getTrampoline Java_com_tencent_mars_sdt_SdtLogic_setHttpNetcheckCGI
08-29 00:24:11.906 V/libnb   ( 1244): enter native_bridge2_getTrampoline Java_com_tencent_mars_sdt_SdtLogic_setHttpNetcheckCGI__Ljava_lang_String_2
08-29 00:24:11.906 V/libnb   ( 1244): enter native_bridge2_getTrampoline Java_com_tencent_mars_sdt_SdtLogic_setHttpNetcheckCGI
08-29 00:24:11.906 V/libnb   ( 1244): enter native_bridge2_getTrampoline Java_com_tencent_mars_sdt_SdtLogic_setHttpNetcheckCGI__Ljava_lang_String_2
08-29 00:24:11.906 V/libnb   ( 1244): enter native_bridge2_getTrampoline Java_com_tencent_mars_sdt_SdtLogic_setHttpNetcheckCGI
08-29 00:24:11.906 V/libnb   ( 1244): enter native_bridge2_getTrampoline Java_com_tencent_mars_sdt_SdtLogic_setHttpNetcheckCGI__Ljava_lang_String_2
08-29 00:24:11.906 V/libnb   ( 1244): enter native_bridge2_getTrampoline Java_com_tencent_mars_sdt_SdtLogic_setHttpNetcheckCGI
08-29 00:24:11.906 V/libnb   ( 1244): enter native_bridge2_getTrampoline Java_com_tencent_mars_sdt_SdtLogic_setHttpNetcheckCGI__Ljava_lang_String_2
08-29 00:24:11.906 V/libnb   ( 1244): enter native_bridge2_getTrampoline Java_com_tencent_mars_sdt_SdtLogic_setHttpNetcheckCGI
08-29 00:24:11.976 V/libnb   ( 1244): enter native_bridge2_isSupported /data/app/com.tencent.mm-1/lib/arm/libhardcoder.so
08-29 00:24:11.976 D/libnb   ( 1244): enter native_bridge2_loadLibrary /data/app/com.tencent.mm-1/lib/arm/libhardcoder.so
08-29 00:24:11.984 D/houdini ( 1244): [1297] Added shared library /data/app/com.tencent.mm-1/lib/arm/libhardcoder.so for ClassLoader by Native Bridge.
08-29 00:24:11.984 V/libnb   ( 1244): enter native_bridge2_getTrampoline JNI_OnLoad
08-29 00:24:11.986 V/libnb   ( 1244): enter native_bridge2_isSupported /data/app/com.tencent.mm-1/lib/arm/libwechatnormsg.so
08-29 00:24:11.986 D/libnb   ( 1244): enter native_bridge2_loadLibrary /data/app/com.tencent.mm-1/lib/arm/libwechatnormsg.so
08-29 00:24:12.005 D/houdini ( 1244): [1280] Added shared library /data/app/com.tencent.mm-1/lib/arm/libwechatnormsg.so for ClassLoader by Native Bridge.
08-29 00:24:12.006 V/libnb   ( 1244): enter native_bridge2_getTrampoline JNI_OnLoad
08-29 00:24:12.013 V/libnb   ( 1244): enter native_bridge2_isSupported /data/app/com.tencent.mm-1/lib/arm/libMMProtocalJni.so
08-29 00:24:12.013 D/libnb   ( 1244): enter native_bridge2_loadLibrary /data/app/com.tencent.mm-1/lib/arm/libMMProtocalJni.so
08-29 00:24:12.020 D/houdini ( 1244): [1280] Added shared library /data/app/com.tencent.mm-1/lib/arm/libMMProtocalJni.so for ClassLoader by Native Bridge.
08-29 00:24:12.020 V/libnb   ( 1244): enter native_bridge2_getTrampoline JNI_OnLoad
08-29 00:24:12.020 V/libnb   ( 1244): enter native_bridge2_getTrampoline Java_com_tencent_mm_protocal_MMProtocalJni_setClientPackVersio
08-29 00:24:12.021 V/libnb   ( 1244): enter native_bridge2_getTrampoline Java_com_tencent_mm_protocal_MMProtocalJni_setProtocalJniLogLevel
08-29 00:24:12.021 V/libnb   ( 1244): enter native_bridge2_getTrampoline Java_com_tencent_mm_protocal_MMProtocalJni_setIsLite
08-29 00:24:12.095 V/libnb   ( 1244): enter native_bridge2_isSupported /data/app/com.tencent.mm-1/lib/arm/libio-canary.so
08-29 00:24:12.095 D/libnb   ( 1244): enter native_bridge2_loadLibrary /data/app/com.tencent.mm-1/lib/arm/libio-canary.so
