08-29 00:24:02.570 E/ProbeModule(  564): cannot load dep file : (null)
08-29 00:24:02.571 E/ProbeModule(  566): cannot load dep file : (null)
08-29 00:24:02.573 W/Resources(  292): Preloaded drawable resource #0x10802c6 (android:drawable/expander_open_holo_light) that varies with configuration!!
08-29 00:24:02.573 W/Resources(  292): Preloaded drawable resource #0x10802c1 (android:drawable/expander_group_holo_light) that varies with configuration!!
08-29 00:24:02.573 I/iptables(  285): iptables: No chain/target/match by that name.
08-29 00:24:02.573 I/iptables(  285): iptables terminated by exit(1)
08-29 00:24:02.573 E/Netd    (  285): exec() res=0, status=256 for /system/bin/iptables -w -A fw_dozable -m owner --uid-owner 0-9999 -j RETURN 
08-29 00:24:02.575 W/Resources(  292): Preloaded drawable resource #0x10804b8 (android:drawable/list_selector_disabled_holo_dark) that varies with configuration!!
08-29 00:24:02.575 W/Resources(  292): Preloaded drawable resource #0x10804b8 (android:drawable/list_selector_disabled_holo_dark) that varies with configuration!!
08-29 00:24:02.577 E/ProbeModule(  569): cannot load dep file : (null)
08-29 00:24:02.578 E/ProbeModule(  571): cannot load dep file : (null)
08-29 00:24:02.578 W/Resources(  292): Preloaded drawable resource #0x1080497 (android:drawable/list_pressed_holo_dark) that varies with configuration!!
08-29 00:24:02.578 W/Resources(  292): Preloaded drawable resource #0x1080495 (android:drawable/list_longpressed_holo_dark) that varies with configuration!!
08-29 00:24:02.578 E/ProbeModule(  573): cannot load dep file : (null)
08-29 00:24:02.578 W/Resources(  292): Preloaded drawable resource #0x1080490 (android:drawable/list_focused_holo) that varies with configuration!!
08-29 00:24:02.578 W/Resources(  292): Preloaded drawable resource #0x10804bc (android:drawable/list_selector_holo_dark) that varies with configuration!!
08-29 00:24:02.579 I/ip6tables(  285): ip6tables: No chain/target/match by that name.
08-29 00:24:02.579 I/ip6tables(  285): ip6tables terminated by exit(1)
08-29 00:24:02.579 E/Netd    (  285): exec() res=0, status=256 for /system/bin/ip6tables -w -A fw_dozable -m owner --uid-owner 0-9999 -j RETURN 
08-29 00:24:02.580 W/Resources(  292): Preloaded drawable resource #0x10804b9 (android:drawable/list_selector_disabled_holo_light) that varies with configuration!!
08-29 00:24:02.580 W/Resources(  292): Preloaded drawable resource #0x10804b9 (android:drawable/list_selector_disabled_holo_light) that varies with configuration!!
08-29 00:24:02.580 W/Resources(  292): Preloaded drawable resource #0x1080498 (android:drawable/list_pressed_holo_light) that varies with configuration!!
08-29 00:24:02.580 W/Resources(  292): Preloaded drawable resource #0x1080496 (android:drawable/list_longpressed_holo_light) that varies with configuration!!
08-29 00:24:02.580 W/Resources(  292): Preloaded drawable resource #0x1080490 (android:drawable/list_focused_holo) that varies with configuration!!
08-29 00:24:02.580 W/Resources(  292): Preloaded drawable resource #0x10804bd (android:drawable/list_selector_holo_light) that varies with configuration!!
08-29 00:24:02.581 W/Resources(  292): Preloaded drawable resource #0x108049a (android:drawable/list_section_divider_holo_light) that varies with configuration!!
08-29 00:24:02.581 W/Resources(  292): Preloaded drawable resource #0x1080499 (android:drawable/list_section_divider_holo_dark) that varies with configuration!!
08-29 00:24:02.581 W/Resources(  292): Preloaded drawable resource #0x10804cd (android:drawable/menu_hardkey_panel_holo_dark) that varies with configuration!!
08-29 00:24:02.615 W/Resources(  292): Preloaded drawable resource #0x10804ce (android:drawable/menu_hardkey_panel_holo_light) that varies with configuration!!
08-29 00:24:02.616 W/Resources(  292): Preloaded drawable resource #0x10804d5 (android:drawable/menu_submenu_background) that varies with configuration!!
08-29 00:24:02.616 W/Resources(  292): Preloaded drawable resource #0x10804cc (android:drawable/menu_dropdown_panel_holo_light) that varies with configuration!!
08-29 00:24:02.616 W/Resources(  292): Preloaded drawable resource #0x10804cb (android:drawable/menu_dropdown_panel_holo_dark) that varies with configuration!!
08-29 00:24:02.617 W/Resources(  292): Preloaded drawable resource #0x10804d2 (android:drawable/menu_popup_panel_holo_light) that varies with configuration!!
08-29 00:24:02.617 W/Resources(  292): Preloaded drawable resource #0x10804d1 (android:drawable/menu_popup_panel_holo_dark) that varies with configuration!!
08-29 00:24:02.618 W/Resources(  292): Preloaded drawable resource #0x10804d2 (android:drawable/menu_popup_panel_holo_light) that varies with configuration!!
08-29 00:24:02.618 W/Resources(  292): Preloaded drawable resource #0x10804cc (android:drawable/menu_dropdown_panel_holo_light) that varies with configuration!!
08-29 00:24:02.618 W/Resources(  292): Preloaded drawable resource #0x10804d0 (android:drawable/menu_panel_holo_light) that varies with configuration!!
08-29 00:24:02.619 W/Resources(  292): Preloaded drawable resource #0x10804d1 (android:drawable/menu_popup_panel_holo_dark) that varies with configuration!!
08-29 00:24:02.619 W/Resources(  292): Preloaded drawable resource #0x10804cb (android:drawable/menu_dropdown_panel_holo_dark) that varies with configuration!!
08-29 00:24:02.619 W/Resources(  292): Preloaded drawable resource #0x10804cf (android:drawable/menu_panel_holo_dark) that varies with configuration!!
08-29 00:24:02.620 W/Resources(  292): Preloaded drawable resource #0x10805fa (android:drawable/spinner_16_outer_holo) that varies with configuration!!
08-29 00:24:02.620 W/Resources(  292): Preloaded drawable resource #0x10805f9 (android:drawable/spinner_16_inner_holo) that varies with configuration!!
08-29 00:24:02.620 W/Resources(  292): Preloaded drawable resource #0x10805fc (android:drawable/spinner_48_outer_holo) that varies with configuration!!
08-29 00:24:02.622 W/Resources(  292): Preloaded drawable resource #0x10805fb (android:drawable/spinner_48_inner_holo) that varies with configuration!!
08-29 00:24:02.625 W/Resources(  292): Preloaded drawable resource #0x10805fe (android:drawable/spinner_76_outer_holo) that varies with configuration!!
08-29 00:24:02.626 W/Resources(  292): Preloaded drawable resource #0x10805fd (android:drawable/spinner_76_inner_holo) that varies with configuration!!
08-29 00:24:02.627 W/Resources(  292): Preloaded drawable resource #0x108055b (android:drawable/progress_bg_holo_dark) that varies with configuration!!
08-29 00:24:02.627 W/Resources(  292): Preloaded drawable resource #0x108055c (android:drawable/progress_bg_holo_light) that varies with configuration!!
08-29 00:24:02.658 W/Resources(  292): Preloaded drawable resource #0x108055b (android:drawable/progress_bg_holo_dark) that varies with configuration!!
08-29 00:24:02.659 W/Resources(  292): Preloaded drawable resource #0x108056c (android:drawable/progress_secondary_holo_dark) that varies with configuration!!
08-29 00:24:02.659 W/Resources(  292): Preloaded drawable resource #0x108056a (android:drawable/progress_primary_holo_dark) that varies with configuration!!
08-29 00:24:02.659 W/Resources(  292): Preloaded drawable resource #0x108055d (android:drawable/progress_horizontal_holo_dark) that varies with configuration!!
08-29 00:24:02.660 W/Resources(  292): Preloaded drawable resource #0x108055c (android:drawable/progress_bg_holo_light) that varies with configuration!!
08-29 00:24:02.660 W/Resources(  292): Preloaded drawable resource #0x108056d (android:drawable/progress_secondary_holo_light) that varies with configuration!!
08-29 00:24:02.660 W/Resources(  292): Preloaded drawable resource #0x108056b (android:drawable/progress_primary_holo_light) that varies with configuration!!
08-29 00:24:02.660 W/Resources(  292): Preloaded drawable resource #0x108055e (android:drawable/progress_horizontal_holo_light) that varies with configuration!!
08-29 00:24:02.661 W/Resources(  292): Preloaded drawable resource #0x1080576 (android:drawable/progressbar_indeterminate_holo1) that varies with configuration!!
08-29 00:24:02.661 W/Resources(  292): Preloaded drawable resource #0x1080577 (android:drawable/progressbar_indeterminate_holo2) that varies with configuration!!
08-29 00:24:02.662 W/Resources(  292): Preloaded drawable resource #0x1080578 (android:drawable/progressbar_indeterminate_holo3) that varies with configuration!!
08-29 00:24:02.663 W/Resources(  292): Preloaded drawable resource #0x1080579 (android:drawable/progressbar_indeterminate_holo4) that varies with configuration!!
08-29 00:24:02.663 W/Resources(  292): Preloaded drawable resource #0x108057a (android:drawable/progressbar_indeterminate_holo5) that varies with configuration!!
08-29 00:24:02.663 W/Resources(  292): Preloaded drawable resource #0x108057b (android:drawable/progressbar_indeterminate_holo6) that varies with configuration!!
08-29 00:24:02.665 W/Resources(  292): Preloaded drawable resource #0x108057c (android:drawable/progressbar_indeterminate_holo7) that varies with configuration!!
08-29 00:24:02.665 W/Resources(  292): Preloaded drawable resource #0x108057d (android:drawable/progressbar_indeterminate_holo8) that varies with configuration!!
08-29 00:24:02.665 W/Resources(  292): Preloaded drawable resource #0x1080560 (android:drawable/progress_indeterminate_horizontal_holo) that varies with configuration!!
08-29 00:24:02.666 W/Resources(  292): Preloaded drawable resource #0x10805fe (android:drawable/spinner_76_outer_holo) that varies with configuration!!
08-29 00:24:02.667 W/Resources(  292): Preloaded drawable resource #0x10805fd (android:drawable/spinner_76_inner_holo) that varies with configuration!!
08-29 00:24:02.667 W/Resources(  292): Preloaded drawable resource #0x1080563 (android:drawable/progress_large_holo) that varies with configuration!!
08-29 00:24:02.667 W/Resources(  292): Preloaded drawable resource #0x10805fc (android:drawable/spinner_48_outer_holo) that varies with configuration!!
08-29 00:24:02.667 W/Resources(  292): Preloaded drawable resource #0x10805fb (android:drawable/spinner_48_inner_holo) that varies with configuration!!
08-29 00:24:02.667 W/Resources(  292): Preloaded drawable resource #0x1080567 (android:drawable/progress_medium_holo) that varies with configuration!!
08-29 00:24:02.668 W/Resources(  292): Preloaded drawable resource #0x108056a (android:drawable/progress_primary_holo_dark) that varies with configuration!!
08-29 00:24:02.668 W/Resources(  292): Preloaded drawable resource #0x108056b (android:drawable/progress_primary_holo_light) that varies with configuration!!
08-29 00:24:02.668 W/Resources(  292): Preloaded drawable resource #0x108056c (android:drawable/progress_secondary_holo_dark) that varies with configuration!!
08-29 00:24:02.668 W/Resources(  292): Preloaded drawable resource #0x108056d (android:drawable/progress_secondary_holo_light) that varies with configuration!!
08-29 00:24:02.668 W/Resources(  292): Preloaded drawable resource #0x10805fa (android:drawable/spinner_16_outer_holo) that varies with configuration!!
08-29 00:24:02.668 W/Resources(  292): Preloaded drawable resource #0x10805f9 (android:drawable/spinner_16_inner_holo) that varies with configuration!!
08-29 00:24:02.668 W/Resources(  292): Preloaded drawable resource #0x108056f (android:drawable/progress_small_holo) that varies with configuration!!
08-29 00:24:02.736 V/NatController(  285): runCmd(/system/bin/iptables -w -F natctrl_FORWARD) res=0
08-29 00:24:02.737 W/Resources(  292): Preloaded drawable resource #0x10805db (android:drawable/scrubber_track_holo_dark) that varies with configuration!!
08-29 00:24:02.737 W/Resources(  292): Preloaded drawable resource #0x10805da (android:drawable/scrubber_secondary_holo) that varies with configuration!!
08-29 00:24:02.737 W/Resources(  292): Preloaded drawable resource #0x10805d6 (android:drawable/scrubber_primary_holo) that varies with configuration!!
08-29 00:24:02.737 W/Resources(  292): Preloaded drawable resource #0x10805d8 (android:drawable/scrubber_progress_horizontal_holo_dark) that varies with configuration!!
08-29 00:24:02.739 W/Resources(  292): Preloaded drawable resource #0x10805dc (android:drawable/scrubber_track_holo_light) that varies with configuration!!
08-29 00:24:02.739 W/Resources(  292): Preloaded drawable resource #0x10805da (android:drawable/scrubber_secondary_holo) that varies with configuration!!
08-29 00:24:02.739 W/Resources(  292): Preloaded drawable resource #0x10805d6 (android:drawable/scrubber_primary_holo) that varies with configuration!!
08-29 00:24:02.739 W/Resources(  292): Preloaded drawable resource #0x10805d9 (android:drawable/scrubber_progress_horizontal_holo_light) that varies with configuration!!
08-29 00:24:02.743 V/NatController(  285): runCmd(/system/bin/iptables -w -A natctrl_FORWARD -j DROP) res=0
08-29 00:24:02.743 W/Resources(  292): Preloaded drawable resource #0x10805ca (android:drawable/scrollbar_handle_holo_dark) that varies with configuration!!
08-29 00:24:02.744 W/Resources(  292): Preloaded drawable resource #0x10805cb (android:drawable/scrollbar_handle_holo_light) that varies with configuration!!
08-29 00:24:02.744 W/Resources(  292): Preloaded drawable resource #0x1080621 (android:drawable/spinner_disabled_holo_dark) that varies with configuration!!
08-29 00:24:02.745 E/Minikin (  292): addFont failed to create font /system/fonts/NanumGothic.ttf
08-29 00:24:02.745 W/Resources(  292): Preloaded drawable resource #0x108062e (android:drawable/spinner_pressed_holo_dark) that varies with configuration!!
08-29 00:24:02.745 E/Minikin (  292): addFont failed to create font /system/fonts/DroidSansFallback.ttf
08-29 00:24:02.745 E/Minikin (  292): addFont failed to create font /system/fonts/MTLmr3m.ttf
08-29 00:24:02.745 W/Resources(  292): Preloaded drawable resource #0x1080627 (android:drawable/spinner_focused_holo_dark) that varies with configuration!!
08-29 00:24:02.746 W/Resources(  292): Preloaded drawable resource #0x108061c (android:drawable/spinner_default_holo_dark) that varies with configuration!!
08-29 00:24:02.746 W/Resources(  292): Preloaded drawable resource #0x1080615 (android:drawable/spinner_background_holo_dark) that varies with configuration!!
08-29 00:24:02.746 W/Resources(  292): Preloaded drawable resource #0x1080623 (android:drawable/spinner_disabled_holo_light) that varies with configuration!!
08-29 00:24:02.746 W/Resources(  292): Preloaded drawable resource #0x1080630 (android:drawable/spinner_pressed_holo_light) that varies with configuration!!
08-29 00:24:02.747 E/ProbeModule(  588): cannot load dep file : (null)
08-29 00:24:02.747 W/Resources(  292): Preloaded drawable resource #0x1080629 (android:drawable/spinner_focused_holo_light) that varies with configuration!!
08-29 00:24:02.747 W/Resources(  292): Preloaded drawable resource #0x108061e (android:drawable/spinner_default_holo_light) that varies with configuration!!
08-29 00:24:02.747 W/Resources(  292): Preloaded drawable resource #0x1080616 (android:drawable/spinner_background_holo_light) that varies with configuration!!
08-29 00:24:02.747 W/Resources(  292): Preloaded drawable resource #0x1080601 (android:drawable/spinner_ab_default_holo_dark) that varies with configuration!!
08-29 00:24:02.748 E/ProbeModule(  590): cannot load dep file : (null)
08-29 00:24:02.748 W/Resources(  292): Preloaded drawable resource #0x1080603 (android:drawable/spinner_ab_default_holo_light) that varies with configuration!!
08-29 00:24:02.748 W/Resources(  292): Preloaded drawable resource #0x1080605 (android:drawable/spinner_ab_disabled_holo_dark) that varies with configuration!!
08-29 00:24:02.748 V/NatController(  285): runCmd(/system/bin/iptables -w -t nat -F natctrl_nat_POSTROUTING) res=3
08-29 00:24:02.748 W/Resources(  292): Preloaded drawable resource #0x1080607 (android:drawable/spinner_ab_disabled_holo_light) that varies with configuration!!
08-29 00:24:02.749 W/Resources(  292): Preloaded drawable resource #0x1080609 (android:drawable/spinner_ab_focused_holo_dark) that varies with configuration!!
08-29 00:24:02.749 W/Resources(  292): Preloaded drawable resource #0x108060b (android:drawable/spinner_ab_focused_holo_light) that varies with configuration!!
08-29 00:24:02.749 W/Resources(  292): Preloaded drawable resource #0x108060f (android:drawable/spinner_ab_pressed_holo_dark) that varies with configuration!!
08-29 00:24:02.750 W/Resources(  292): Preloaded drawable resource #0x1080611 (android:drawable/spinner_ab_pressed_holo_light) that varies with configuration!!
08-29 00:24:02.750 W/Resources(  292): Preloaded drawable resource #0x1080605 (android:drawable/spinner_ab_disabled_holo_dark) that varies with configuration!!
08-29 00:24:02.750 W/Resources(  292): Preloaded drawable resource #0x108060f (android:drawable/spinner_ab_pressed_holo_dark) that varies with configuration!!
08-29 00:24:02.751 W/Resources(  292): Preloaded drawable resource #0x1080609 (android:drawable/spinner_ab_focused_holo_dark) that varies with configuration!!
08-29 00:24:02.751 W/Resources(  292): Preloaded drawable resource #0x1080601 (android:drawable/spinner_ab_default_holo_dark) that varies with configuration!!
08-29 00:24:02.751 W/Resources(  292): Preloaded drawable resource #0x108060d (android:drawable/spinner_ab_holo_dark) that varies with configuration!!
08-29 00:24:02.751 W/Resources(  292): Preloaded drawable resource #0x1080607 (android:drawable/spinner_ab_disabled_holo_light) that varies with configuration!!
08-29 00:24:02.752 W/Resources(  292): Preloaded drawable resource #0x1080611 (android:drawable/spinner_ab_pressed_holo_light) that varies with configuration!!
08-29 00:24:02.752 W/Resources(  292): Preloaded drawable resource #0x108060b (android:drawable/spinner_ab_focused_holo_light) that varies with configuration!!
08-29 00:24:02.752 W/Resources(  292): Preloaded drawable resource #0x1080603 (android:drawable/spinner_ab_default_holo_light) that varies with configuration!!
08-29 00:24:02.753 W/Resources(  292): Preloaded drawable resource #0x108060e (android:drawable/spinner_ab_holo_light) that varies with configuration!!
08-29 00:24:02.753 W/Resources(  292): Preloaded drawable resource #0x108061c (android:drawable/spinner_default_holo_dark) that varies with configuration!!
08-29 00:24:02.753 W/Resources(  292): Preloaded drawable resource #0x108061e (android:drawable/spinner_default_holo_light) that varies with configuration!!
08-29 00:24:02.754 W/Resources(  292): Preloaded drawable resource #0x1080621 (android:drawable/spinner_disabled_holo_dark) that varies with configuration!!
08-29 00:24:02.754 W/Resources(  292): Preloaded drawable resource #0x1080623 (android:drawable/spinner_disabled_holo_light) that varies with configuration!!
08-29 00:24:02.755 W/Resources(  292): Preloaded drawable resource #0x1080627 (android:drawable/spinner_focused_holo_dark) that varies with configuration!!
08-29 00:24:02.755 W/Resources(  292): Preloaded drawable resource #0x1080629 (android:drawable/spinner_focused_holo_light) that varies with configuration!!
08-29 00:24:02.756 W/Resources(  292): Preloaded drawable resource #0x108062e (android:drawable/spinner_pressed_holo_dark) that varies with configuration!!
08-29 00:24:02.757 W/Resources(  292): Preloaded drawable resource #0x1080630 (android:drawable/spinner_pressed_holo_light) that varies with configuration!!
08-29 00:24:02.758 W/Resources(  292): Preloaded drawable resource #0x108024e (android:drawable/cab_background_bottom_holo_dark) that varies with configuration!!
08-29 00:24:02.758 W/Resources(  292): Preloaded drawable resource #0x1080253 (android:drawable/cab_background_top_holo_light) that varies with configuration!!
08-29 00:24:02.758 W/Resources(  292): Preloaded drawable resource #0x108024f (android:drawable/cab_background_bottom_holo_light) that varies with configuration!!
08-29 00:24:02.759 W/Resources(  292): Preloaded drawable resource #0x108030e (android:drawable/ic_cab_done_holo_dark) that varies with configuration!!
08-29 00:24:02.759 W/Resources(  292): Preloaded drawable resource #0x1080252 (android:drawable/cab_background_top_holo_dark) that varies with configuration!!
08-29 00:24:02.759 W/Resources(  292): Preloaded drawable resource #0x108030f (android:drawable/ic_cab_done_holo_light) that varies with configuration!!
08-29 00:24:02.760 W/Resources(  292): Preloaded drawable resource #0x10800d6 (android:drawable/btn_cab_done_default_holo_dark) that varies with configuration!!
08-29 00:24:02.760 W/Resources(  292): Preloaded drawable resource #0x10800d9 (android:drawable/btn_cab_done_focused_holo_light) that varies with configuration!!
08-29 00:24:02.760 W/Resources(  292): Preloaded drawable resource #0x10800d7 (android:drawable/btn_cab_done_default_holo_light) that varies with configuration!!
08-29 00:24:02.761 W/Resources(  292): Preloaded drawable resource #0x10800dc (android:drawable/btn_cab_done_pressed_holo_dark) that varies with configuration!!
08-29 00:24:02.761 W/Resources(  292): Preloaded drawable resource #0x10800d8 (android:drawable/btn_cab_done_focused_holo_dark) that varies with configuration!!
08-29 00:24:02.761 W/Resources(  292): Preloaded drawable resource #0x10800dd (android:drawable/btn_cab_done_pressed_holo_light) that varies with configuration!!
08-29 00:24:02.761 W/Resources(  292): Preloaded drawable resource #0x1080498 (android:drawable/list_pressed_holo_light) that varies with configuration!!
08-29 00:24:02.761 W/Resources(  292): Preloaded drawable resource #0x10800d9 (android:drawable/btn_cab_done_focused_holo_light) that varies with configuration!!
08-29 00:24:02.762 W/Resources(  292): Preloaded drawable resource #0x10800d7 (android:drawable/btn_cab_done_default_holo_light) that varies with configuration!!
08-29 00:24:02.762 W/Resources(  292): Preloaded drawable resource #0x10800db (android:drawable/btn_cab_done_holo_light) that varies with configuration!!
08-29 00:24:02.762 W/Resources(  292): Preloaded drawable resource #0x1080497 (android:drawable/list_pressed_holo_dark) that varies with configuration!!
08-29 00:24:02.763 W/Resources(  292): Preloaded drawable resource #0x10800d8 (android:drawable/btn_cab_done_focused_holo_dark) that varies with configuration!!
08-29 00:24:02.764 W/Resources(  292): Preloaded drawable resource #0x10800d6 (android:drawable/btn_cab_done_default_holo_dark) that varies with configuration!!
08-29 00:24:02.764 W/Resources(  292): Preloaded drawable resource #0x10800da (android:drawable/btn_cab_done_holo_dark) that varies with configuration!!
08-29 00:24:02.765 W/Resources(  292): Preloaded drawable resource #0x1080038 (android:drawable/ic_menu_close_clear_cancel) that varies with configuration!!
08-29 00:24:02.766 W/Resources(  292): Preloaded drawable resource #0x10803bb (android:drawable/ic_menu_copy_holo_dark) that varies with configuration!!
08-29 00:24:02.767 W/Resources(  292): Preloaded drawable resource #0x10803bc (android:drawable/ic_menu_copy_holo_light) that varies with configuration!!
08-29 00:24:02.769 W/Resources(  292): Preloaded drawable resource #0x10803bf (android:drawable/ic_menu_cut_holo_dark) that varies with configuration!!
08-29 00:24:02.769 W/Resources(  292): Preloaded drawable resource #0x10803c0 (android:drawable/ic_menu_cut_holo_light) that varies with configuration!!
08-29 00:24:02.770 W/Resources(  292): Preloaded drawable resource #0x1080045 (android:drawable/ic_menu_more) that varies with configuration!!
08-29 00:24:02.771 W/Resources(  292): Preloaded drawable resource #0x10803d9 (android:drawable/ic_menu_moreoverflow_normal_holo_dark) that varies with configuration!!
08-29 00:24:02.771 W/Resources(  292): Preloaded drawable resource #0x10803d4 (android:drawable/ic_menu_moreoverflow_holo_dark) that varies with configuration!!
08-29 00:24:02.771 W/Resources(  292): Preloaded drawable resource #0x10803da (android:drawable/ic_menu_moreoverflow_normal_holo_light) that varies with configuration!!
08-29 00:24:02.771 W/Resources(  292): Preloaded drawable resource #0x10803d5 (android:drawable/ic_menu_moreoverflow_holo_light) that varies with configuration!!
08-29 00:24:02.773 W/Resources(  292): Preloaded drawable resource #0x10803dd (android:drawable/ic_menu_paste_holo_dark) that varies with configuration!!
08-29 00:24:02.773 W/Resources(  292): Preloaded drawable resource #0x10803de (android:drawable/ic_menu_paste_holo_light) that varies with configuration!!
08-29 00:24:02.774 W/Resources(  292): Preloaded drawable resource #0x10803e7 (android:drawable/ic_menu_selectall_holo_light) that varies with configuration!!
08-29 00:24:02.774 W/Resources(  292): Preloaded drawable resource #0x10803e6 (android:drawable/ic_menu_selectall_holo_dark) that varies with configuration!!
08-29 00:24:02.775 W/Resources(  292): Preloaded drawable resource #0x108031a (android:drawable/ic_clear_disabled) that varies with configuration!!
08-29 00:24:02.777 W/Resources(  292): Preloaded drawable resource #0x1080319 (android:drawable/ic_clear) that varies with configuration!!
08-29 00:24:02.777 W/Resources(  292): Preloaded drawable resource #0x108031a (android:drawable/ic_clear_disabled) that varies with configuration!!
08-29 00:24:02.779 W/Resources(  292): Preloaded drawable resource #0x1080419 (android:drawable/ic_search_api_holo_dark) that varies with configuration!!
08-29 00:24:02.779 W/Resources(  292): Preloaded drawable resource #0x108041a (android:drawable/ic_search_api_holo_light) that varies with configuration!!
08-29 00:24:02.779 W/Resources(  292): Preloaded drawable resource #0x108034b (android:drawable/ic_go) that varies with configuration!!
08-29 00:24:02.779 W/Resources(  292): Preloaded drawable resource #0x1080431 (android:drawable/ic_voice_search_api_holo_dark) that varies with configuration!!
08-29 00:24:02.779 W/Resources(  292): Preloaded drawable resource #0x1080432 (android:drawable/ic_voice_search_api_holo_light) that varies with configuration!!
08-29 00:24:02.803 W/Resources(  292): Preloaded drawable resource #0x108026e (android:drawable/dialog_bottom_holo_dark) that varies with configuration!!
08-29 00:24:02.804 W/Resources(  292): Preloaded drawable resource #0x108026f (android:drawable/dialog_bottom_holo_light) that varies with configuration!!
08-29 00:24:02.804 W/Resources(  292): Preloaded drawable resource #0x108027c (android:drawable/dialog_middle_holo_dark) that varies with configuration!!
08-29 00:24:02.805 W/Resources(  292): Preloaded drawable resource #0x108027d (android:drawable/dialog_middle_holo_light) that varies with configuration!!
08-29 00:24:02.805 W/Resources(  292): Preloaded drawable resource #0x108027e (android:drawable/dialog_top_holo_dark) that varies with configuration!!
08-29 00:24:02.805 W/Resources(  292): Preloaded drawable resource #0x108027f (android:drawable/dialog_top_holo_light) that varies with configuration!!
08-29 00:24:02.805 W/Resources(  292): Preloaded drawable resource #0x1080336 (android:drawable/ic_dialog_alert_holo_dark) that varies with configuration!!
08-29 00:24:02.805 W/Resources(  292): Preloaded drawable resource #0x1080337 (android:drawable/ic_dialog_alert_holo_light) that varies with configuration!!
08-29 00:24:02.806 W/Resources(  292): Preloaded drawable resource #0x108048c (android:drawable/list_divider_holo_dark) that varies with configuration!!
08-29 00:24:02.806 W/Resources(  292): Preloaded drawable resource #0x108048d (android:drawable/list_divider_holo_light) that varies with configuration!!
08-29 00:24:02.806 W/Resources(  292): Preloaded drawable resource #0x108048d (android:drawable/list_divider_holo_light) that varies with configuration!!
08-29 00:24:02.806 W/Resources(  292): Preloaded drawable resource #0x10800c1 (android:drawable/ab_transparent_dark_holo) that varies with configuration!!
08-29 00:24:02.806 W/Resources(  292): Preloaded drawable resource #0x10800bf (android:drawable/ab_stacked_transparent_dark_holo) that varies with configuration!!
08-29 00:24:02.806 W/Resources(  292): Preloaded drawable resource #0x10800a1 (android:drawable/ab_bottom_transparent_dark_holo) that varies with configuration!!
08-29 00:24:02.806 W/Resources(  292): Preloaded drawable resource #0x10800b7 (android:drawable/ab_solid_dark_holo) that varies with configuration!!
08-29 00:24:02.806 W/Resources(  292): Preloaded drawable resource #0x10800bc (android:drawable/ab_stacked_solid_dark_holo) that varies with configuration!!
08-29 00:24:02.807 W/Resources(  292): Preloaded drawable resource #0x108009e (android:drawable/ab_bottom_solid_dark_holo) that varies with configuration!!
08-29 00:24:02.807 W/Resources(  292): Preloaded drawable resource #0x10800c2 (android:drawable/ab_transparent_light_holo) that varies with configuration!!
08-29 00:24:02.807 W/Resources(  292): Preloaded drawable resource #0x10800c0 (android:drawable/ab_stacked_transparent_light_holo) that varies with configuration!!
08-29 00:24:02.807 W/Resources(  292): Preloaded drawable resource #0x10800a2 (android:drawable/ab_bottom_transparent_light_holo) that varies with configuration!!
08-29 00:24:02.807 W/Resources(  292): Preloaded drawable resource #0x10800b8 (android:drawable/ab_solid_light_holo) that varies with configuration!!
08-29 00:24:02.807 W/Resources(  292): Preloaded drawable resource #0x10800be (android:drawable/ab_stacked_solid_light_holo) that varies with configuration!!
08-29 00:24:02.807 W/Resources(  292): Preloaded drawable resource #0x10800a0 (android:drawable/ab_bottom_solid_light_holo) that varies with configuration!!
08-29 00:24:02.808 W/Resources(  292): Preloaded drawable resource #0x10800b9 (android:drawable/ab_solid_shadow_holo) that varies with configuration!!
08-29 00:24:02.808 W/Resources(  292): Preloaded drawable resource #0x10804b8 (android:drawable/list_selector_disabled_holo_dark) that varies with configuration!!
08-29 00:24:02.808 W/Resources(  292): Preloaded drawable resource #0x10804b8 (android:drawable/list_selector_disabled_holo_dark) that varies with configuration!!
08-29 00:24:02.808 W/Resources(  292): Preloaded drawable resource #0x1080490 (android:drawable/list_focused_holo) that varies with configuration!!
08-29 00:24:02.808 W/Resources(  292): Preloaded drawable resource #0x1080447 (android:drawable/item_background_holo_dark) that varies with configuration!!
08-29 00:24:02.809 W/Resources(  292): Preloaded drawable resource #0x10804b9 (android:drawable/list_selector_disabled_holo_light) that varies with configuration!!
08-29 00:24:02.809 W/Resources(  292): Preloaded drawable resource #0x10804b9 (android:drawable/list_selector_disabled_holo_light) that varies with configuration!!
08-29 00:24:02.809 W/Resources(  292): Preloaded drawable resource #0x1080490 (android:drawable/list_focused_holo) that varies with configuration!!
08-29 00:24:02.809 W/Resources(  292): Preloaded drawable resource #0x1080448 (android:drawable/item_background_holo_light) that varies with configuration!!
08-29 00:24:02.809 W/Resources(  292): Preloaded drawable resource #0x10802d1 (android:drawable/fastscroll_thumb_pressed_holo) that varies with configuration!!
08-29 00:24:02.809 W/Resources(  292): Preloaded drawable resource #0x10802ce (android:drawable/fastscroll_thumb_default_holo) that varies with configuration!!
08-29 00:24:02.810 W/Resources(  292): Preloaded drawable resource #0x10802cf (android:drawable/fastscroll_thumb_holo) that varies with configuration!!
08-29 00:24:02.810 W/Resources(  292): Preloaded drawable resource #0x10802d1 (android:drawable/fastscroll_thumb_pressed_holo) that varies with configuration!!
08-29 00:24:02.810 W/Resources(  292): Preloaded drawable resource #0x10802ce (android:drawable/fastscroll_thumb_default_holo) that varies with configuration!!
08-29 00:24:02.810 W/Resources(  292): Preloaded drawable resource #0x10802d7 (android:drawable/fastscroll_track_pressed_holo_dark) that varies with configuration!!
08-29 00:24:02.810 W/Resources(  292): Preloaded drawable resource #0x10802d2 (android:drawable/fastscroll_track_default_holo_dark) that varies with configuration!!
08-29 00:24:02.810 W/Resources(  292): Preloaded drawable resource #0x10802d4 (android:drawable/fastscroll_track_holo_dark) that varies with configuration!!
08-29 00:24:02.810 W/Resources(  292): Preloaded drawable resource #0x10802d7 (android:drawable/fastscroll_track_pressed_holo_dark) that varies with configuration!!
08-29 00:24:02.810 W/Resources(  292): Preloaded drawable resource #0x10802d2 (android:drawable/fastscroll_track_default_holo_dark) that varies with configuration!!
08-29 00:24:02.810 W/Resources(  292): Preloaded drawable resource #0x10802d8 (android:drawable/fastscroll_track_pressed_holo_light) that varies with configuration!!
08-29 00:24:02.811 W/Resources(  292): Preloaded drawable resource #0x10802d3 (android:drawable/fastscroll_track_default_holo_light) that varies with configuration!!
08-29 00:24:02.811 W/Resources(  292): Preloaded drawable resource #0x10802d5 (android:drawable/fastscroll_track_holo_light) that varies with configuration!!
08-29 00:24:02.811 W/Resources(  292): Preloaded drawable resource #0x10802d8 (android:drawable/fastscroll_track_pressed_holo_light) that varies with configuration!!
08-29 00:24:02.811 W/Resources(  292): Preloaded drawable resource #0x10802d3 (android:drawable/fastscroll_track_default_holo_light) that varies with configuration!!
08-29 00:24:02.811 W/Resources(  292): Preloaded drawable resource #0x10802a9 (android:drawable/editbox_dropdown_background_dark) that varies with configuration!!
08-29 00:24:02.812 W/Resources(  292): Preloaded drawable resource #0x1080726 (android:drawable/textfield_search_selected_holo_dark) that varies with configuration!!
08-29 00:24:02.812 W/Resources(  292): Preloaded drawable resource #0x1080718 (android:drawable/textfield_search_default_holo_dark) that varies with configuration!!
08-29 00:24:02.812 W/Resources(  292): Preloaded drawable resource #0x1080728 (android:drawable/textfield_searchview_holo_dark) that varies with configuration!!
08-29 00:24:02.812 W/Resources(  292): Preloaded drawable resource #0x1080723 (android:drawable/textfield_search_right_selected_holo_dark) that varies with configuration!!
08-29 00:24:02.812 W/Resources(  292): Preloaded drawable resource #0x1080721 (android:drawable/textfield_search_right_default_holo_dark) that varies with configuration!!
08-29 00:24:02.812 W/Resources(  292): Preloaded drawable resource #0x108072a (android:drawable/textfield_searchview_right_holo_dark) that varies with configuration!!
08-29 00:24:02.812 W/Resources(  292): Preloaded drawable resource #0x1080727 (android:drawable/textfield_search_selected_holo_light) that varies with configuration!!
08-29 00:24:02.812 W/Resources(  292): Preloaded drawable resource #0x1080719 (android:drawable/textfield_search_default_holo_light) that varies with configuration!!
08-29 00:24:02.812 W/Resources(  292): Preloaded drawable resource #0x1080729 (android:drawable/textfield_searchview_holo_light) that varies with configuration!!
08-29 00:24:02.813 W/Resources(  292): Preloaded drawable resource #0x1080724 (android:drawable/textfield_search_right_selected_holo_light) that varies with configuration!!
08-29 00:24:02.813 W/Resources(  292): Preloaded drawable resource #0x1080722 (android:drawable/textfield_search_right_default_holo_light) that varies with configuration!!
08-29 00:24:02.813 W/Resources(  292): Preloaded drawable resource #0x108072b (android:drawable/textfield_searchview_right_holo_light) that varies with configuration!!
08-29 00:24:02.813 W/Resources(  292): Preloaded drawable resource #0x1080726 (android:drawable/textfield_search_selected_holo_dark) that varies with configuration!!
08-29 00:24:02.813 W/Resources(  292): Preloaded drawable resource #0x1080718 (android:drawable/textfield_search_default_holo_dark) that varies with configuration!!
08-29 00:24:02.813 W/Resources(  292): Preloaded drawable resource #0x1080723 (android:drawable/textfield_search_right_selected_holo_dark) that varies with configuration!!
08-29 00:24:02.813 W/Resources(  292): Preloaded drawable resource #0x1080721 (android:drawable/textfield_search_right_default_holo_dark) that varies with configuration!!
08-29 00:24:02.813 W/Resources(  292): Preloaded drawable resource #0x1080727 (android:drawable/textfield_search_selected_holo_light) that varies with configuration!!
08-29 00:24:02.813 W/Resources(  292): Preloaded drawable resource #0x1080719 (android:drawable/textfield_search_default_holo_light) that varies with configuration!!
08-29 00:24:02.813 W/Resources(  292): Preloaded drawable resource #0x1080724 (android:drawable/textfield_search_right_selected_holo_light) that varies with configuration!!
08-29 00:24:02.813 W/Resources(  292): Preloaded drawable resource #0x1080722 (android:drawable/textfield_search_right_default_holo_light) that varies with configuration!!
08-29 00:24:02.813 W/Resources(  292): Preloaded drawable resource #0x10806e3 (android:drawable/tab_unselected_holo) that varies with configuration!!
08-29 00:24:02.813 W/Resources(  292): Preloaded drawable resource #0x10806de (android:drawable/tab_selected_holo) that varies with configuration!!
08-29 00:24:02.814 W/Resources(  292): Preloaded drawable resource #0x10806e2 (android:drawable/tab_unselected_focused_holo) that varies with configuration!!
08-29 00:24:02.814 W/Resources(  292): Preloaded drawable resource #0x10806dd (android:drawable/tab_selected_focused_holo) that varies with configuration!!
08-29 00:24:02.814 W/Resources(  292): Preloaded drawable resource #0x10806e4 (android:drawable/tab_unselected_pressed_holo) that varies with configuration!!
08-29 00:24:02.814 W/Resources(  292): Preloaded drawable resource #0x10806df (android:drawable/tab_selected_pressed_holo) that varies with configuration!!
08-29 00:24:02.814 W/Resources(  292): Preloaded drawable resource #0x10806e4 (android:drawable/tab_unselected_pressed_holo) that varies with configuration!!
08-29 00:24:02.814 W/Resources(  292): Preloaded drawable resource #0x10806df (android:drawable/tab_selected_pressed_holo) that varies with configuration!!
08-29 00:24:02.814 W/Resources(  292): Preloaded drawable resource #0x10806d0 (android:drawable/tab_indicator_holo) that varies with configuration!!
08-29 00:24:02.814 W/Resources(  292): Preloaded drawable resource #0x10806e3 (android:drawable/tab_unselected_holo) that varies with configuration!!
08-29 00:24:02.814 W/Resources(  292): Preloaded drawable resource #0x10806de (android:drawable/tab_selected_holo) that varies with configuration!!
08-29 00:24:02.814 W/Resources(  292): Preloaded drawable resource #0x10806e2 (android:drawable/tab_unselected_focused_holo) that varies with configuration!!
08-29 00:24:02.814 W/Resources(  292): Preloaded drawable resource #0x10806dd (android:drawable/tab_selected_focused_holo) that varies with configuration!!
08-29 00:24:02.814 W/Resources(  292): Preloaded drawable resource #0x10806e4 (android:drawable/tab_unselected_pressed_holo) that varies with configuration!!
08-29 00:24:02.815 W/Resources(  292): Preloaded drawable resource #0x10806df (android:drawable/tab_selected_pressed_holo) that varies with configuration!!
08-29 00:24:02.815 W/Resources(  292): Preloaded drawable resource #0x1080590 (android:drawable/quickcontact_badge_overlay_pressed_dark) that varies with configuration!!
08-29 00:24:02.815 W/Resources(  292): Preloaded drawable resource #0x1080587 (android:drawable/quickcontact_badge_overlay_focused_dark) that varies with configuration!!
08-29 00:24:02.815 W/Resources(  292): Preloaded drawable resource #0x108058c (android:drawable/quickcontact_badge_overlay_normal_dark) that varies with configuration!!
08-29 00:24:02.815 W/Resources(  292): Preloaded drawable resource #0x1080586 (android:drawable/quickcontact_badge_overlay_dark) that varies with configuration!!
08-29 00:24:02.816 W/Resources(  292): Preloaded drawable resource #0x108058c (android:drawable/quickcontact_badge_overlay_normal_dark) that varies with configuration!!
08-29 00:24:02.816 W/Resources(  292): Preloaded drawable resource #0x1080590 (android:drawable/quickcontact_badge_overlay_pressed_dark) that varies with configuration!!
08-29 00:24:02.816 W/Resources(  292): Preloaded drawable resource #0x1080592 (android:drawable/quickcontact_badge_overlay_pressed_light) that varies with configuration!!
08-29 00:24:02.816 W/Resources(  292): Preloaded drawable resource #0x1080589 (android:drawable/quickcontact_badge_overlay_focused_light) that varies with configuration!!
08-29 00:24:02.817 W/Resources(  292): Preloaded drawable resource #0x108058e (android:drawable/quickcontact_badge_overlay_normal_light) that varies with configuration!!
08-29 00:24:02.817 W/Resources(  292): Preloaded drawable resource #0x108058b (android:drawable/quickcontact_badge_overlay_light) that varies with configuration!!
08-29 00:24:02.817 W/Resources(  292): Preloaded drawable resource #0x108058e (android:drawable/quickcontact_badge_overlay_normal_light) that varies with configuration!!
08-29 00:24:02.817 W/Resources(  292): Preloaded drawable resource #0x1080592 (android:drawable/quickcontact_badge_overlay_pressed_light) that varies with configuration!!
08-29 00:24:02.817 W/Resources(  292): Preloaded drawable resource #0x10800b5 (android:drawable/ab_share_pack_material) that varies with configuration!!
08-29 00:24:02.819 W/Resources(  292): Preloaded drawable resource #0x10800ba (android:drawable/ab_solid_shadow_material) that varies with configuration!!
08-29 00:24:02.878 W/Resources(  292): Preloaded drawable resource #0x1080181 (android:drawable/btn_radio_material_anim) that varies with configuration!!
08-29 00:24:02.878 W/Resources(  292): Preloaded drawable resource #0x10801f5 (android:drawable/btn_star_material) that varies with configuration!!
08-29 00:24:02.878 W/Resources(  292): Preloaded drawable resource #0x1080250 (android:drawable/cab_background_bottom_material) that varies with configuration!!
08-29 00:24:02.879 W/Resources(  292): Preloaded drawable resource #0x1080254 (android:drawable/cab_background_top_material) that varies with configuration!!
08-29 00:24:02.879 W/Resources(  292): Preloaded drawable resource #0x10802a6 (android:drawable/edit_text_material) that varies with configuration!!
08-29 00:24:02.880 W/Resources(  292): Preloaded drawable resource #0x10802c2 (android:drawable/expander_group_material) that varies with configuration!!
08-29 00:24:02.882 W/Resources(  292): Preloaded drawable resource #0x1080329 (android:drawable/ic_commit_search_api_material) that varies with configuration!!
08-29 00:24:02.883 W/Resources(  292): Preloaded drawable resource #0x1080343 (android:drawable/ic_find_next_material) that varies with configuration!!
08-29 00:24:02.883 W/Resources(  292): Preloaded drawable resource #0x1080347 (android:drawable/ic_find_previous_material) that varies with configuration!!
08-29 00:24:02.885 W/Resources(  292): Preloaded drawable resource #0x1080395 (android:drawable/ic_media_route_connecting_material) that varies with configuration!!
08-29 00:24:02.886 W/Resources(  292): Preloaded drawable resource #0x1080395 (android:drawable/ic_media_route_connecting_material) that varies with configuration!!
08-29 00:24:02.886 W/Resources(  292): Preloaded drawable resource #0x108039b (android:drawable/ic_media_route_material) that varies with configuration!!
08-29 00:24:02.887 W/Resources(  292): Preloaded drawable resource #0x10803c7 (android:drawable/ic_menu_find_material) that varies with configuration!!
08-29 00:24:02.888 W/Resources(  292): Preloaded drawable resource #0x10803e4 (android:drawable/ic_menu_search_material) that varies with configuration!!
08-29 00:24:02.889 W/Resources(  292): Preloaded drawable resource #0x108049b (android:drawable/list_section_divider_material) that varies with configuration!!
08-29 00:24:02.890 W/Resources(  292): Preloaded drawable resource #0x10805bf (android:drawable/ratingbar_material) that varies with configuration!!
08-29 00:24:02.891 W/Resources(  292): Preloaded drawable resource #0x10805c3 (android:drawable/ratingbar_small_material) that varies with configuration!!
08-29 00:24:02.891 W/Resources(  292): Preloaded drawable resource #0x10805be (android:drawable/ratingbar_indicator_material) that varies with configuration!!
08-29 00:24:02.893 W/Resources(  292): Preloaded drawable resource #0x10802a6 (android:drawable/edit_text_material) that varies with configuration!!
08-29 00:24:02.893 W/Resources(  292): Preloaded drawable resource #0x1080633 (android:drawable/spinner_textfield_background_material) that varies with configuration!!
08-29 00:24:02.896 V/DngCreator_JNI(  292): DngCreator_nativeClassInit:
08-29 00:24:02.898 W/Resources(  292): Preloaded drawable resource #0x10806a3 (android:drawable/switch_thumb_material_anim) that varies with configuration!!
08-29 00:24:02.899 W/Resources(  292): Preloaded drawable resource #0x108071f (android:drawable/textfield_search_material) that varies with configuration!!
08-29 00:24:02.899 W/Resources(  292): Preloaded drawable resource #0x10806ed (android:drawable/text_select_handle_left_material) that varies with configuration!!
08-29 00:24:02.899 W/Resources(  292): Preloaded drawable resource #0x10806f0 (android:drawable/text_select_handle_middle_material) that varies with configuration!!
08-29 00:24:02.899 W/Resources(  292): Preloaded drawable resource #0x10806f3 (android:drawable/text_select_handle_right_material) that varies with configuration!!
08-29 00:24:02.927 I/Zygote  (  292): ...preloaded 342 resources in 910ms.
08-29 00:24:02.928 I/Zygote  (  292): ...preloaded 41 resources in 1ms.
08-29 00:24:02.928 I/Zygote  (  292): Preloading shared libraries...
08-29 00:24:02.938 E/EmojiFactory_jni(  292): Failed to load libemoji.so: dlopen failed: library "libemoji.so" not found
08-29 00:24:03.016 I/art     (  292): Thread[6,tid=473,Native,Thread*=0xb3bf5e00,peer=0x12c353a0,"Thread-6"] recursive attempt to load library "/system/lib/libmedia_jni.so"
08-29 00:24:03.016 D/MtpDeviceJNI(  292): register_android_mtp_MtpDevice
08-29 00:24:03.016 I/art     (  292): Thread[6,tid=473,Native,Thread*=0xb3bf5e00,peer=0x12c353a0,"Thread-6"] recursive attempt to load library "/system/lib/libmedia_jni.so"
08-29 00:24:03.016 I/art     (  292): Thread[6,tid=473,Native,Thread*=0xb3bf5e00,peer=0x12c353a0,"Thread-6"] recursive attempt to load library "/system/lib/libmedia_jni.so"
08-29 00:24:03.048 D/NativeLibraryHelper(  292): compilePackagePattern pattern = com\\.tencent\\.tmgp\\.bh3 abi = x86
08-29 00:24:03.048 D/NativeLibraryHelper(  292): compilePackagePattern pattern = com\\.yinhan\\.skzh\\.uc abi = armeabi-v7a
08-29 00:24:03.048 D/NativeLibraryHelper(  292): compilePackagePattern pattern = com\\.braygame\\.GunDam abi = armeabi-v7a
08-29 00:24:03.048 D/NativeLibraryHelper(  292): compilePackagePattern pattern = com\\.braygame\\.bc\\.aligames abi = armeabi-v7a
08-29 00:24:03.048 D/NativeLibraryHelper(  292): compilePackagePattern pattern = com\\.SleeeeepFly\\.BuilderDuet abi = armeabi-v7a
08-29 00:24:03.048 D/NativeLibraryHelper(  292): compilePackagePattern pattern = com\\.ilongyuan\\.implosion abi = armeabi-v7a
08-29 00:24:03.048 D/NativeLibraryHelper(  292): compilePackagePattern pattern = com\\.xcqy\\.uc abi = armeabi-v7a
08-29 00:24:03.048 D/NativeLibraryHelper(  292): compilePackagePattern pattern = com\\.xd\\.scd\\.release\\.inside abi = armeabi-v7a
08-29 00:24:03.048 D/NativeLibraryHelper(  292): compilePackagePattern pattern = com\\.tencent\\.tmgp\\.mhzxsy abi = x86
08-29 00:24:03.048 D/NativeLibraryHelper(  292): compilePackagePattern pattern = com\\.tencent\\.game\\.rhythmmaster abi = arm
08-29 00:24:03.048 D/NativeLibraryHelper(  292): compilePackagePattern pattern = com\\.tencent\\.tako\\.muses abi = armeabi-v7a
08-29 00:24:03.048 D/NativeLibraryHelper(  292): compilePackagePattern pattern = com\\.tencent\\.cldts abi = armeabi-v7a
08-29 00:24:03.049 D/NativeLibraryHelper(  292): compilePackagePattern pattern = com\\.tencent\\.tmgp\\.ysj abi = x86
08-29 00:24:03.049 D/NativeLibraryHelper(  292): compilePackagePattern pattern = com\\.tencent\\.tmgp\\.fcicv abi = x86
08-29 00:24:03.049 D/NativeLibraryHelper(  292): compilePackagePattern pattern = com\\.tencent\\.KiHan abi = armeabi-v7a
08-29 00:24:03.049 D/NativeLibraryHelper(  292): compilePackagePattern pattern = com\\.netease\\.yzs abi = armeabi-v7a
08-29 00:24:03.049 D/NativeLibraryHelper(  292): compilePackagePattern pattern = com\\.tencent\\.shootgame abi = armeabi-v7a
08-29 00:24:03.049 D/NativeLibraryHelper(  292): compilePackagePattern pattern = com\\.pandadastudio\\.ninjamustdie3 abi = armeabi-v7a
08-29 00:24:03.049 D/NativeLibraryHelper(  292): compilePackagePattern pattern = com\\.netease\\.easybuddy abi = armeabi-v7a
08-29 00:24:03.049 D/NativeLibraryHelper(  292): compilePackagePattern pattern = com\\.tencent\\.hxh abi = armeabi-v7a
08-29 00:24:03.049 D/NativeLibraryHelper(  292): compilePackagePattern pattern = com\\.tencent\\.tapenjoy\\.actx abi = armeabi-v7a
08-29 00:24:03.049 D/NativeLibraryHelper(  292): compilePackagePattern pattern = com\\.tnyoo\\.z abi = armeabi-v7a
08-29 00:24:03.049 D/NativeLibraryHelper(  292): compilePackagePattern pattern = com\\.tiancity\\.yzgj\\.mumu abi = armeabi-v7a
08-29 00:24:03.049 D/NativeLibraryHelper(  292): compilePackagePattern pattern = com\\.shining\\.nikki4\\.tw abi = arm
08-29 00:24:03.049 D/NativeLibraryHelper(  292): compilePackagePattern pattern = com\\.papegames\\.nn4\\.tw abi = arm
08-29 00:24:03.049 D/NativeLibraryHelper(  292): compilePackagePattern pattern = .*\\.tmgp\\..* abi = arm
08-29 00:24:03.049 D/NativeLibraryHelper(  292): compilePackagePattern pattern = com\\.tencent\\.af abi = armeabi-v7a
