08-29 00:44:38.259 W/JavaCalls( 2105): Caused by: java.lang.ClassNotFoundException: Didn\'t find class "miui.external.SdkHelper" on path: DexPathList[[zip file "/data/app/com.xueqiu.android-1/base.apk"],nativeLibraryDirectories=[/data/app/com.xueqiu.android-1/lib/x86, /data/app/com.xueqiu.android-1/base.apk!/lib/x86, /vendor/lib, /system/lib]]
08-29 00:44:38.259 W/JavaCalls( 2105): \tat dalvik.system.BaseDexClassLoader.findClass(BaseDexClassLoader.java:56)
08-29 00:44:38.259 W/JavaCalls( 2105): \tat java.lang.ClassLoader.loadClass(ClassLoader.java:511)
08-29 00:44:38.259 W/JavaCalls( 2105): \tat java.lang.ClassLoader.loadClass(ClassLoader.java:469)
08-29 00:44:38.259 W/JavaCalls( 2105): \t... 11 more
08-29 00:44:38.259 W/JavaCalls( 2105): \tSuppressed: java.lang.ClassNotFoundException: miui.external.SdkHelpe
08-29 00:44:38.259 W/JavaCalls( 2105): \t\tat java.lang.Class.classForName(Native Method)
08-29 00:44:38.259 W/JavaCalls( 2105): \t\tat java.lang.BootClassLoader.findClass(ClassLoader.java:781)
08-29 00:44:38.259 W/JavaCalls( 2105): \t\tat java.lang.BootClassLoader.loadClass(ClassLoader.java:841)
08-29 00:44:38.259 W/JavaCalls( 2105): \t\tat java.lang.ClassLoader.loadClass(ClassLoader.java:504)
08-29 00:44:38.259 W/JavaCalls( 2105): \t\t... 12 more
08-29 00:44:38.259 W/JavaCalls( 2105): \tCaused by: java.lang.NoClassDefFoundError: Class not found using the boot class loader; no stack trace available
08-29 00:44:38.281 D/Interception(  653): result: allow, reason: callerPkg == calleePkg, rule: runType===retrieveService|||callerPkg===com.xueqiu.android|||calleePkg===com.xueqiu.android|||calleeClass===com.xueqiu.gear.common.event.LogService|||action===null
08-29 00:44:38.306 W/art     ( 2105): Method processed more than once: java.lang.String com.xiaomi.push.kk.v()
08-29 00:44:38.357 D/WifiService(  653): New client listening to asynchronous messages
08-29 00:44:38.369 I/Soter.SoterCoreTreble( 2105): soter: bindServiceIfNeeded try to bind
08-29 00:44:38.372 W/ActivityManager(  653): Unable to start service Intent { act=com.tencent.soter.soterserver.ISoterService pkg=com.tencent.soter.soterserver } U=0: not found
08-29 00:44:38.378 I/Soter.SoterCoreTreble( 2105): soter: bindService binding is start 
08-29 00:44:38.379 I/Soter.SoterCoreTreble( 2105): soter: initSoter binding
08-29 00:44:38.414 I/art     ( 2105): Note: end time exceeds epoch: 
08-29 00:44:38.438 W/art     ( 2105): Method processed more than once: java.lang.String com.xiaomi.push.x.a(java.lang.String)
08-29 00:44:38.454 D/libEGL  ( 2105): loaded /system/lib/egl/libEGL_emulation.so
08-29 00:44:38.472 D/        ( 2105): HostConnection::get() New Host Connection established 0x9de5ee80, tid 2176
08-29 00:44:38.478 I/art     ( 2105): Note: end time exceeds epoch: 
08-29 00:44:38.492 D/com.netease.nemu_vapi_android.thread.HttpServer(  876): http server response data: {"errcode":0,"message":"OK","return":{"process_name":"com.xueqiu.android"}}
08-29 00:44:38.494 I/MMKV    ( 2105): <MMKV.cpp:263::loadFromFile> loading [sp_file_debug_log_storage] with 17 actual size, file size 4096, InterProcess 0, meta info version:3
08-29 00:44:38.494 I/MMKV    ( 2105): <MMKV.cpp:268::loadFromFile> loading [sp_file_debug_log_storage] with crc 2010510715 sequence 1 version 3
08-29 00:44:38.494 I/MMKV    ( 2105): <MMKV.cpp:296::loadFromFile> loaded [sp_file_debug_log_storage] with 1 values
08-29 00:44:38.500 W/OkHttp  ( 2105): Ignoring header X-Device-ID because its value was null.
08-29 00:44:38.519 D/libEGL  ( 2105): loaded /system/lib/egl/libGLESv1_CM_emulation.so
08-29 00:44:38.534 D/libEGL  ( 2105): loaded /system/lib/egl/libGLESv2_emulation.so
08-29 00:44:38.547 I/art     ( 2105): Note: end time exceeds epoch: 
08-29 00:44:38.563 I/OpenGLRenderer( 2105): Initialized EGL, version 1.4
08-29 00:44:38.579 W/art     ( 2105): Method processed more than once: java.lang.String com.xiaomi.push.gx.a(int)
08-29 00:44:38.620 D/UserStorage( 2105): userId = 1311839993
08-29 00:44:38.640 W/OkHttp  ( 2105): Ignoring header X-Device-ID because its value was null.
08-29 00:44:38.641 D/UserStorage( 2105): userId = 1311839993
08-29 00:44:38.671 W/art     ( 2105): Method processed more than once: java.lang.String com.google.gson.stream.JsonReader.nextQuotedValue(char)
08-29 00:44:38.671 I/art     ( 2105): Note: end time exceeds epoch: 
08-29 00:44:38.674 W/OkHttp  ( 2105): Ignoring header X-Device-ID because its value was null.
08-29 00:44:38.677 W/art     ( 2105): Method processed more than once: java.lang.String com.xiaomi.push.af.g()
08-29 00:44:38.723 I/art     ( 2105): Note: end time exceeds epoch: 
08-29 00:44:38.740 W/InputMethodManagerService(  653): Starting input on non-focused client com.android.internal.view.IInputMethodClient$Stub$Proxy@31b5399 (uid=1000 pid=896)
08-29 00:44:38.749 I/UnicodeIME( 1705): onFinishInput: 
08-29 00:44:38.758 I/UnicodeIME( 1705): onStartInput
08-29 00:44:38.783 I/ActivityManager(  653): Displayed com.xueqiu.android/.view.WelcomeActivityAlias: +2s437ms
08-29 00:44:38.785 D/AndroidRuntime( 2095): Shutting down VM
08-29 00:44:38.903 I/art     ( 2105): Note: end time exceeds epoch: 
08-29 00:44:39.025 I/appium  ( 2071): channel read invoked!
08-29 00:44:39.025 I/appium  ( 2071): channel read: GET /wd/hub/session/b2ac0ed9-aa0e-498e-b830-548bdd96d428/appium/device/pixel_ratio
08-29 00:44:39.025 I/appium  ( 2071): Get device pixel ratio
08-29 00:44:39.028 I/appium  ( 2071): AppiumResponse: {"sessionId":"b2ac0ed9-aa0e-498e-b830-548bdd96d428","value":1.6875}
08-29 00:44:39.047 I/appium  ( 2071): channel read invoked!
08-29 00:44:39.047 I/appium  ( 2071): channel read: GET /wd/hub/session/b2ac0ed9-aa0e-498e-b830-548bdd96d428/appium/device/system_bars
08-29 00:44:39.048 I/appium  ( 2071): Get status bar height of the device
08-29 00:44:39.050 I/appium  ( 2071): AppiumResponse: {"sessionId":"b2ac0ed9-aa0e-498e-b830-548bdd96d428","value":{"statusBar":41}}
08-29 00:44:39.069 I/appium  ( 2071): channel read invoked!
08-29 00:44:39.069 I/appium  ( 2071): channel read: GET /wd/hub/session/b2ac0ed9-aa0e-498e-b830-548bdd96d428/window/current/size
08-29 00:44:39.069 I/appium  ( 2071): Get window size of the device
08-29 00:44:39.072 I/appium  ( 2071): AppiumResponse: {"sessionId":"b2ac0ed9-aa0e-498e-b830-548bdd96d428","value":{"height":1440,"width":810}}
08-29 00:44:39.399 D/AndroidRuntime( 2207): >>>>>> START com.android.internal.os.RuntimeInit uid 0 <<<<<<
08-29 00:44:39.401 D/AndroidRuntime( 2207): CheckJNI is OFF
08-29 00:44:39.404 W/art     ( 2207): 7088a000-71273000 rw-p 00000000 08:13 7307268    /data/dalvik-cache/x86/system@framework@boot.art
08-29 00:44:39.404 W/art     ( 2207): af648000-b156c000 r--p 00000000 08:06 880        /system/framework/x86/boot.oat
08-29 00:44:39.404 W/art     ( 2207): b156c000-b3325000 r-xp 01f24000 08:06 880        /system/framework/x86/boot.oat
08-29 00:44:39.404 W/art     ( 2207): b3325000-b3326000 rw-p 03cdd000 08:06 880        /system/framework/x86/boot.oat
08-29 00:44:39.404 W/art     ( 2207): b3326000-b3343000 r--p 009e9000 08:13 7307268    /data/dalvik-cache/x86/system@framework@boot.art
08-29 00:44:39.404 W/art     ( 2207): b3343000-b3a72000 r-xp 00000000 08:06 1093       /system/lib/libart.so
08-29 00:44:39.404 W/art     ( 2207): b3a72000-b3a7d000 r--p 0072e000 08:06 1093       /system/lib/libart.so
08-29 00:44:39.404 W/art     ( 2207): b3a7d000-b3a7e000 rw-p 00739000 08:06 1093       /system/lib/libart.so
08-29 00:44:39.404 W/art     ( 2207): b3a7e000-b3b80000 rw-p 00000000 00:00 0 
08-29 00:44:39.404 W/art     ( 2207): b3b99000-b3b9a000 r-xp 00000000 08:06 1227       /system/lib/libsigchain.so
08-29 00:44:39.404 W/art     ( 2207): b3b9a000-b3b9b000 r--p 00000000 08:06 1227       /system/lib/libsigchain.so
08-29 00:44:39.404 W/art     ( 2207): b3b9b000-b3b9c000 rw-p 00001000 08:06 1227       /system/lib/libsigchain.so
08-29 00:44:39.404 W/art     ( 2207): b3b9c000-b3b9e000 r--p 00000000 00:00 0 
08-29 00:44:39.404 W/art     ( 2207): b3b9e000-b3bbe000 r--s 00000000 00:0e 9292       /dev/__properties__
08-29 00:44:39.404 W/art     ( 2207): b3bbe000-b3bbf000 rw-p 00000000 00:00 0 
08-29 00:44:39.404 W/art     ( 2207): b3bbf000-b52b4000 r-xp 00000000 08:06 1076       /system/lib/libLLVM.so
08-29 00:44:39.404 W/art     ( 2207): b52b4000-b52b5000 ---p 00000000 00:00 0 
08-29 00:44:39.404 W/art     ( 2207): b52b5000-b53b0000 r--p 016f5000 08:06 1076       /system/lib/libLLVM.so
08-29 00:44:39.404 W/art     ( 2207): b53b0000-b53b1000 rw-p 017f0000 08:06 1076       /system/lib/libLLVM.so
08-29 00:44:39.404 W/art     ( 2207): b53b1000-b53b9000 rw-p 00000000 00:00 0 
08-29 00:44:39.404 W/art     ( 2207): b53b9000-b5411000 r-xp 00000000 08:06 1108       /system/lib/libbcinfo.so
08-29 00:44:39.404 W/art     ( 2207): b5411000-b5412000 ---p 00000000 00:00 0 
08-29 00:44:39.404 W/art     ( 2207): b5412000-b5413000 r--p 00058000 08:06 1108       /system/lib/libbcinfo.so
08-29 00:44:39.404 W/art     ( 2207): b5413000-b5414000 rw-p 00059000 08:06 1108       /system/lib/libbcinfo.so
08-29 00:44:39.404 W/art     ( 2207): b5414000-b5415000 r--p 00000000 00:00 0 
08-29 00:44:39.404 W/art     ( 2207): b5415000-b547c000 r-xp 00000000 08:06 1107       /system/lib/libbcc.so
08-29 00:44:39.404 W/art     ( 2207): b547c000-b547d000 ---p 00000000 00:00 0 
08-29 00:44:39.404 W/art     ( 2207): b547d000-b547e000 r--p 00067000 08:06 1107       /system/lib/libbcc.so
08-29 00:44:39.404 W/art     ( 2207): b547e000-b547f000 rw-p 00068000 08:06 1107       /system/lib/libbcc.so
08-29 00:44:39.404 W/art     ( 2207): b547f000-b548b000 r-xp 00000000 08:06 1121       /system/lib/libcommon_time_client.so
08-29 00:44:39.404 W/art     ( 2207): b548b000-b548c000 ---p 00000000 00:00 0 
08-29 00:44:39.404 W/art     ( 2207): b548c000-b548f000 r--p 0000c000 08:06 1121       /system/lib/libcommon_time_client.so
08-29 00:44:39.404 W/art     ( 2207): b548f000-b5490000 rw-p 0000f000 08:06 1121       /system/lib/libcommon_time_client.so
08-29 00:44:39.404 W/art     ( 2207): b5490000-b5491000 r--p 00000000 00:00 0 
08-29 00:44:39.404 W/art     ( 2207): b5491000-b54b8000 r-xp 00000000 08:06 1212       /system/lib/libprotobuf-cpp-lite.so
08-29 00:44:39.404 W/art     ( 2207): b54b8000-b54b9000 ---p 00000000 00:00 0 
08-29 00:44:39.404 W/art     ( 2207): b54b9000-b54ba000 r--p 00027000 08:06 1212       /system/lib/libprotobuf-cpp-lite.so
08-29 00:44:39.404 W/art     ( 2207): b54ba000-b54bb000 rw-p 00028000 08:06 1212       /system/lib/libprotobuf-cpp-lite.so
08-29 00:44:39.404 W/art     ( 2207): b54bb000-b54c6000 r-xp 00000000 08:06 1244       /system/lib/libstagefright_avc_common.so
08-29 00:44:39.404 W/art     ( 2207): b54c6000-b54c7000 r--p 0000a000 08:06 1244       /system/lib/libstagefright_avc_common.so
08-29 00:44:39.404 W/art     ( 2207): b54c7000-b54c8000 rw-p 0000b000 08:06 1244       /system/lib/libstagefright_avc_common.so
08-29 00:44:39.404 W/art     ( 2207): b54c8000-b54c9000 r-xp 00000000 08:06 1245       /system/lib/libstagefright_enc_common.so
08-29 00:44:39.404 W/art     ( 2207): b54c9000-b54ca000 r--p 00000000 08:06 1245       /system/lib/libstagefright_enc_common.so
08-29 00:44:39.404 W/art     ( 2207): b54ca000-b54cb000 rw-p 00001000 08:06 1245       /system/lib/libstagefright_enc_common.so
08-29 00:44:39.404 W/art     ( 2207): b54cb000-b54ce000 r-xp 00000000 08:06 1209       /system/lib/libpowermanager.so
08-29 00:44:39.404 W/art     ( 2207): b54ce000-b54cf000 r--p 00002000 08:06 1209       /system/lib/libpowermanager.so
08-29 00:44:39.404 W/art     ( 2207): b54cf000-b54d0000 rw-p 00003000 08:06 1209       /system/lib/libpowermanager.so
08-29 00:44:39.404 W/art     ( 2207): b54d0000-b54f3000 r-xp 00000000 08:06 1287       /system/lib/libvorbisidec.so
08-29 00:44:39.404 W/art     ( 2207): b54f3000-b54f4000 r--p 00022000 08:06 1287       /system/lib/libvorbisidec.so
08-29 00:44:39.404 W/art     ( 2207): b54f4000-b54f5000 rw-p 00023000 08:06 1287       /system/lib/libvorbisidec.so
08-29 00:44:39.404 W/art     ( 2207): b54f5000-b54f8000 r-xp 00000000 08:06 1273       /system/lib/libstagefright_yuv.so
08-29 00:44:39.404 W/art     ( 2207): b54f8000-b54f9000 r--p 00002000 08:06 1273       /system/lib/libstagefright_yuv.so
08-29 00:44:39.404 W/art     ( 2207): b54f9000-b54fa000 rw-p 00003000 08:06 1273       /system/lib/libstagefright_yuv.so
08-29 00:44:39.404 W/art     ( 2207): b54fa000-b5536000 r-xp 00000000 08:06 1249       /system/lib/libstagefright_omx.so
08-29 00:44:39.404 W/art     ( 2207): b5536000-b5539000 r--p 0003b000 08:06 1249       /system/lib/libstagefright_omx.so
08-29 00:44:39.404 W/art     ( 2207): b5539000-b553a000 rw-p 0003e000 08:06 1249       /system/lib/libstagefright_omx.so
08-29 00:44:39.404 W/art     ( 2207): b553a000-b558b000 r-xp 00000000 08:06 1202       /system/lib/libopus.so
08-29 00:44:39.404 W/art     ( 2207): b558b000-b558c000 ---p 00000000 00:00 0 
08-29 00:44:39.404 W/art     ( 2207): b558c000-b558d000 r--p 00051000 08:06 1202       /system/lib/libopus.so
08-29 00:44:39.404 W/art     ( 2207): b558d000-b558e000 rw-p 00052000 08:06 1202       /system/lib/libopus.so
08-29 00:44:39.404 W/art     ( 2207): b558e000-b558f000 r--p 00000000 00:00 0 
08-29 00:44:39.404 W/art     ( 2207): b558f000-b5596000 r-xp 00000000 08:06 1188       /system/lib/libmediautils.so
08-29 00:44:39.404 W/art     ( 2207): b5596000-b5597000 ---p 00000000 00:00 0 
08-29 00:44:39.404 W/art     ( 2207): b5597000-b5598000 r--p 00007000 08:06 1188       /system/lib/libmediautils.so
08-29 00:44:39.404 W/art     ( 2207): b5598000-b5599000 rw-p 00008000 08:06 1188       /system/lib/libmediautils.so
08-29 00:44:39.404 W/art     ( 2207): b5599000-b55ba000 r-xp 00000000 08:06 1129       /system/lib/libdrmframework.so
08-29 00:44:39.404 W/art     ( 2207): b55ba000-b55bd000 r--p 00020000 08:06 1129       /system/lib/libdrmframework.so
08-29 00:44:39.404 W/art     ( 2207): b55bd000-b55be000 rw-p 00023000 08:06 1129       /system/lib/libdrmframework.so
08-29 00:44:39.405 W/art     ( 2207): b55be000-b55e3000 r-xp 00000000 08:06 1084       /system/lib/libRScpp.so
08-29 00:44:39.405 W/art     ( 2207): b55e3000-b55e4000 r--p 00024000 08:06 1084       /system/lib/libRScpp.so
08-29 00:44:39.405 W/art     ( 2207): b55e4000-b55e5000 rw-p 00025000 08:06 1084       /system/lib/libRScpp.so
08-29 00:44:39.405 W/art     ( 2207): b55e5000-b5643000 r-xp 00000000 08:06 1080       /system/lib/libRS.so
08-29 00:44:39.405 W/art     ( 2207): b5643000-b5644000 ---p 00000000 00:00 0 
08-29 00:44:39.405 W/art     ( 2207): b5644000-b5646000 r--p 0005e000 08:06 1080       /system/lib/libRS.so
08-29 00:44:39.405 W/art     ( 2207): b5646000-b5647000 rw-p 00060000 08:06 1080       /system/lib/libRS.so
08-29 00:44:39.405 W/art     ( 2207): b5647000-b564c000 r-xp 00000000 08:06 1237       /system/lib/libspeexresampler.so
08-29 00:44:39.405 W/art     ( 2207): b564c000-b564d000 r--p 00004000 08:06 1237       /system/lib/libspeexresampler.so
08-29 00:44:39.405 W/art     ( 2207): b564d000-b564e000 rw-p 00005000 08:06 1237       /system/lib/libspeexresampler.so
08-29 00:44:39.405 W/art     ( 2207): b564e000-b5658000 r-xp 00000000 08:06 1196       /system/lib/libnbaio.so
08-29 00:44:39.405 W/art     ( 2207): b5658000-b5659000 ---p 00000000 00:00 0 
08-29 00:44:39.405 W/art     ( 2207): b5659000-b565a000 r--p 0000a000 08:06 1196       /system/lib/libnbaio.so
08-29 00:44:39.405 W/art     ( 2207): b565a000-b565b000 rw-p 0000b000 08:06 1196       /system/lib/libnbaio.so
08-29 00:44:39.405 W/art     ( 2207): b565b000-b567b000 r-xp 00000000 08:06 1204       /system/lib/libpcre.so
08-29 00:44:39.405 W/art     ( 2207): b567b000-b567c000 ---p 00000000 00:00 0 
08-29 00:44:39.405 W/art     ( 2207): b567c000-b567d000 r--p 00020000 08:06 1204       /system/lib/libpcre.so
08-29 00:44:39.405 W/art     ( 2207): b567d000-b567e000 rw-p 00021000 08:06 1204       /system/lib/libpcre.so
08-29 00:44:39.405 W/art     ( 2207): b567e000-b567f000 r--p 00000000 00:00 0 
08-29 00:44:39.405 W/art     ( 2207): b567f000-b5683000 r-xp 00000000 08:06 1293       /system/lib/libwpa_client.so
08-29 00:44:39.405 W/art     ( 2207): b5683000-b5684000 r--p 00003000 08:06 1293       /system/lib/libwpa_client.so
08-29 00:44:39.405 W/art     ( 2207): b5684000-b5685000 rw-p 00004000 08:06 1293       /system/lib/libwpa_client.so
08-29 00:44:39.405 W/art     ( 2207): b5685000-b5765000 r-xp 00000000 08:06 1070       /system/lib/libGLES_trace.so
08-29 00:44:39.405 W/art     ( 2207): b5765000-b5767000 r--p 000df000 08:06 1070       /system/lib/libGLES_trace.so
08-29 00:44:39.405 W/art     ( 2207): b5767000-b5768000 rw-p 000e1000 08:06 1070       /system/lib/libGLES_trace.so
08-29 00:44:39.405 W/art     ( 2207): b5768000-b57f4000 r-xp 00000000 08:06 1147       /system/lib/libft2.so
08-29 00:44:39.405 W/art     ( 2207): b57f4000-b57f5000 ---p 00000000 00:00 0 
08-29 00:44:39.405 W/art     ( 2207): b57f5000-b57f7000 r--p 0008c000 08:06 1147       /system/lib/libft2.so
08-29 00:44:39.405 W/art     ( 2207): b57f7000-b57f8000 rw-p 0008e000 08:06 1147       /system/lib/libft2.so
08-29 00:44:39.405 W/art     ( 2207): b57f8000-b57f9000 r--p 00000000 00:00 0 
08-29 00:44:39.405 W/art     ( 2207): b57f9000-b582e000 r-xp 00000000 08:06 1207       /system/lib/libpng.so
08-29 00:44:39.405 W/art     ( 2207): b582e000-b582f000 ---p 00000000 00:00 0 
08-29 00:44:39.405 W/art     ( 2207): b582f000-b5830000 r--p 00035000 08:06 1207       /system/lib/libpng.so
08-29 00:44:39.405 W/art     ( 2207): b5830000-b5831000 rw-p 00036000 08:06 1207       /system/lib/libpng.so
08-29 00:44:39.405 W/art     ( 2207): b5831000-b5832000 r-xp 00000000 08:06 1279       /system/lib/libsync.so
08-29 00:44:39.405 W/art     ( 2207): b5832000-b5833000 r--p 00000000 08:06 1279       /system/lib/libsync.so
08-29 00:44:39.405 W/art     ( 2207): b5833000-b5834000 rw-p 00001000 08:06 1279       /system/lib/libsync.so
08-29 00:44:39.405 W/art     ( 2207): b5834000-b5837000 r-xp 00000000 08:06 1274       /system/lib/libstdc++.so
08-29 00:44:39.405 W/art     ( 2207): b5837000-b5838000 r--p 00002000 08:06 1274       /system/lib/libstdc++.so
08-29 00:44:39.405 W/art     ( 2207): b5838000-b5839000 rw-p 00003000 08:06 1274       /system/lib/libstdc++.so
08-29 00:44:39.405 W/art     ( 2207): b5839000-b5856000 r-xp 00000000 08:06 1283       /system/lib/libunwind.so
08-29 00:44:39.405 W/art     ( 2207): b5856000-b5857000 r--p 0001c000 08:06 1283       /system/lib/libunwind.so
08-29 00:44:39.405 W/art     ( 2207): b5857000-b5858000 rw-p 0001d000 08:06 1283       /system/lib/libunwind.so
08-29 00:44:39.405 W/art     ( 2207): b5858000-b5867000 rw-p 00000000 00:00 0 
08-29 00:44:39.405 W/art     ( 2207): b5867000-b5870000 r-xp 00000000 08:06 1106       /system/lib/libbase.so
08-29 00:44:39.405 W/art     ( 2207): b5870000-b5871000 r--p 00008000 08:06 1106       /system/lib/libbase.so
08-29 00:44:39.405 W/art     ( 2207): b5871000-b5872000 rw-p 00009000 08:06 1106       /system/lib/libbase.so
08-29 00:44:39.405 W/art     ( 2207): b5872000-b5877000 r-xp 00000000 08:06 1131       /system/lib/libeffects.so
08-29 00:44:39.405 W/art     ( 2207): b5877000-b5878000 r--p 00004000 08:06 1131       /system/lib/libeffects.so
08-29 00:44:39.405 W/art     ( 2207): b5878000-b5879000 rw-p 00005000 08:06 1131       /system/lib/libeffects.so
08-29 00:44:39.405 W/art     ( 2207): b5879000-b587b000 r-xp 00000000 08:06 1247       /system/lib/libstagefright_http_support.so
08-29 00:44:39.405 W/art     ( 2207): b587b000-b587c000 r--p 00001000 08:06 1247       /system/lib/libstagefright_http_support.so
08-29 00:44:39.405 W/art     ( 2207): b587c000-b587d000 rw-p 00002000 08:06 1247       /system/lib/libstagefright_http_support.so
08-29 00:44:39.405 W/art     ( 2207): b587d000-b589e000 r-xp 00000000 08:06 1246       /system/lib/libstagefright_foundation.so
08-29 00:44:39.405 W/art     ( 2207): b589e000-b589f000 ---p 00000000 00:00 0 
08-29 00:44:39.405 W/art     ( 2207): b589f000-b58a0000 r--p 00021000 08:06 1246       /system/lib/libstagefright_foundation.so
08-29 00:44:39.405 W/art     ( 2207): b58a0000-b58a1000 rw-p 00022000 08:06 1246       /system/lib/libstagefright_foundation.so
08-29 00:44:39.405 W/art     ( 2207): b58a1000-b5a95000 r-xp 00000000 08:06 1242       /system/lib/libstagefright.so
08-29 00:44:39.405 W/art     ( 2207): b5a95000-b5a96000 ---p 00000000 00:00 0 
08-29 00:44:39.405 W/art     ( 2207): b5a96000-b5aa2000 r--p 001f4000 08:06 1242       /system/lib/libstagefright.so
08-29 00:44:39.405 W/art     ( 2207): b5aa2000-b5aa3000 rw-p 00200000 08:06 1242       /system/lib/libstagefright.so
08-29 00:44:39.405 W/art     ( 2207): b5aa3000-b5b52000 r-xp 00000000 08:06 1157       /system/lib/libhwui.so
08-29 00:44:39.405 W/art     ( 2207): b5b52000-b5b56000 r--p 000ae000 08:06 1157       /system/lib/libhwui.so
08-29 00:44:39.405 W/art     ( 2207): b5b56000-b5b57000 rw-p 000b2000 08:06 1157       /system/lib/libhwui.so
08-29 00:44:39.405 W/art     ( 2207): b5b57000-b5b58000 r--p 00000000 00:00 0 
08-29 00:44:39.405 W/art     ( 2207): b5b58000-b5b5a000 r-xp 00000000 08:06 1214       /system/lib/libradio_metadata.so
08-29 00:44:39.405 W/art     ( 2207): b5b5a000-b5b5b000 r--p 00001000 08:06 1214       /system/lib/libradio_metadata.so
08-29 00:44:39.405 W/art     ( 2207): b5b5b000-b5b5c000 rw-p 00002000 08:06 1214       /system/lib/libradio_metadata.so
08-29 00:44:39.405 W/art     ( 2207): b5b5c000-b5b5e000 r-xp 00000000 08:06 1193       /system/lib/libnativebridge.so
08-29 00:44:39.405 W/art     ( 2207): b5b5e000-b5b5f000 ---p 00000000 00:00 0 
08-29 00:44:39.405 W/art     ( 2207): b5b5f000-b5b60000 r--p 00002000 08:06 1193       /system/lib/libnativebridge.so
08-29 00:44:39.405 W/art     ( 2207): b5b60000-b5b61000 rw-p 00003000 08:06 1193       /system/lib/libnativebridge.so
08-29 00:44:39.405 W/art     ( 2207): b5b61000-b5b63000 r-xp 00000000 08:06 1211       /system/lib/libprocessgroup.so
08-29 00:44:39.405 W/art     ( 2207): b5b63000-b5b64000 r--p 00001000 08:06 1211       /system/lib/libprocessgroup.so
08-29 00:44:39.405 W/art     ( 2207): b5b64000-b5b65000 rw-p 00002000 08:06 1211       /system/lib/libprocessgroup.so
08-29 00:44:39.405 W/art     ( 2207): b5b65000-b5b7b000 r-xp 00000000 08:06 1190       /system/lib/libminikin.so
08-29 00:44:39.405 W/art     ( 2207): b5b7b000-b5b7c000 r--p 00015000 08:06 1190       /system/lib/libminikin.so
08-29 00:44:39.405 W/art     ( 2207): b5b7c000-b5b7d000 rw-p 00016000 08:06 1190       /system/lib/libminikin.so
08-29 00:44:39.405 W/art     ( 2207): b5b7d000-b5b88000 r-xp 00000000 08:06 1234       /system/lib/libsoundtrigger.so
08-29 00:44:39.405 W/art     ( 2207): b5b88000-b5b8b000 r--p 0000a000 08:06 1234       /system/lib/libsoundtrigger.so
08-29 00:44:39.405 W/art     ( 2207): b5b8b000-b5b8c000 rw-p 0000d000 08:06 1234       /system/lib/libsoundtrigger.so
08-29 00:44:39.405 W/art     ( 2207): b5b8c000-b5b97000 r-xp 00000000 08:06 1213       /system/lib/libradio.so
08-29 00:44:39.405 W/art     ( 2207): b5b97000-b5b9a000 r--p 0000a000 08:06 1213       /system/lib/libradio.so
08-29 00:44:39.405 W/art     ( 2207): b5b9a000-b5b9b000 rw-p 0000d000 08:06 1213       /system/lib/libradio.so
08-29 00:44:39.405 W/art     ( 2207): b5b9b000-b5b9d000 r-xp 00000000 08:06 1197       /system/lib/libnetd_client.so
08-29 00:44:39.405 W/art     ( 2207): b5b9d000-b5b9e000 r--p 00001000 08:06 1197       /system/lib/libnetd_client.so
08-29 00:44:39.405 W/art     ( 2207): b5b9e000-b5b9f000 rw-p 00002000 08:06 1197       /system/lib/libnetd_client.so
08-29 00:44:39.405 W/art     ( 2207): b5b9f000-b5bb0000 r-xp 00000000 08:06 1160       /system/lib/libimg_utils.so
08-29 00:44:39.405 W/art     ( 2207): b5bb0000-b5bb2000 r--p 00010000 08:06 1160       /system/lib/libimg_utils.so
08-29 00:44:39.405 W/art     ( 2207): b5bb2000-b5bb3000 rw-p 00012000 08:06 1160       /system/lib/libimg_utils.so
08-29 00:44:39.405 W/art     ( 2207): b5bb3000-b6082000 r-xp 00000000 08:06 1205       /system/lib/libpdfium.so
08-29 00:44:39.405 W/art     ( 2207): b6082000-b608c000 r--p 004ce000 08:06 1205       /system/lib/libpdfium.so
08-29 00:44:39.405 W/art     ( 2207): b608c000-b6091000 rw-p 004d8000 08:06 1205       /system/lib/libpdfium.so
08-29 00:44:39.405 W/art     ( 2207): b6091000-b609d000 r-xp 00000000 08:06 1104       /system/lib/libaudioutils.so
08-29 00:44:39.405 W/art     ( 2207): b609d000-b609e000 r--p 0000b000 08:06 1104       /system/lib/libaudioutils.so
08-29 00:44:39.405 W/art     ( 2207): b609e000-b609f000 rw-p 0000c000 08:06 1104       /system/lib/libaudioutils.so
08-29 00:44:39.405 W/art     ( 2207): b609f000-b60a0000 r--p 00000000 00:00 0 
08-29 00:44:39.405 W/art     ( 2207): b60a0000-b60bf000 r-xp 00000000 08:06 1294       /system/lib/libz.so
08-29 00:44:39.405 W/art     ( 2207): b60bf000-b60c0000 r--p 0001e000 08:06 1294       /system/lib/libz.so
08-29 00:44:39.405 W/art     ( 2207): b60c0000-b60c1000 rw-p 0001f000 08:06 1294       /system/lib/libz.so
08-29 00:44:39.405 W/art     ( 2207): b60c1000-b60c2000 rw-p 00000000 00:00 0 
08-29 00:44:39.405 W/art     ( 2207): b60c2000-b6119000 r-xp 00000000 08:06 1154       /system/lib/libharfbuzz_ng.so
08-29 00:44:39.405 W/art     ( 2207): b6119000-b611a000 ---p 00000000 00:00 0 
08-29 00:44:39.405 W/art     ( 2207): b611a000-b611b000 r--p 00057000 08:06 1154       /system/lib/libharfbuzz_ng.so
08-29 00:44:39.405 W/art     ( 2207): b611b000-b611c000 rw-p 00058000 08:06 1154       /system/lib/libharfbuzz_ng.so
08-29 00:44:39.405 W/art     ( 2207): b611c000-b6120000 r-xp 00000000 08:06 1284       /system/lib/libusbhost.so
08-29 00:44:39.405 W/art     ( 2207): b6120000-b6121000 r--p 00003000 08:06 1284       /system/lib/libusbhost.so
08-29 00:44:39.405 W/art     ( 2207): b6121000-b6122000 rw-p 00004000 08:06 1284       /system/lib/libusbhost.so
08-29 00:44:39.406 W/art     ( 2207): b6122000-b616b000 r-xp 00000000 08:06 1174       /system/lib/libjpeg.so
08-29 00:44:39.406 W/art     ( 2207): b616b000-b616c000 r--p 00048000 08:06 1174       /system/lib/libjpeg.so
08-29 00:44:39.406 W/art     ( 2207): b616c000-b616d000 rw-p 00049000 08:06 1174       /system/lib/libjpeg.so
08-29 00:44:39.406 W/art     ( 2207): b616d000-b6264000 r-xp 00000000 08:06 1183       /system/lib/libmedia.so
08-29 00:44:39.406 W/art     ( 2207): b6264000-b6265000 ---p 00000000 00:00 0 
08-29 00:44:39.406 W/art     ( 2207): b6265000-b6282000 r--p 000f7000 08:06 1183       /system/lib/libmedia.so
08-29 00:44:39.406 W/art     ( 2207): b6282000-b6283000 rw-p 00114000 08:06 1183       /system/lib/libmedia.so
08-29 00:44:39.406 W/art     ( 2207): b6283000-b64cf000 r-xp 00000000 08:06 1158       /system/lib/libicui18n.so
08-29 00:44:39.406 W/art     ( 2207): b64cf000-b64db000 r--p 0024b000 08:06 1158       /system/lib/libicui18n.so
08-29 00:44:39.406 W/art     ( 2207): b64db000-b64dc000 rw-p 00257000 08:06 1158       /system/lib/libicui18n.so
08-29 00:44:39.406 W/art     ( 2207): b64dc000-b6689000 r-xp 00000000 08:06 1159       /system/lib/libicuuc.so
08-29 00:44:39.406 W/art     ( 2207): b6689000-b6695000 r--p 001ac000 08:06 1159       /system/lib/libicuuc.so
08-29 00:44:39.406 W/art     ( 2207): b6695000-b6696000 rw-p 001b8000 08:06 1159       /system/lib/libicuuc.so
08-29 00:44:39.406 W/art     ( 2207): b6696000-b669a000 rw-p 00000000 00:00 0 
08-29 00:44:39.406 W/art     ( 2207): b669a000-b66dd000 r-xp 00000000 08:06 1241       /system/lib/libssl.so
08-29 00:44:39.406 W/art     ( 2207): b66dd000-b66df000 r--p 00042000 08:06 1241       /system/lib/libssl.so
08-29 00:44:39.406 W/art     ( 2207): b66df000-b66e0000 rw-p 00044000 08:06 1241       /system/lib/libssl.so
08-29 00:44:39.406 W/art     ( 2207): b66e0000-b67f8000 r-xp 00000000 08:06 1123 
08-29 00:44:39.406 W/art     ( 2207):       /system/lib/libcrypto.so
08-29 00:44:39.406 W/art     ( 2207): b67f8000-b67f9000 ---p 00000000 00:00 0 
08-29 00:44:39.406 W/art     ( 2207): b67f9000-b6805000 r--p 00118000 08:06 1123       /system/lib/libcrypto.so
08-29 00:44:39.406 W/art     ( 2207): b6805000-b6806000 rw-p 00124000 08:06 1123       /system/lib/libcrypto.so
08-29 00:44:39.406 W/art     ( 2207): b6806000-b6861000 r-xp 00000000 08:06 1232       /system/lib/libso
08-29 00:44:39.406 W/art     ( 2207): ivox.so
08-29 00:44:39.406 W/art     ( 2207): b6861000-b6862000 ---p 00000000 00:00 0 
08-29 00:44:39.406 W/art     ( 2207): b6862000-b6863000 r--p 0005b000 08:06 1232       /system/lib/libsonivox.so
08-29 00:44:39.406 W/art     ( 2207): b6863000-b6864000 rw-p 0005c000 08:06 1232       /system/lib/libsonivox.so
08-29 00:44:39.406 W/art     ( 2207): b6864000-b6869000 rw-p 00000000 00:00 0 
08-29 00:44:39.406 W/art     ( 2207): b6869000-b6881000 r-xp 0
08-29 00:44:39.406 W/art     ( 2207): 0000000 08:06 1224       /system/lib/libselinux.so
08-29 00:44:39.406 W/art     ( 2207): b6881000-b6882000 r--p 00017000 08:06 1224       /system/lib/libselinux.so
08-29 00:44:39.406 W/art     ( 2207): b6882000-b6883000 rw-p 00018000 08:06 1224       /system/lib/libselinux.so
08-29 00:44:39.406 W/art     ( 2207): b6883000-b6889000 r-xp 00000000 08:06 1153       /system/lib/libhardware_legacy.so
08-29 00:44:39.406 W/art     ( 2207): b6889000-b688a000 r--p 00005000 08:06 1153       /system/lib/libhardware_legacy.so
08-29 00:44:39.406 W/art     ( 2207): b688a000-b688b000 rw-p 00006000 08:06 1153       /system/lib/libhardware_legacy.so
08-29 00:44:39.406 W/art     ( 2207): b688b000-b688c000 rw-p 00000000 00:00 0 
08-29 00:44:39.406 W/art     ( 2207): b688c000-b688d000 r-xp 00000000 08:06 1152       /system/lib/libhardware.so
08-29 00:44:39.406 W/art     ( 2207): b688d000-b688e000 r--p 00000000 08:06 1152       /system/lib/libhardware.so
08-29 00:44:39.406 W/art     ( 2207): b688e000-b688f000 rw-p 00001000 08:06 1152       /system/lib/libhardware.so
08-29 00:44:39.406 W/art     ( 2207): b688f000-b6896000 r-xp 00000000 08:06 1068       /system/lib/libETC1.so
08-29 00:44:39.406 W/art     ( 2207): b6896000-b6897000 r--p 00006000 08:06 1068       /system/lib/libETC1.so
08-29 00:44:39.406 W/art     ( 2207): b6897000-b6898000 rw-p 00007000 08:06 1068       /system/lib/libETC1.so
08-29 00:44:39.406 W/art     ( 2207): b6898000-b68a6000 r-xp 00000000 08:06 1073       /system/lib/libGLESv2.so
08-29 00:44:39.406 W/art     ( 2207): b68a6000-b68a7000 r--p 0000d000 08:06 1073       /system/lib/libGLESv2.so
08-29 00:44:39.406 W/art     ( 2207): b68a7000-b68a8000 rw-p 0000e000 08:06 1073       /system/lib/libGLESv2.so
08-29 00:44:39.406 W/art     ( 2207): b68a8000-b68b0000 r-xp 00000000 08:06 1071       /system/lib/libGLESv1_CM.so
08-29 00:44:39.406 W/art     ( 2207): b68b0000-b68b1000 r--p 00007000 08:06 1071       /system/lib/libGLESv1_CM.so
08-29 00:44:39.406 W/art     ( 2207): b68b1000-b68b2000 rw-p 00008000 08:06 1071       /system/lib/libGLESv1_CM.so
08-29 00:44:39.406 W/art     ( 2207): b68b2000-b696d000 r-xp 00000000 08:06 1067       /system/lib/libEGL.so
08-29 00:44:39.406 W/art     ( 2207): b696d000-b696e000 ---p 00000000 00:00 0 
08-29 00:44:39.406 W/art     ( 2207): b696e000-b6970000 r--p 000bb000 08:06 1067       /system/lib/libEGL.so
08-29 00:44:39.406 W/art     ( 2207): b6970000-b6973000 rw-p 000bd000 08:06 1067       /system/lib/libEGL.so
08-29 00:44:39.406 W/art     ( 2207): b6973000-b6976000 rw-p 00000000 00:00 0 
08-29 00:44:39.406 W/art     ( 2207): b6976000-b6a6b000 r-xp 00000000 08:06 1238       /system/lib/libsqlite.so
08-29 00:44:39.406 W/art     ( 2207): b6a6b000-b6a6d000 r--p 000f4000 08:06 1238       /system/lib/libsqlite.so
08-29 00:44:39.406 W/art     ( 2207): b6a6d000-b6a6e000 rw-p 000f6000 08:06 1238       /system/lib/libsqlite.so
08-29 00:44:39.406 W/art     ( 2207): b6a6e000-b6a6f000 rw-p 00000000 00:00 0 
08-29 00:44:39.406 W/art     ( 2207): b6a6f000-b6fd0000 r-xp 00000000 08:06 1228       /system/lib/libski
08-29 00:44:39.406 W/art     ( 2207): a.so
08-29 00:44:39.406 W/art     ( 2207): b6fd0000-b6ff1000 r--p 00560000 08:06 1228       /system/lib/libskia.so
08-29 00:44:39.406 W/art     ( 2207): b6ff1000-b6ff4000 rw-p 00581000 08:06 1228       /system/lib/libskia.so
08-29 00:44:39.406 W/art     ( 2207): b6ff4000-b6ff9000 rw-p 00000000 00:00 0 
08-29 00:44:39.406 W/art     ( 2207): b6ff9000-b7001000 r-xp 00000000 08:06 1116       /system/lib/libcamera_
08-29 00:44:39.406 W/art     ( 2207): metadata.so
08-29 00:44:39.406 W/art     ( 2207): b7001000-b7002000 r--p 00007000 08:06 1116       /system/lib/libcamera_metadata.so
08-29 00:44:39.406 W/art     ( 2207): b7002000-b7003000 rw-p 00008000 08:06 1116       /system/lib/libcamera_metadata.so
08-29 00:44:39.406 W/art     ( 2207): b7003000-b703b000 r-xp 00000000 08:06 1115       /system/lib/libcamera_client.so
08-29 00:44:39.406 W/art     ( 2207): b703b000-b703c000 ---p 00000000 00:00 0 
08-29 00:44:39.406 W/art     ( 2207): b703c000-b7043000 r--p 00038000 08:06 1115       /system/lib/libcamera_client.so
08-29 00:44:39.406 W/art     ( 2207): b7043000-b7044000 rw-p 0003f000 08:06 1115       /system/lib/libcamera_client.so
08-29 00:44:39.406 W/art     ( 2207): b7044000-b70a2000 r-xp 00000000 08:06 1162       /system/lib/libinputflinger.so
08-29 00:44:39.406 W/art     ( 2207): b70a2000-b70a3000 ---p 00000000 00:00 0 
08-29 00:44:39.406 W/art     ( 2207): b70a3000-b70a6000 r--p 0005e000 08:06 1162       /system/lib/libinputflinger.so
08-29 00:44:39.406 W/art     ( 2207): b70a6000-b70a7000 rw-p 00061000 08:06 1162       /system/lib/libinputflinger.so
08-29 00:44:39.406 W/art     ( 2207): b70a7000-b70cd000 r-xp 00000000 08:06 1161       /system/lib/libinput.so
08-29 00:44:39.406 W/art     ( 2207): b70cd000-b70ce000 ---p 00000000 00:00 0 
08-29 00:44:39.406 W/art     ( 2207): b70ce000-b70d2000 r--p 00026000 08:06 1161       /system/lib/libinput.so
08-29 00:44:39.406 W/art     ( 2207): b70d2000-b70d3000 rw-p 0002a000 08:06 1161       /system/lib/libinput.so
08-29 00:44:39.406 W/art     ( 2207): b70d3000-b714e000 r-xp 00000000 08:06 1151       /system/lib/libgui.so
08-29 00:44:39.406 W/art     ( 2207): b714e000-b715b000 r--p 0007a000 08:06 1151       /system/lib/libgui.so
08-29 00:44:39.406 W/art     ( 2207): b715b000-b715c000 rw-p 00087000 08:06 1151       /system/lib/libgui.so
08-29 00:44:39.406 W/art     ( 2207): b742a000-b742b000 ---p 00000000 00:00 0 
08-29 00:44:39.406 W/art     ( 2207): b7477000-b7478000 rw-p 00045000 08:06 1292       /system/lib/libwilhelm.so
08-29 00:44:39.406 W/art     ( 2207): b7626000-b7629000 r--p 00000000 00:00 0 
08-29 00:44:39.406 W/art     ( 2207): b7629000-b7664000 r-xp 00000000 08:06 1109       /system/lib/libbinder.so
08-29 00:44:39.406 W/art     ( 2207): b7664000-b7665000 ---p 00000000 00:00 0 
08-29 00:44:39.421 W/art     ( 2207): Unexpected CPU variant for X86 using defaults: x86
08-29 00:44:39.422 I/art     ( 2207): JIT created with code_cache_capacity=2MB compile_threshold=1000
08-29 00:44:39.424 D/ICU     ( 2207): No timezone override file found: /data/misc/zoneinfo/current/icu/icu_tzdata.dat
08-29 00:44:39.433 W/        ( 2207): Failed to bind-mount /system/lib/x86/cpuinfo as /proc/cpuinfo: No such file or directory
08-29 00:44:39.433 W/        ( 2207): Cannot create code cache directory ./code_cache: Read-only file system.
08-29 00:44:39.433 D/libnb   ( 2207): enter native_bridge2_initialize (null) x86
"08-29 00:44:39.451 E/memtrack( 2207): Couldn't load memtrack module (No such file or directory)\r\r\n"
08-29 00:44:39.451 E/android.os.Debug( 2207): failed to load memtrack module: -2
08-29 00:44:39.452 I/Radio-JNI( 2207): register_android_hardware_Radio DONE
08-29 00:44:39.465 D/AndroidRuntime( 2207): Calling main entry com.android.commands.am.Am
08-29 00:44:39.476 I/ActivityManager(  653): Force stopping com.xueqiu.android appid=10035 user=0: from pid 2207
08-29 00:44:39.476 I/ActivityManager(  653): Killing 2105:com.xueqiu.android/u0a35 (adj 0): stop com.xueqiu.android
"08-29 00:44:39.490 W/InputDispatcher(  653): channel '81efd7c com.xueqiu.android/com.xueqiu.android.view.WelcomeActivityAlias (server)' ~ Consumer closed input channel or an error occurred.  events=0x9\r\r\n"
"08-29 00:44:39.490 E/InputDispatcher(  653): channel '81efd7c com.xueqiu.android/com.xueqiu.android.view.WelcomeActivityAlias (server)' ~ Channel is unrecoverably broken and will be disposed!\r\r\n"
08-29 00:44:39.495 I/WindowState(  653): WIN DEATH: Window{81efd7c u0 com.xueqiu.android/com.xueqiu.android.view.WelcomeActivityAlias}
"08-29 00:44:39.496 W/InputDispatcher(  653): Attempted to unregister already unregistered input channel '81efd7c com.xueqiu.android/com.xueqiu.android.view.WelcomeActivityAlias (server)'\r\r\n"
08-29 00:44:39.500 D/GraphicsStats(  653): Buffer count: 3
08-29 00:44:39.501 D/WifiService(  653): Client connection lost with reason: 4
08-29 00:44:39.506 D/ActivityManager(  653): cleanUpApplicationRecord -- 2105
08-29 00:44:39.509 W/ActivityManager(  653): Scheduling restart of crashed service com.xueqiu.android/com.xiaomi.push.service.XMPushService in 1000ms
08-29 00:44:39.509 W/ActivityManager(  653): Force removing ActivityRecord{d12569e u0 com.xueqiu.android/.view.WelcomeActivityAlias t34}: app died, no saved state
08-29 00:44:39.522 I/ActivityManager(  653):   Force stopping service ServiceRecord{be6f902 u0 com.xueqiu.android/com.xiaomi.push.service.XMPushService}
08-29 00:44:39.529 W/ActivityManager(  653): Spurious death for ProcessRecord{91c7568 0:com.xueqiu.android/u0a35}, curProc for 2105: null
"08-29 00:44:39.537 I/com.android.server.tabs.TabManagerService(  653): notifyClosing:741: notify tab closed in android as it's closed task com.xueqiu.android, taskId: 34, elapseTime: 3139\r\r\n"
08-29 00:44:39.537 D/Interception(  653): result: allow, reason: calleePkg is system app, rule: runType===broadcast|||callerPkg===android|||calleePkg===com.mumu.acc|||calleeClass===com.mumu.acc.AccMsgReceiver|||action===uu.intent.action.STOP_ACCELERATE
08-29 00:44:39.538 D/com.netease.nemu_android_watchdog_lib.core.Watchdog(  876): upload event: {"architecture":"x86","channel":"nochannel","engine":"NEMU","language":"zh_CN","package":"mumu","usage":"0","uuid":"a0eeac49-2f56-4687-ad27-cf5066296f1c","version":"2.3.10","x":{"app_elapse":3,"app_name":"\xe9\x9b\xaa\xe7\x90\x83","app_package":"com.xueqiu.android","error":{"code":0,"msg":"ok"},"token":"667fcf0d-c5cf-4fd2-8b4b-8ca7ece89a9f"}}\ttype: ExitAPP\tsign: Fr+h2Xod/GDvqsyNchAWYHNhxWM=\tuid: 1000
08-29 00:44:39.541 D/AccService( 1194): AccMsgReceiver: uu.intent.action.STOP_ACCELERATE
08-29 00:44:39.562 W/InputMethodManagerService(  653): Got RemoteException sending setActive(false) notification to pid 2105 uid 10035
08-29 00:44:39.566 I/UnicodeIME( 1705): onFinishInput: 
08-29 00:44:39.566 I/UnicodeIME( 1705): onStartInput
08-29 00:44:39.580 D/com.netease.nemu_vapi_android.thread.HttpServer(  876): http server response data: {"errcode":0,"message":"OK"}
08-29 00:44:39.585 D/com.netease.nemu_vapi_android.thread.HttpServer(  876): http server response data: {"errcode":0,"message":"OK"}
08-29 00:44:39.773 D/Interception(  653): result: allow, reason: runType is activity, rule: runType===activity|||callerPkg===android|||calleePkg===com.xueqiu.android|||calleeClass===com.xueqiu.android.view.WelcomeActivityAlias|||action===null
08-29 00:44:39.774 I/ActivityManager(  653): START u0 {flg=0x10000000 cmp=com.xueqiu.android/.view.WelcomeActivityAlias} from uid 0 on display 0
08-29 00:44:39.786 D/ActivityManager(  653): start process: com.xueqiu.android, abi override: null, primary cpu abi: x86, forceToUseNativeBridge: true
08-29 00:44:39.786 D/ActivityManager(  653): start process: com.xueqiu.android, cpu abi: x86, instructionSet: x86
08-29 00:44:39.791 I/art     ( 2222): Late-enabling JIT
08-29 00:44:39.791 D/libnb   ( 2222): enter native_bridge2_initialize /data/user/0/com.xueqiu.android/code_cache arm
08-29 00:44:39.792 D/houdini ( 2222): [2222] Initialize library(version: 6.1.2d_x.48748 RELEASE)... successfully.
08-29 00:44:39.796 W/art     ( 2222): Unexpected CPU variant for X86 using defaults: x86
08-29 00:44:39.796 I/art     ( 2222): JIT created with code_cache_capacity=2MB compile_threshold=1000
08-29 00:44:39.799 I/ActivityManager(  653): Start proc 2222:com.xueqiu.android/u0a35 for activity com.xueqiu.android/.view.WelcomeActivityAlias
08-29 00:44:39.810 I/Zygote  ( 2222): fake Product info com.xueqiu.android not matched any patte
08-29 00:44:39.828 D/PackageManager(  653): trimGetPackagesForUid uid = 10035 result = [com.xueqiu.android]
08-29 00:44:39.910 D/com.netease.nemu_android_watchdog_lib.core.Watchdog(  876): upload server response: {"errcode": 100, "errmsg": "ok"}
08-29 00:44:39.911 D/com.netease.nemu_android_watchdog_lib.core.Watchdog(  876): upload result: true
"08-29 00:44:39.973 I/com.android.server.tabs.TabManagerService(  653): notifyOpening:442: notify tab opened in android as it's new task com.xueqiu.android, appName: \xe9\x9b\xaa\xe7\x90\x83, taskId: 35, firstActiveTime: 1598633079820\r\r\n"
08-29 00:44:39.973 D/Interception(  653): result: allow, reason: calleePkg is system app, rule: runType===broadcast|||callerPkg===android|||calleePkg===com.mumu.acc|||calleeClass===com.mumu.acc.AccMsgReceiver|||action===nemu.intent.action.NEW_TASK
08-29 00:44:39.975 D/com.netease.nemu_android_watchdog_lib.core.Watchdog(  876): upload event: {"architecture":"x86","channel":"nochannel","engine":"NEMU","language":"zh_CN","package":"mumu","usage":"0","uuid":"a0eeac49-2f56-4687-ad27-cf5066296f1c","version":"2.3.10","x":{"app_name":"\xe9\x9b\xaa\xe7\x90\x83","app_package":"com.xueqiu.android","error":{"code":0,"msg":"ok"},"token":"667fcf0d-c5cf-4fd2-8b4b-8ca7ece89a9f"}}\ttype: LaunchAPP\tsign: GZHOBaRDJ+Ubsulfy31pS8Wp9H0=\tuid: 1000
08-29 00:44:39.975 D/AccService( 1194): AccMsgReceiver: nemu.intent.action.NEW_TASK
08-29 00:44:39.977 D/updatePackage(  896): version com.xueqiu.android 265
08-29 00:44:39.977 I/Launcher(  896): Deferring update until onResume
08-29 00:44:40.013 D/com.netease.nemu_vapi_android.thread.HttpServer(  876): http server response data: {"errcode":0,"message":"OK"}
08-29 00:44:40.018 D/com.netease.nemu_vapi_android.thread.HttpServer(  876): http server response data: {"errcode":0,"message":"OK"}
08-29 00:44:40.020 V/SnowBallApplication( 2222): application onCreate()
08-29 00:44:40.020 V/SnowBallApplication( 2222): initStateLoade
08-29 00:44:40.037 W/art     ( 2222): Method processed more than once: java.lang.String com.meituan.android.walle.e.a(java.io.File, int)
08-29 00:44:40.050 W/art     ( 2222): Method processed more than once: java.lang.String com.tencent.bugly.crashreport.common.info.AppInfo.a(int)
08-29 00:44:40.130 W/art     ( 2222): Method processed more than once: void com.tencent.bugly.crashreport.common.strategy.a$1.run()
08-29 00:44:40.134 D/Volley  ( 2222): [1] m.a: Changing log tag to SnowBall
08-29 00:44:40.165 D/Interception(  653): result: allow, reason: calleePkg is running, rule: runType===retrieveService|||callerPkg===android|||calleePkg===com.xueqiu.android|||calleeClass===com.xiaomi.push.service.XMPushService|||action===null
08-29 00:44:40.200 I/art     ( 2222): Note: end time exceeds epoch: 
08-29 00:44:40.246 I/MMKV    ( 2222): <native-bridge.cpp:108::JNI_OnLoad> current API level = 23
08-29 00:44:40.247 I/MMKV    ( 2222): <MMKV.cpp:143::initialize> page size:4096
08-29 00:44:40.247 I/MMKV    ( 2222): <MMKV.cpp:156::initializeMMKV> root dir: /data/user/0/com.xueqiu.android/files/mmkv
08-29 00:44:40.247 I/MMKV    ( 2222): <MMKV.cpp:263::loadFromFile> loading [sp_file_login_user_info] with 3434 actual size, file size 4096, InterProcess 0, meta info version:3
08-29 00:44:40.247 I/MMKV    ( 2222): <MMKV.cpp:268::loadFromFile> loading [sp_file_login_user_info] with crc 3545787390 sequence 1 version 3
08-29 00:44:40.247 I/MMKV    ( 2222): <MMKV.cpp:156::initializeMMKV> root dir: /data/user/0/com.xueqiu.android/files/mmkv
08-29 00:44:40.248 I/MMKV    ( 2222): <MMKV.cpp:296::loadFromFile> loaded [sp_file_login_user_info] with 11 values
08-29 00:44:40.253 I/MMKV    ( 2222): <MMKV.cpp:263::loadFromFile> loading [sp_file_common_share_id_storage] with 82 actual size, file size 4096, InterProcess 0, meta info version:3
08-29 00:44:40.253 I/MMKV    ( 2222): <MMKV.cpp:268::loadFromFile> loading [sp_file_common_share_id_storage] with crc 260443762 sequence 1 version 3
08-29 00:44:40.253 I/MMKV    ( 2222): <MMKV.cpp:296::loadFromFile> loaded [sp_file_common_share_id_storage] with 2 values
08-29 00:44:40.330 D/SoLoader( 2222): init start
08-29 00:44:40.330 D/SoLoader( 2222): adding system library source: /vendor/lib
08-29 00:44:40.330 D/SoLoader( 2222): adding system library source: /system/lib
08-29 00:44:40.331 D/SoLoader( 2222): adding application source: com.facebook.soloader.c[root = /data/app/com.xueqiu.android-1/lib/x86 flags = 0]
08-29 00:44:40.333 D/SoLoader( 2222): adding backup source from : com.facebook.soloader.a[root = /data/data/com.xueqiu.android/lib-main flags = 1]
08-29 00:44:40.334 D/SoLoader( 2222): Preparing SO source: com.facebook.soloader.c[root = /system/lib flags = 2]
08-29 00:44:40.334 D/SoLoader( 2222): Preparing SO source: com.facebook.soloader.c[root = /system/vendor/lib flags = 2]
08-29 00:44:40.334 D/SoLoader( 2222): Preparing SO source: com.facebook.soloader.c[root = /data/app/com.xueqiu.android-1/lib/x86 flags = 0]
08-29 00:44:40.334 D/SoLoader( 2222): Preparing SO source: com.facebook.soloader.a[root = /data/data/com.xueqiu.android/lib-main flags = 1]
08-29 00:44:40.335 V/fb-UnpackingSoSource( 2222): locked dso store /data/user/0/com.xueqiu.android/lib-mai
08-29 00:44:40.337 I/fb-UnpackingSoSource( 2222): dso store is up-to-date: /data/user/0/com.xueqiu.android/lib-mai
08-29 00:44:40.337 V/fb-UnpackingSoSource( 2222): releasing dso store lock for /data/user/0/com.xueqiu.android/lib-mai
08-29 00:44:40.337 D/SoLoader( 2222): init finish: 4 SO sources prepared
08-29 00:44:40.337 D/SoLoader( 2222): init exiting
08-29 00:44:40.369 I/MMKV    ( 2222): <MMKV.cpp:263::loadFromFile> loading [sp_file_storage_stock_name1311839993] with 65055 actual size, file size 65536, InterProcess 0, meta info version:3
08-29 00:44:40.369 I/MMKV    ( 2222): <MMKV.cpp:268::loadFromFile> loading [sp_file_storage_stock_name1311839993] with crc 2905931727 sequence 5 version 3
08-29 00:44:40.369 I/MMKV    ( 2222): <MMKV.cpp:296::loadFromFile> loaded [sp_file_storage_stock_name1311839993] with 8 values
08-29 00:44:40.377 I/MMKV    ( 2222): <MMKV.cpp:263::loadFromFile> loading [sp_file_snowball_default] with 70726 actual size, file size 131072, InterProcess 0, meta info version:3
08-29 00:44:40.377 I/MMKV    ( 2222): <MMKV.cpp:268::loadFromFile> loading [sp_file_snowball_default] with crc 4247169530 sequence 12 version 3
08-29 00:44:40.377 I/MMKV    ( 2222): <MMKV.cpp:296::loadFromFile> loaded [sp_file_snowball_default] with 61 values
08-29 00:44:40.377 D/SNBUserManager( 2222): interval = 11
08-29 00:44:40.393 D/UserStorage( 2222): userId = 1311839993
08-29 00:44:40.397 I/MMKV    ( 2222): <MMKV.cpp:263::loadFromFile> loading [sp_file_module_snowball1311839993] with 64078 actual size, file size 65536, InterProcess 0, meta info version:3
08-29 00:44:40.397 I/MMKV    ( 2222): <MMKV.cpp:268::loadFromFile> loading [sp_file_module_snowball1311839993] with crc 1269269194 sequence 8 version 3
08-29 00:44:40.398 I/MMKV    ( 2222): <MMKV.cpp:296::loadFromFile> loaded [sp_file_module_snowball1311839993] with 61 values
08-29 00:44:40.401 I/MMKV    ( 2222): <MMKV.cpp:263::loadFromFile> loading [sp_file_snowball_chart] with 0 actual size, file size 4096, InterProcess 0, meta info version:1
08-29 00:44:40.401 I/MMKV    ( 2222): <MMKV.cpp:296::loadFromFile> loaded [sp_file_snowball_chart] with 0 values
08-29 00:44:40.410 I/MMKV    ( 2222): <MMKV.cpp:263::loadFromFile> loading [sp_file_storage_stock_name] with 30855 actual size, file size 131072, InterProcess 0, meta info version:3
08-29 00:44:40.412 I/MMKV    ( 2222): <MMKV.cpp:268::loadFromFile> loading [sp_file_storage_stock_name] with crc 4213359457 sequence 3 version 3
08-29 00:44:40.420 D/com.netease.nemu_android_watchdog_lib.core.Watchdog(  876): upload server response: {"errcode": 100, "errmsg": "ok"}
08-29 00:44:40.420 D/com.netease.nemu_android_watchdog_lib.core.Watchdog(  876): upload result: true
08-29 00:44:40.421 I/MMKV    ( 2222): <MMKV.cpp:296::loadFromFile> loaded [sp_file_storage_stock_name] with 18 values
08-29 00:44:40.428 E/tt      ( 2222): tt
08-29 00:44:40.465 D/UserStorage( 2222): userId = 1311839993
08-29 00:44:40.592 W/art     ( 2222): Method processed more than once: java.lang.String com.xueqiu.gear.common.util.a.a(byte[])
08-29 00:44:40.624 I/Soter.SoterCore( 2222): soter: SoterCore is call static block to init SoterCore IMPL
08-29 00:44:40.627 I/Soter.SoterCoreBeforeTreble( 2222): soter: no SoterProvider found
08-29 00:44:40.628 I/Soter.SoterCore( 2222): soter: SoterCore is call static block to init SoterCore IMPL, IMPL is null[true]
08-29 00:44:40.628 D/Soter.SoterCore( 2222): soter: getFingerprint  <deviceinfo><MANUFACTURER name="Netease"><MODEL name="MuMu"><VERSION_RELEASE name="6.0.1"><VERSION_INCREMENTAL name="eng.root.20200514.114250"><DISPLAY name="V417IR release-keys"></DISPLAY></VERSION_INCREMENTAL></VERSION_RELEASE></MODEL></MANUFACTURER></deviceinfo>
08-29 00:44:40.629 W/art     ( 2222): Method processed more than once: java.lang.String com.tencent.soter.core.model.SoterCoreUtil.getMessageDigest(byte[])
08-29 00:44:40.630 I/Soter.SoterCore( 2222): soter: SoterCore IMPL is null then call getProviderSoterCore to init
08-29 00:44:40.630 I/Soter.SoterCoreBeforeTreble( 2222): soter: no SoterProvider found
08-29 00:44:40.636 I/Soter.TaskInit( 2222): soter: is triggered OOM: false
08-29 00:44:40.636 I/Soter.SoterCore( 2222): soter: SoterCore IMPL is null[true], after call getProviderSoterCore to init
08-29 00:44:40.636 I/Soter.SoterCore( 2222): soter: SoterCore IMPL is null then call tryToInitSoterTreble to init
08-29 00:44:40.638 I/Soter.SoterCoreTreble( 2222): soter: initSoter i
08-29 00:44:40.638 I/Soter.SyncJob( 2222): doAsSyncJob
