08-29 00:24:05.397 D/VoldConnector(  653): SND -> {6 volume mount emulated 3 -1}
08-29 00:24:05.398 V/vold    (  236): Waiting for FUSE to spin up...
08-29 00:24:05.398 D/VoldConnector(  653): RCV <- {651 emulated 1}
08-29 00:24:05.398 D/VoldConnector(  653): RCV <- {656 emulated /data/media}
08-29 00:24:05.398 D/VoldConnector(  653): RCV <- {655 emulated /storage/emulated}
08-29 00:24:05.420 I/ActivityManager(  653): Start proc 735:WebViewLoader-x86/1037 [android.webkit.WebViewFactory$RelroFileCreator] for 
08-29 00:24:05.421 D/Interception(  653): result: allow, reason: calleePkg is system app, rule: runType===retrieveService|||callerPkg===android|||calleePkg===com.android.systemui|||calleeClass===com.android.systemui.SystemUIService|||action===null
08-29 00:24:05.891 V/vold    (  236): Waiting for FUSE to spin up...
08-29 00:24:05.892 I/ActivityManager(  653): Start proc 740:com.android.systemui/u0a10 for service com.android.systemui/.SystemUIService
08-29 00:24:05.892 D/NetworkManagement(  653): not enabling bandwidth control
08-29 00:24:05.896 D/UsbHostManager(  653): Added device UsbDevice[mName=/dev/bus/usb/001/002,mVendorId=33006,mProductId=33,mClass=0,mSubclass=0,mProtocol=0,mManufacturerName=VirtualBox,mProductName=USB Tablet,mVersion=1.16,mSerialNumber=null,mConfigurations=[
08-29 00:24:05.896 D/UsbHostManager(  653): UsbConfiguration[mId=1,mName=null,mAttributes=128,mMaxPower=50,mInterfaces=[
08-29 00:24:05.896 D/UsbHostManager(  653): UsbInterface[mId=0,mAlternateSetting=0,mName=null,mClass=3,mSubclass=0,mProtocol=0,mEndpoints=[
08-29 00:24:05.896 D/UsbHostManager(  653): UsbEndpoint[mAddress=129,mAttributes=3,mMaxPacketSize=8,mInterval=10]]]]
08-29 00:24:05.941 D/VoldConnector(  653): RCV <- {651 emulated 2}
08-29 00:24:05.941 D/VoldConnector(  653): RCV <- {200 6 Command succeeded}
08-29 00:24:05.941 E/VoldConnector(  653): NDC Command {6 volume mount emulated 3 -1} took too long (543ms)
08-29 00:24:05.988 D/PackageManager(  653): trimGetPackagesForUid uid = 10010 result = [com.android.systemui]
08-29 00:24:06.001 W/ContextImpl(  653): Calling a method in the system process without a qualified user: android.app.ContextImpl.sendBroadcast:784 com.android.server.usb.UsbSettingsManager.deviceAttached:742 com.android.server.usb.UsbHostManager.endUsbDeviceAdded:225 com.android.server.usb.UsbHostManager.monitorUsbHostBus:-2 com.android.server.usb.UsbHostManager.-wrap0:-1 
08-29 00:24:06.004 D/PackageManager(  653): trimGetPackagesForUid uid = 10010 result = [com.android.systemui]
08-29 00:24:06.014 W/NetworkStats(  653): bandwidth controls disabled, unable to track stats
08-29 00:24:06.014 W/NetworkPolicy(  653): bandwidth controls disabled, unable to enforce policy
08-29 00:24:06.018 I/SystemServiceManager(  653): Starting phase 600
08-29 00:24:06.019 I/BackupManagerService(  653): Backup enabled => false
08-29 00:24:06.028 D/Interception(  653): result: allow, reason: allow by air rule, rule: runType===broadcast|||callerPkg===android|||calleePkg===com.tencent.mm|||calleeClass===com.tencent.mm.booter.BluetoothReceiver|||action===android.media.SCO_AUDIO_STATE_CHANGED
08-29 00:24:06.039 I/ActivityManager(  653): Start proc 817:com.tencent.mm/u0a37 for broadcast com.tencent.mm/.booter.BluetoothReceive
08-29 00:24:06.040 D/Interception(  653): result: allow, reason: calleePkg is system app, rule: runType===retrieveService|||callerPkg===android|||calleePkg===com.android.systemui|||calleeClass===com.android.systemui.ImageWallpaper|||action===android.service.wallpaper.WallpaperService
08-29 00:24:06.048 E/InputMethodManagerService(  653): Ignoring updateSystemUiLocked due to an invalid token. uid:1000 token:null
08-29 00:24:06.053 D/Interception(  653): result: allow, reason: allow by air rule, rule: runType===retrieveService|||callerPkg===android|||calleePkg===com.netease.nemu_vinput.nemu|||calleeClass===com.android.inputmethodcommon.SoftKeyboard|||action===android.view.InputMethod
08-29 00:24:06.064 I/ActivityManager(  653): Start proc 830:com.netease.nemu_vinput.nemu/1000 for service com.netease.nemu_vinput.nemu/com.android.inputmethodcommon.SoftKeyboard
08-29 00:24:06.064 V/InputMethodManagerService(  653): Adding window token: android.os.Binder@8da4cb7
08-29 00:24:06.070 D/PackageManager(  653): trimGetPackagesForUid uid = 1000 result = [com.android.providers.settings, com.mumu.launcher, com.android.location.fused, com.android.settings, com.android.server.telecom, com.netease.mumu.cloner, com.android.inputdevices, android, com.netease.nemu_vapi_android.nemu, com.android.keychain, com.mumu.audio, com.netease.nemu_vinput.nemu]
08-29 00:24:06.088 D/PackageManager(  653): trimGetPackagesForUid uid = 10037 result = [com.tencent.mm]
08-29 00:24:06.098 D/PackageManager(  653): trimGetPackagesForUid uid = 1000 result = [com.android.providers.settings, com.mumu.launcher, com.android.location.fused, com.android.settings, com.android.server.telecom, com.netease.mumu.cloner, com.android.inputdevices, android, com.netease.nemu_vapi_android.nemu, com.android.keychain, com.mumu.audio, com.netease.nemu_vinput.nemu]
08-29 00:24:06.098 W/LocationManagerService(  653): no network location provider found
08-29 00:24:06.099 D/Interception(  653): result: allow, reason: calleePkg is system app, rule: runType===retrieveService|||callerPkg===android|||calleePkg===com.android.location.fused|||calleeClass===com.android.location.fused.FusedLocationService|||action===com.android.location.service.FusedLocationProvide
08-29 00:24:06.099 E/LocationManagerService(  653): no geocoder provider found
08-29 00:24:06.099 E/LocationManagerService(  653): FLP HAL not supported
08-29 00:24:06.100 D/Interception(  653): result: allow, reason: callerPkg == calleePkg, rule: runType===retrieveService|||callerPkg===android|||calleePkg===android|||calleeClass===android.hardware.location.GeofenceHardwareService|||action===null
08-29 00:24:06.100 E/LocationManagerService(  653): Unable to bind FLP Geofence proxy.
08-29 00:24:06.100 E/LocationManagerService(  653): Hardware Activity-Recognition not supported.
08-29 00:24:06.100 E/LocationManagerService(  653): Unable to bind ActivityRecognitionProxy.
08-29 00:24:06.105 I/MmsServiceBroker(  653): Delay connecting to MmsService until an API is called
08-29 00:24:06.108 D/MountService(  653): onStartUser 0
08-29 00:24:06.108 D/VoldConnector(  653): SND -> {7 volume user_started 0}
08-29 00:24:06.110 D/vold    (  236): Linking /storage/emulated/0 to /mnt/user/0/primary
08-29 00:24:06.110 D/VoldConnector(  653): RCV <- {200 7 Command succeeded}
08-29 00:24:06.110 D/MountService(  653): Volume emulated broadcasting mounted to UserHandle{0}
08-29 00:24:06.110 W/VoiceInteractionManagerService(  653): no available voice interaction services found for user 0
08-29 00:24:06.111 W/VoiceInteractionManagerService(  653): no available voice recognition services found for user 0
08-29 00:24:06.111 D/Interception(  653): result: allow, reason: calleePkg is system app, rule: runType===broadcast|||callerPkg===android|||calleePkg===com.android.providers.downloads|||calleeClass===com.android.providers.downloads.DownloadReceiver|||action===android.intent.action.MEDIA_MOUNTED
08-29 00:24:06.121 I/ActivityManager(  653): Start proc 852:android.process.media/u0a4 for broadcast com.android.providers.downloads/.DownloadReceive
08-29 00:24:06.128 I/ActivityManager(  653): Start proc 865:com.mumu.audio/1000 for added application com.mumu.audio
08-29 00:24:06.141 I/ActivityManager(  653): Start proc 876:com.netease.nemu_vapi_android.nemu/1000 for added application com.netease.nemu_vapi_android.nemu
08-29 00:24:06.141 I/ActivityManager(  653): START u0 {act=android.intent.action.MAIN cat=[android.intent.category.HOME] flg=0x10000000 cmp=com.mumu.launcher/.Launcher} from uid 0 on display 0
08-29 00:24:06.161 I/ActivityManager(  653): Start proc 896:com.mumu.launcher/1000 for activity com.mumu.launcher/.Launche
08-29 00:24:06.162 I/ActivityManager(  653): Starting provision Activity: Intent { cmp=com.android.provision/.DefaultActivity }
08-29 00:24:06.162 D/Interception(  653): result: allow, reason: calleePkg is system app, rule: runType===activity|||callerPkg===android|||calleePkg===com.android.provision|||calleeClass===com.android.provision.DefaultActivity|||action===null
08-29 00:24:06.162 I/ActivityManager(  653): START u0 {cmp=com.android.provision/.DefaultActivity} from uid 1000 on display 0
08-29 00:24:06.176 I/ActivityManager(  653): Starting com.android.setting.CryptKeeper: Intent { cmp=com.android.settings/.CryptKeeper }
08-29 00:24:06.176 D/Interception(  653): result: allow, reason: calleePkg is system app, rule: runType===activity|||callerPkg===android|||calleePkg===com.android.settings|||calleeClass===com.android.settings.CryptKeeper|||action===null
08-29 00:24:06.176 I/ActivityManager(  653): START u0 {cmp=com.android.settings/.CryptKeeper} from uid 1000 on display 0
08-29 00:24:06.176 I/ActivityManager(  653): Starting service: Intent { cmp=com.netease.nemu_vapi_android.nemu/com.netease.nemu_vapi_android.service.ApiService }
08-29 00:24:06.176 D/Interception(  653): result: allow, reason: calleePkg is system app, rule: runType===retrieveService|||callerPkg===android|||calleePkg===com.netease.nemu_vapi_android.nemu|||calleeClass===com.netease.nemu_vapi_android.service.ApiService|||action===null
08-29 00:24:06.176 I/ActivityManager(  653): Starting service: Intent { act=com.mumu.audio.action.INIT_DATA pkg=com.mumu.audio }
08-29 00:24:06.176 D/Interception(  653): result: allow, reason: calleePkg is system app, rule: runType===retrieveService|||callerPkg===android|||calleePkg===com.mumu.audio|||calleeClass===com.mumu.audio.VolControlService|||action===com.mumu.audio.action.INIT_DATA
08-29 00:24:06.187 D/Interception(  653): result: allow, reason: calleePkg is system app, rule: runType===retrieveService|||callerPkg===android|||calleePkg===com.android.providers.downloads|||calleeClass===com.android.providers.downloads.DownloadIdleService|||action===null
08-29 00:24:06.188 D/PackageManager(  653): trimGetPackagesForUid uid = 1000 result = [com.android.providers.settings, com.mumu.launcher, com.android.location.fused, com.android.settings, com.android.server.telecom, com.netease.mumu.cloner, com.android.inputdevices, android, com.netease.nemu_vapi_android.nemu, com.android.keychain, com.mumu.audio, com.netease.nemu_vinput.nemu]
08-29 00:24:06.201 I/StatusBarManagerService(  653): registerStatusBar bar=com.android.internal.statusbar.IStatusBar$Stub$Proxy@8a24e2d
08-29 00:24:06.288 D/PackageManager(  653): trimGetPackagesForUid uid = 1000 result = [com.android.providers.settings, com.mumu.launcher, com.android.location.fused, com.android.settings, com.android.server.telecom, com.netease.mumu.cloner, com.android.inputdevices, android, com.netease.nemu_vapi_android.nemu, com.android.keychain, com.mumu.audio, com.netease.nemu_vinput.nemu]
08-29 00:24:06.292 D/PackageManager(  653): trimGetPackagesForUid uid = 1000 result = [com.android.providers.settings, com.mumu.launcher, com.android.location.fused, com.android.settings, com.android.server.telecom, com.netease.mumu.cloner, com.android.inputdevices, android, com.netease.nemu_vapi_android.nemu, com.android.keychain, com.mumu.audio, com.netease.nemu_vinput.nemu]
08-29 00:24:06.303 D/PackageManager(  653): trimGetPackagesForUid uid = 1000 result = [com.android.providers.settings, com.mumu.launcher, com.android.location.fused, com.android.settings, com.android.server.telecom, com.netease.mumu.cloner, com.android.inputdevices, android, com.netease.nemu_vapi_android.nemu, com.android.keychain, com.mumu.audio, com.netease.nemu_vinput.nemu]
08-29 00:24:06.310 D/PackageManager(  653): trimGetPackagesForUid uid = 10004 result = [com.android.providers.media, com.android.providers.downloads, com.android.providers.downloads.ui]
08-29 00:24:06.320 D/PackageManager(  653): trimGetPackagesForUid uid = 10037 result = [com.tencent.mm]
08-29 00:24:06.362 E/ActivityThread(  653): Failed to find provider info for call_log
08-29 00:24:06.368 I/Telecom (  653): Class: TelecomSystem.INSTANCE being set
08-29 00:24:06.368 W/ContextImpl(  653): Calling a method in the system process without a qualified user: android.app.ContextImpl.startService:1242 android.content.ContextWrapper.startService:581 com.android.server.telecom.components.TelecomService.initializeTelecomSystem:107 com.android.server.telecom.components.TelecomService.onBind:46 android.app.ActivityThread.handleBindService:2931 
08-29 00:24:06.368 D/Interception(  653): result: allow, reason: calleePkg is system app, rule: runType===retrieveService|||callerPkg===android|||calleePkg===com.android.server.telecom|||calleeClass===com.android.server.telecom.components.BluetoothPhoneService|||action===null
08-29 00:24:06.375 I/WiredAccessoryManager(  653): notifyWiredAccessoryChanged: when=0 bits= mask=154
08-29 00:24:06.375 V/WiredAccessoryManager(  653): newName=h2w newState=0 headsetState=0 prev headsetState=0
08-29 00:24:06.375 V/WiredAccessoryManager(  653): init()
08-29 00:24:06.375 V/KeyValueBackupJob(  653): Scheduling k/v pass in 242 minutes
08-29 00:24:06.383 W/WindowManager(  653): Keyguard drawn timeout. Setting mKeyguardDrawComplete
"08-29 00:24:06.388 I/com.android.server.tabs.TabManagerService(  653): notifyOpening:442: notify tab opened in android as it's new task com.mumu.launcher, appName: Mumu Launcher, taskId: 32, firstActiveTime: 1598631846289\r\r\n"
08-29 00:24:06.400 W/ContextImpl(  876): Calling a method in the system process without a qualified user: android.app.ContextImpl.bindService:1306 android.content.ContextWrapper.bindService:604 com.netease.nemu_vapi_android.service.ApiService.bindRemoteAppService:42 com.netease.nemu_vapi_android.service.ApiService.onCreate:34 android.app.ActivityThread.handleCreateService:2904 
08-29 00:24:06.400 D/Interception(  653): result: allow, reason: callerPkg == calleePkg, rule: runType===retrieveService|||callerPkg===com.netease.nemu_vapi_android.nemu|||calleePkg===com.netease.nemu_vapi_android.nemu|||calleeClass===com.netease.nemu_vapi_android.service.AppService|||action===null
08-29 00:24:06.436 D/PackageManager(  653): trimGetPackagesForUid uid = 10014 result = [com.android.browser]
08-29 00:24:06.438 D/Interception(  653): result: allow, reason: calleePkg is system app, rule: runType===retrieveService|||callerPkg===android|||calleePkg===com.android.providers.downloads|||calleeClass===com.android.providers.downloads.DownloadService|||action===null
08-29 00:24:06.472 D/ConnectivityService(  653): Got NetworkFactory Messenger for WIFI
08-29 00:24:06.472 D/ConnectivityService(  653): Got NetworkFactory Messenger for WIFI_UT
08-29 00:24:06.478 D/ConnectivityService(  653): registerNetworkAgent NetworkAgentInfo{ ni{[type: WIFI[], state: CONNECTING/CONNECTING, reason: (unspecified), extra: 0x, roaming: false, failover: false, isAvailable: true]}  network{100}  lp{{LinkAddresses: []  Routes: [] DnsAddresses: [] Domains: null MTU: 0 TcpBufferSizes: 524288,1048576,2097152,262144,524288,1048576}}  nc{[ Transports: WIFI Capabilities: INTERNET&NOT_RESTRICTED&TRUSTED&NOT_VPN LinkUpBandwidth>=1048576Kbps LinkDnBandwidth>=1048576Kbps]}  Score{20}  everValidated{false}  lastValidated{false}  created{false} lingering{false} explicitlySelected{false} acceptUnvalidated{false} everCaptivePortalDetected{false} lastCaptivePortalDetected{false} }
08-29 00:24:06.478 D/ConnectivityService(  653): NetworkAgentInfo [WIFI () - 100] EVENT_NETWORK_INFO_CHANGED, going from null to CONNECTING
08-29 00:24:06.490 D/ConnectivityService(  653): notifyType CAP_CHANGED for NetworkAgentInfo [WIFI () - 100]
08-29 00:24:06.490 D/ConnectivityService(  653): updateNetworkScore for NetworkAgentInfo [WIFI () - 100] to 56
08-29 00:24:06.503 D/WifiService(  653): New client listening to asynchronous messages
08-29 00:24:06.523 D/Interception(  653): result: allow, reason: calleePkg is system app, rule: runType===broadcast|||callerPkg===android|||calleePkg===com.mumu.store|||calleeClass===fake.com.android.providers.downloads.DownloadReceiver|||action===android.intent.action.MEDIA_MOUNTED
08-29 00:24:06.534 I/ActivityManager(  653): Start proc 1002:com.mumu.store/u0a32 for broadcast com.mumu.store/fake.com.android.providers.downloads.DownloadReceive
08-29 00:24:06.535 E/ActivityThread(  817): Failed to find provider info for com.tencent.mm.coolassist.debugprovide
08-29 00:24:06.535 D/ConnectivityService(  653): NetworkAgentInfo [WIFI () - 100] EVENT_NETWORK_INFO_CHANGED, going from CONNECTING to CONNECTED
08-29 00:24:06.537 D/ConnectivityService(  653): Adding iface wlan0 to network 100
08-29 00:24:06.544 D/PackageManager(  653): trimGetPackagesForUid uid = 10037 result = [com.tencent.mm]
08-29 00:24:06.560 E/ConnectivityService(  653): Unexpected mtu value: 0, wlan0
08-29 00:24:06.560 D/ConnectivityService(  653): Adding Route [fe80::/64 -> :: wlan0] to network 100
08-29 00:24:06.560 D/ConnectivityService(  653): Adding Route [10.0.2.0/24 -> 0.0.0.0 wlan0] to network 100
08-29 00:24:06.561 D/ConnectivityService(  653): Adding Route [0.0.0.0/0 -> 10.0.2.2 wlan0] to network 100
08-29 00:24:06.561 D/ConnectivityService(  653): Setting Dns servers for network 100 to [/192.168.43.1]
08-29 00:24:06.562 D/ConnectivityService(  653): sending Proxy Broadcast for [] 0 xl=10.0.2.2
08-29 00:24:06.562 D/ConnectivityService(  653): notifyType IP_CHANGED for NetworkAgentInfo [WIFI () - 100]
08-29 00:24:06.562 D/ConnectivityService(  653): scheduleUnvalidatedPrompt 100
08-29 00:24:06.562 D/ConnectivityService(  653): updateSignalStrengthThresholds: CONNECT, sending [] to NetworkAgentInfo [WIFI () - 100]
08-29 00:24:06.562 D/ConnectivityService(  653): rematch for NetworkAgentInfo [WIFI () - 100]
08-29 00:24:06.562 D/ConnectivityService(  653):    accepting network in place of null
08-29 00:24:06.562 D/ConnectivityService(  653): Switching to new default network: NetworkAgentInfo{ ni{[type: WIFI[], state: CONNECTED/CONNECTED, reason: (unspecified), extra: "2GgJyLe8Ao", roaming: false, failover: false, isAvailable: true]}  network{100}  lp{{InterfaceName: wlan0 LinkAddresses: [fe80::a00:27ff:fe4f:4cca/64,10.0.2.15/24,]  Routes: [fe80::/64 -> :: wlan0,10.0.2.0/24 -> 0.0.0.0 wlan0,0.0.0.0/0 -> 10.0.2.2 wlan0,] DnsAddresses: [192.168.43.1,] Domains: null MTU: 0 TcpBufferSizes: 524288,1048576,2097152,262144,524288,1048576 HttpProxy: [192.168.1.104] 8888 xl=10.0.2.2 }}  nc{[ Transports: WIFI Capabilities: INTERNET&NOT_RESTRICTED&TRUSTED&NOT_VPN LinkUpBandwidth>=1048576Kbps LinkDnBandwidth>=1048576Kbps SignalStrength: -65]}  Score{16}  everValidated{false}  lastValidated{false}  created{true} lingering{false} explicitlySelected{false} acceptUnvalidated{false} everCaptivePortalDetected{false} lastCaptivePortalDetected{false} }
"08-29 00:24:06.568 E/ConnectivityService(  653): Exception in setupDataActivityTracking java.lang.IllegalStateException: command '20 idletimer add wlan0 15 1' failed with '400 20 Failed to add interface'\r\r\n"
08-29 00:24:06.576 D/ConnectivityService(  653): sending Proxy Broadcast for [192.168.1.104] 8888 xl=10.0.2.2
08-29 00:24:06.576 D/ConnectivityService(  653): Setting tx/rx TCP buffers to 524288,1048576,2097152,262144,524288,1048576
08-29 00:24:06.577 D/CSLegacyTypeTracker(  653): Sending CONNECTED broadcast for type 1 NetworkAgentInfo [WIFI () - 100] isDefaultNetwork=true
08-29 00:24:06.577 D/ConnectivityService(  653): sendStickyBroadcast: action=android.net.conn.CONNECTIVITY_CHANGE
08-29 00:24:06.577 D/ConnectivityService(  653): notifyType PRECHECK for NetworkAgentInfo [WIFI () - 100]
08-29 00:24:06.578 D/ConnectivityService(  653): setProvNotificationVisibleIntent null visible=false networkType=MOBILE extraInfo=null highPriority=false
08-29 00:24:06.581 D/ConnectivityService(  653): NetworkAgentInfo [WIFI () - 100] validation  passed
08-29 00:24:06.581 D/ConnectivityService(  653): notifyType CAP_CHANGED for NetworkAgentInfo [WIFI () - 100]
08-29 00:24:06.581 D/ConnectivityService(  653): sendStickyBroadcast: action=android.net.conn.INET_CONDITION_ACTION
08-29 00:24:06.709 D/PackageManager(  653): trimGetPackagesForUid uid = 10032 result = [com.mumu.store]
08-29 00:24:06.740 W/ActivityThread(  896): ClassLoader.loadClass: The class loader returned by Thread.getContextClassLoader() may fail for processes that host multiple applications. You should explicitly specify a context class loader. For example: Thread.setContextClassLoader(getClass().getClassLoader());
08-29 00:24:06.862 D/PackageManager(  653): trimGetPackagesForUid uid = 1000 result = [com.android.providers.settings, com.mumu.launcher, com.android.location.fused, com.android.settings, com.android.server.telecom, com.netease.mumu.cloner, com.android.inputdevices, android, com.netease.nemu_vapi_android.nemu, com.android.keychain, com.mumu.audio, com.netease.nemu_vinput.nemu]
08-29 00:24:08.353 D/DownloadManager(  852): Removed 0 stale downloads
08-29 00:24:08.368 D/DownloadManager(  852): Found 1 files in database
08-29 00:24:08.368 D/DownloadManager(  852): Found 0 files on disk
08-29 00:24:08.370 D/Interception(  653): result: allow, reason: calleePkg is system app, rule: runType===retrieveService|||callerPkg===android|||calleePkg===com.android.providers.downloads|||calleeClass===com.android.providers.downloads.DownloadIdleService|||action===null
08-29 00:24:08.395 D/DownloadManager(  852): Removed 0 stale downloads
08-29 00:24:08.401 D/DownloadManager(  852): Found 1 files in database
08-29 00:24:08.401 D/DownloadManager(  852): Found 0 files on disk
08-29 00:24:08.410 D/ConnectivityService(  653): listenForNetwork for Listen from uid/pid:10010/740 for NetworkRequest [ id=3, legacyType=-1, [] ]
08-29 00:24:08.441 E/ActivityThread(  817): Failed to find provider info for com.google.android.gms.phenotype
08-29 00:24:08.476 D/Interception(  653): result: allow, reason: calleePkg is system app, rule: runType===retrieveService|||callerPkg===android|||calleePkg===com.mumu.store|||calleeClass===fake.com.android.providers.downloads.DownloadService|||action===null
08-29 00:24:08.484 D/Interception(  653): result: allow, reason: allow by air rule, rule: runType===broadcast|||callerPkg===android|||calleePkg===com.tencent.mm|||calleeClass===com.tencent.mm.booter.MountReceiver|||action===android.intent.action.MEDIA_MOUNTED
08-29 00:24:08.507 E/local_camera(  274): player have not connect this server yet. main:204
08-29 00:24:08.528 E/local_camera(  274): player have not connect this server yet. main:204
08-29 00:24:08.607 E/ActivityThread(  740): Failed to find provider info for com.android.contacts
08-29 00:24:08.719 D/Interception(  653): result: allow, reason: callerPkg == calleePkg, rule: runType===retrieveService|||callerPkg===com.tencent.mm|||calleePkg===com.tencent.mm|||calleeClass===com.google.android.gms.measurement.AppMeasurementService|||action===com.google.android.gms.measurement.START
08-29 00:24:08.956 D/WifiService(  653): New client listening to asynchronous messages
08-29 00:24:09.133 W/ContextImpl(  896): Calling a method in the system process without a qualified user: android.app.ContextImpl.sendBroadcast:784 android.content.ContextWrapper.sendBroadcast:396 com.mumu.launcher.co.a:40 com.mumu.launcher.cc.a:125 com.mumu.launcher.cc.a:151 
08-29 00:24:09.167 E/ActivityManager(  653): Unable to mark boot complete for abi: armeabi-v7a
08-29 00:24:09.167 I/SystemServiceManager(  653): Starting phase 1000
08-29 00:24:09.276 I/com.android.server.vapi.BootNotify(  653): notifyBootCompleted:25: boot_progress boot status:enable_scree
08-29 00:24:09.282 D/Interception(  653): result: allow, reason: calleePkg is system app, rule: runType===retrieveService|||callerPkg===android|||calleePkg===com.android.systemui|||calleeClass===com.android.systemui.keyguard.KeyguardService|||action===null
08-29 00:24:09.283 W/KeyguardServiceDelegate(  653): onScreenTurningOn(): no keyguard service!
08-29 00:24:09.302 D/CryptdConnector(  653): SND -> {2 cryptfs getpw}
08-29 00:24:09.312 D/VoldCryptCmdListener(  236): cryptfs getpw
08-29 00:24:09.312 I/Ext4Crypt(  236): ext4 crypto complete called on /data
08-29 00:24:09.312 I/Ext4Crypt(  236): No master key, so not ext4enc
08-29 00:24:09.312 I/Ext4Crypt(  236): ext4 crypto complete called on /data
08-29 00:24:09.312 I/Ext4Crypt(  236): No master key, so not ext4enc
08-29 00:24:09.312 D/CryptdConnector(  653): RCV <- {200 2 -1}
08-29 00:24:09.312 D/CryptdConnector(  653): SND -> {3 cryptfs clearpw}
08-29 00:24:09.313 D/VoldCryptCmdListener(  236): cryptfs clearpw
08-29 00:24:09.313 I/Ext4Crypt(  236): ext4 crypto complete called on /data
08-29 00:24:09.313 I/Ext4Crypt(  236): No master key, so not ext4enc
08-29 00:24:09.313 D/CryptdConnector(  653): RCV <- {200 3 0}
08-29 00:24:09.949 E/local_camera(  274): We have a problem with the player connection. In main:180, reason:No such file or directory
08-29 00:24:09.996 W/ContextImpl(  876): Calling a method in the system process without a qualified user: android.app.ContextImpl.startService:1242 android.content.ContextWrapper.startService:581 com.netease.nemu_vapi_android.resource.VbtnbarManager.onAction:135 com.netease.nemu_vapi_android.resource.ResourceManager.handleRequest:34 com.netease.nemu_vapi_android.api.V1ApiDispatcher.handleRequest:33 
08-29 00:24:09.996 D/Interception(  653): result: allow, reason: calleePkg is system app, rule: runType===retrieveService|||callerPkg===android|||calleePkg===com.mumu.acc|||calleeClass===com.mumu.acc.AccService|||action===nemu.intent.action.ACCELERATE
08-29 00:24:10.039 I/ActivityManager(  653): Start proc 1194:com.mumu.acc/u0a31 for service com.mumu.acc/.AccService
08-29 00:24:10.070 D/Interception(  653): result: allow, reason: allow by air rule, rule: runType===retrieveService|||callerPkg===android|||calleePkg===com.tencent.mm|||calleeClass===com.tencent.mm.service.ProcessService$MMProcessService|||action===null
08-29 00:24:10.080 D/PackageManager(  653): trimGetPackagesForUid uid = 10031 result = [com.mumu.acc]
08-29 00:24:10.174 E/local_camera(  274): We have a problem with the player connection. In main:180, reason:No such file or directory
08-29 00:24:10.690 D/Interception(  653): result: allow, reason: allow by air rule, rule: runType===broadcast|||callerPkg===android|||calleePkg===com.tencent.mm|||calleeClass===com.tencent.mm.booter.BluetoothReceiver|||action===android.media.ACTION_SCO_AUDIO_STATE_UPDATED
08-29 00:24:10.693 W/Interception(  653): result: deny, reason: deny by default category, rule: runType===broadcast|||callerPkg===android|||calleePkg===com.ss.android.article.news|||calleeClass===com.ss.android.downloadlib.core.download.DownloadReceiver|||action===android.intent.action.MEDIA_MOUNTED
08-29 00:24:10.701 W/Interception(  653): result: deny, reason: deny by default category, rule: runType===broadcast|||callerPkg===android|||calleePkg===com.ss.android.article.news|||calleeClass===android.support.v4.media.session.MediaButtonReceiver|||action===android.media.AUDIO_BECOMING_NOISY
08-29 00:24:10.702 W/Interception(  653): result: deny, reason: deny by default category, rule: runType===broadcast|||callerPkg===android|||calleePkg===com.jifen.qukan|||calleeClass===com.jifen.qukan.content.videodetail.VolumeBroadcastReceiver|||action===android.media.VOLUME_CHANGED_ACTION
08-29 00:24:10.702 W/Interception(  653): result: deny, reason: deny by default category, rule: runType===broadcast|||callerPkg===android|||calleePkg===com.jifen.qukan|||calleeClass===com.jifen.qukan.content.videodetail.VolumeBroadcastReceiver|||action===android.media.VOLUME_CHANGED_ACTION
08-29 00:24:10.740 W/Interception(  653): result: deny, reason: deny by default category, rule: runType===broadcast|||callerPkg===android|||calleePkg===io.appium.uiautomator2.server|||calleeClass===io.appium.uiautomator2.server.ServerInstrumentation$PowerConnectionReceiver|||action===android.intent.action.ACTION_POWER_DISCONNECTED
08-29 00:24:10.740 W/Interception(  653): result: deny, reason: deny by default category, rule: runType===broadcast|||callerPkg===android|||calleePkg===com.jifen.qukan|||calleeClass===com.igexin.sdk.PushReceiver|||action===android.intent.action.ACTION_POWER_DISCONNECTED
08-29 00:24:10.740 W/Interception(  653): result: deny, reason: deny by default category, rule: runType===broadcast|||callerPkg===android|||calleePkg===com.jifen.qukan|||calleeClass===io.rong.push.rongpush.PushReceiver|||action===android.intent.action.ACTION_POWER_DISCONNECTED
08-29 00:24:10.740 W/Interception(  653): result: deny, reason: deny by default category, rule: runType===broadcast|||callerPkg===android|||calleePkg===com.ss.android.article.news|||calleeClass===com.ss.android.message.MessageReceiver|||action===android.intent.action.ACTION_POWER_DISCONNECTED
08-29 00:24:10.740 D/Interception(  653): result: allow, reason: calleePkg is system app, rule: runType===broadcast|||callerPkg===android|||calleePkg===com.mumu.acc|||calleeClass===com.mumu.acc.AccMsgReceiver|||action===nemu.intent.action.NEW_TASK
08-29 00:24:10.742 D/Interception(  653): result: allow, reason: calleePkg is system app, rule: runType===broadcast|||callerPkg===android|||calleePkg===com.netease.nemu_vapi_android.nemu|||calleeClass===com.netease.nemu_vapi_android.receiver.LaunchReceiver|||action===android.net.conn.CONNECTIVITY_CHANGE
08-29 00:24:10.742 W/ContextImpl(  876): Calling a method in the system process without a qualified user: android.app.ContextImpl.startService:1242 android.content.ContextWrapper.startService:581 android.content.ContextWrapper.startService:581 com.netease.nemu_vapi_android.receiver.LaunchReceiver.onReceive:56 android.app.ActivityThread.handleReceiver:2752 
08-29 00:24:10.745 W/Interception(  653): result: deny, reason: deny by default category, rule: runType===broadcast|||callerPkg===android|||calleePkg===com.netease.cloudmusic|||calleeClass===com.xiaomi.push.service.receivers.NetworkStatusReceiver|||action===android.net.conn.CONNECTIVITY_CHANGE
08-29 00:24:10.745 W/Interception(  653): result: deny, reason: deny by default category, rule: runType===broadcast|||callerPkg===android|||calleePkg===com.jifen.qukan|||calleeClass===com.xiaomi.push.service.receivers.NetworkStatusReceiver|||action===android.net.conn.CONNECTIVITY_CHANGE
08-29 00:24:10.745 W/Interception(  653): result: deny, reason: deny by default category, rule: runType===broadcast|||callerPkg===android|||calleePkg===com.ss.android.article.news|||calleeClass===com.xiaomi.push.service.receivers.NetworkStatusReceiver|||action===android.net.conn.CONNECTIVITY_CHANGE
08-29 00:24:10.745 D/Interception(  653): result: allow, reason: calleePkg is system app, rule: runType===broadcast|||callerPkg===android|||calleePkg===com.android.providers.downloads|||calleeClass===com.android.providers.downloads.DownloadReceiver|||action===android.net.conn.CONNECTIVITY_CHANGE
08-29 00:24:10.748 D/Interception(  653): result: allow, reason: calleePkg is system app, rule: runType===retrieveService|||callerPkg===android|||calleePkg===com.android.providers.downloads|||calleeClass===com.android.providers.downloads.DownloadService|||action===null
08-29 00:24:10.748 D/Interception(  653): result: allow, reason: calleePkg is system app, rule: runType===broadcast|||callerPkg===android|||calleePkg===com.mumu.store|||calleeClass===fake.com.android.providers.downloads.DownloadReceiver|||action===android.net.conn.CONNECTIVITY_CHANGE
08-29 00:24:10.750 D/Interception(  653): result: allow, reason: calleePkg is system app, rule: runType===retrieveService|||callerPkg===android|||calleePkg===com.mumu.store|||calleeClass===fake.com.android.providers.downloads.DownloadService|||action===null
08-29 00:24:10.751 D/Interception(  653): result: allow, reason: allow by air rule, rule: runType===broadcast|||callerPkg===android|||calleePkg===com.tencent.mm|||calleeClass===com.tencent.mm.booter.MMReceivers$ConnectionReceiver|||action===android.net.conn.CONNECTIVITY_CHANGE
08-29 00:24:10.766 I/ActivityManager(  653): Start proc 1244:com.tencent.mm:push/u0a37 for broadcast com.tencent.mm/.booter.MMReceivers$ConnectionReceive
08-29 00:24:10.777 D/PackageManager(  653): trimGetPackagesForUid uid = 10037 result = [com.tencent.mm]
08-29 00:24:10.834 D/PackageManager(  653): trimGetPackagesForUid uid = 10037 result = [com.tencent.mm]
08-29 00:24:10.920 E/ActivityThread( 1244): Failed to find provider info for com.tencent.mm.coolassist.debugprovide
08-29 00:24:10.924 D/PackageManager(  653): trimGetPackagesForUid uid = 10037 result = [com.tencent.mm]
08-29 00:24:12.625 D/Interception(  653): result: allow, reason: callerPkg == calleePkg, rule: runType===retrieveService|||callerPkg===com.tencent.mm|||calleePkg===com.tencent.mm|||calleeClass===com.tencent.mm.ipcinvoker.wx_extension.service.MainProcessIPCService|||action===null
08-29 00:24:12.801 W/Interception(  653): result: deny, reason: deny by default category, rule: runType===broadcast|||callerPkg===android|||calleePkg===com.netease.cloudmusic|||calleeClass===com.netease.nimlib.service.NimReceiver|||action===android.net.conn.CONNECTIVITY_CHANGE
08-29 00:24:12.802 W/Interception(  653): result: deny, reason: deny by default category, rule: runType===broadcast|||callerPkg===android|||calleePkg===com.jifen.qukan|||calleeClass===com.igexin.sdk.PushReceiver|||action===android.net.conn.CONNECTIVITY_CHANGE
08-29 00:24:12.802 W/Interception(  653): result: deny, reason: deny by default category, rule: runType===broadcast|||callerPkg===android|||calleePkg===com.jifen.qukan|||calleeClass===io.rong.push.rongpush.PushReceiver|||action===android.net.conn.CONNECTIVITY_CHANGE
08-29 00:24:12.803 W/Interception(  653): result: deny, reason: deny by default category, rule: runType===broadcast|||callerPkg===android|||calleePkg===com.ss.android.article.news|||calleeClass===com.bytedance.ttnet.hostmonitor.ConnectivityReceiver|||action===android.net.conn.CONNECTIVITY_CHANGE
08-29 00:24:12.803 W/Interception(  653): result: deny, reason: deny by default category, rule: runType===broadcast|||callerPkg===android|||calleePkg===com.ss.android.article.news|||calleeClass===com.bytedance.common.wschannel.server.WsChannelReceiver|||action===android.net.conn.CONNECTIVITY_CHANGE
08-29 00:24:12.803 W/Interception(  653): result: deny, reason: deny by default category, rule: runType===broadcast|||callerPkg===android|||calleePkg===com.ss.android.article.news|||calleeClass===com.ss.android.downloadlib.core.download.DownloadReceiver|||action===android.net.conn.CONNECTIVITY_CHANGE
08-29 00:24:12.803 W/Interception(  653): result: deny, reason: deny by default category, rule: runType===broadcast|||callerPkg===android|||calleePkg===com.ss.android.article.news|||calleeClass===com.ss.android.article.base.DownloadReceiver|||action===android.net.conn.CONNECTIVITY_CHANGE
08-29 00:24:12.803 W/Interception(  653): result: deny, reason: deny by default category, rule: runType===broadcast|||callerPkg===android|||calleePkg===com.ss.android.article.news|||calleeClass===com.huawei.android.pushagent.PushBootReceiver|||action===android.net.conn.CONNECTIVITY_CHANGE
08-29 00:24:12.803 W/Interception(  653): result: deny, reason: deny by default category, rule: runType===broadcast|||callerPkg===android|||calleePkg===com.ss.android.article.news|||calleeClass===com.taobao.accs.EventReceiver|||action===android.net.conn.CONNECTIVITY_CHANGE
08-29 00:24:12.803 W/Interception(  653): result: deny, reason: deny by default category, rule: runType===broadcast|||callerPkg===android|||calleePkg===com.ss.android.article.news|||calleeClass===com.ss.android.message.MessageReceiver|||action===android.net.conn.CONNECTIVITY_CHANGE
08-29 00:24:12.803 D/Interception(  653): result: allow, reason: callerPkg == calleePkg, rule: runType===broadcast|||callerPkg===com.mumu.store|||calleePkg===com.mumu.store|||calleeClass===com.tmall.wireless.viewtracker.internal.config.ConfigReceiver|||action===com.tmall.wireless.viewtracker.config.changed
08-29 00:24:12.807 D/Interception(  653): result: allow, reason: callerPkg == calleePkg, rule: runType===broadcast|||callerPkg===com.tencent.mm|||calleePkg===com.tencent.mm|||calleeClass===com.tencent.mm.sandbox.monitor.CrashUploadAlarmReceiver|||action===null
08-29 00:24:12.822 D/Interception(  653): result: allow, reason: callerPkg == calleePkg, rule: runType===broadcast|||callerPkg===android|||calleePkg===android|||calleeClass===com.android.server.BootReceiver|||action===android.intent.action.BOOT_COMPLETED
08-29 00:24:12.824 D/Interception(  653): result: allow, reason: calleePkg is system app, rule: runType===retrieveService|||callerPkg===android|||calleePkg===com.android.keychain|||calleeClass===com.android.keychain.KeyChainService|||action===android.security.IKeyChainService
08-29 00:24:12.836 I/ActivityManager(  653): Start proc 1324:com.android.keychain/1000 for service com.android.keychain/.KeyChainService
08-29 00:24:12.837 D/Interception(  653): result: allow, reason: calleePkg is system app, rule: runType===broadcast|||callerPkg===android|||calleePkg===com.android.systemui|||calleeClass===com.android.systemui.BootReceiver|||action===android.intent.action.BOOT_COMPLETED
08-29 00:24:12.839 D/Interception(  653): result: allow, reason: calleePkg is system app, rule: runType===broadcast|||callerPkg===android|||calleePkg===com.netease.nemu_vapi_android.nemu|||calleeClass===com.netease.nemu_vapi_android.receiver.LaunchReceiver|||action===android.intent.action.BOOT_COMPLETED
08-29 00:24:12.842 I/BootReceiver(  653): Copying audit failures to DropBox
08-29 00:24:12.842 I/BootReceiver(  653): Checking for fsck errors
08-29 00:24:12.842 W/ContextImpl(  876): Calling a method in the system process without a qualified user: android.app.ContextImpl.startService:1242 android.content.ContextWrapper.startService:581 android.content.ContextWrapper.startService:581 com.netease.nemu_vapi_android.receiver.LaunchReceiver.onReceive:56 android.app.ActivityThread.handleReceiver:2752 
08-29 00:24:12.843 D/Interception(  653): result: allow, reason: calleePkg is system app, rule: runType===broadcast|||callerPkg===android|||calleePkg===com.android.providers.calendar|||calleeClass===com.android.providers.calendar.CalendarReceiver|||action===android.intent.action.BOOT_COMPLETED
08-29 00:24:12.856 I/ActivityManager(  653): Start proc 1337:com.android.providers.calendar/u0a1 for broadcast com.android.providers.calendar/.CalendarReceive
08-29 00:24:12.900 D/PackageManager(  653): trimGetPackagesForUid uid = 1000 result = [com.android.providers.settings, com.mumu.launcher, com.android.location.fused, com.android.settings, com.android.server.telecom, com.netease.mumu.cloner, com.android.inputdevices, android, com.netease.nemu_vapi_android.nemu, com.android.keychain, com.mumu.audio, com.netease.nemu_vinput.nemu]
08-29 00:24:12.910 D/PackageManager(  653): trimGetPackagesForUid uid = 10001 result = [com.android.providers.calendar]
08-29 00:24:12.982 D/Interception(  653): result: allow, reason: calleePkg is system app, rule: runType===retrieveService|||callerPkg===android|||calleePkg===com.android.providers.calendar|||calleeClass===com.android.providers.calendar.EmptyService|||action===null
08-29 00:24:12.985 D/Interception(  653): result: allow, reason: calleePkg is system app, rule: runType===broadcast|||callerPkg===android|||calleePkg===com.android.providers.downloads|||calleeClass===com.android.providers.downloads.DownloadReceiver|||action===android.intent.action.BOOT_COMPLETED
08-29 00:24:12.986 D/Interception(  653): result: allow, reason: calleePkg is system app, rule: runType===retrieveService|||callerPkg===android|||calleePkg===com.android.providers.downloads|||calleeClass===com.android.providers.downloads.DownloadService|||action===null
08-29 00:24:12.987 D/Interception(  653): result: allow, reason: calleePkg is system app, rule: runType===broadcast|||callerPkg===android|||calleePkg===com.mumu.acc|||calleeClass===com.mumu.acc.AccMsgReceiver|||action===android.intent.action.BOOT_COMPLETED
08-29 00:24:12.996 E/local_camera(  274): We have a problem with the player connection. In main:180, reason:No such file or directory
08-29 00:24:13.011 D/Interception(  653): result: allow, reason: calleePkg is system app, rule: runType===broadcast|||callerPkg===android|||calleePkg===com.mumu.launcher|||calleeClass===com.mumu.launcher.BootReceiver|||action===android.intent.action.BOOT_COMPLETED
08-29 00:24:13.017 E/local_camera(  274): We have a problem with the player connection. In main:180, reason:No such file or directory
08-29 00:24:13.023 D/Interception(  653): result: allow, reason: calleePkg is system app, rule: runType===broadcast|||callerPkg===android|||calleePkg===com.mumu.store|||calleeClass===com.mumu.store.BootReceiver|||action===android.intent.action.BOOT_COMPLETED
08-29 00:24:13.032 E/local_camera(  274): We have a problem with the player connection. In main:180, reason:No such file or directory
08-29 00:24:13.047 E/local_camera(  274): We have a problem with the player connection. In main:180, reason:No such file or directory
08-29 00:24:13.077 D/Interception(  653): result: allow, reason: calleePkg is system app, rule: runType===broadcast|||callerPkg===android|||calleePkg===com.mumu.store|||calleeClass===fake.com.android.providers.downloads.DownloadReceiver|||action===android.intent.action.BOOT_COMPLETED
08-29 00:24:13.087 D/Interception(  653): result: allow, reason: calleePkg is system app, rule: runType===retrieveService|||callerPkg===android|||calleePkg===com.mumu.store|||calleeClass===fake.com.android.providers.downloads.DownloadService|||action===null
08-29 00:24:13.092 D/Interception(  653): result: allow, reason: allow by air rule, rule: runType===broadcast|||callerPkg===android|||calleePkg===com.tencent.mm|||calleeClass===com.tencent.mm.booter.MMReceivers$BootReceiver|||action===android.intent.action.BOOT_COMPLETED
08-29 00:24:13.095 W/Interception(  653): result: deny, reason: deny by default category, rule: runType===broadcast|||callerPkg===android|||calleePkg===com.netease.cloudmusic|||calleeClass===com.netease.nimlib.service.NimReceiver|||action===android.intent.action.BOOT_COMPLETED
08-29 00:24:13.097 W/Interception(  653): result: deny, reason: deny by default category, rule: runType===broadcast|||callerPkg===android|||calleePkg===com.jifen.qukan|||calleeClass===com.igexin.sdk.PushReceiver|||action===android.intent.action.BOOT_COMPLETED
08-29 00:24:13.097 W/Interception(  653): result: deny, reason: deny by default category, rule: runType===broadcast|||callerPkg===android|||calleePkg===com.ss.android.article.news|||calleeClass===com.ss.android.downloadlib.core.download.DownloadReceiver|||action===android.intent.action.BOOT_COMPLETED
08-29 00:24:13.097 W/Interception(  653): result: deny, reason: deny by default category, rule: runType===broadcast|||callerPkg===android|||calleePkg===com.ss.android.article.news|||calleeClass===com.taobao.accs.EventReceiver|||action===android.intent.action.BOOT_COMPLETED
08-29 00:24:13.097 W/Interception(  653): result: deny, reason: deny by default category, rule: runType===broadcast|||callerPkg===android|||calleePkg===com.ss.android.article.news|||calleeClass===com.ss.android.message.MessageReceiver|||action===android.intent.action.BOOT_COMPLETED
08-29 00:24:13.098 D/Interception(  653): result: allow, reason: calleePkg is system app, rule: runType===broadcast|||callerPkg===com.mumu.acc|||calleePkg===com.mumu.store|||calleeClass===com.mumu.store.track.TrackingReceiver|||action===com.mumu.store.action.TRACKING
08-29 00:24:13.818 W/ActivityThread(  876): ClassLoader.loadClass: The class loader returned by Thread.getContextClassLoader() may fail for processes that host multiple applications. You should explicitly specify a context class loader. For example: Thread.setContextClassLoader(getClass().getClassLoader());
08-29 00:24:14.017 D/ConnectivityService(  653): notifyType CAP_CHANGED for NetworkAgentInfo [WIFI () - 100]
08-29 00:24:14.046 D/ConnectivityService(  653): updateNetworkScore for NetworkAgentInfo [WIFI () - 100] to 60
08-29 00:24:14.524 W/InputMethodManagerService(  653): Illegal subtype state: old subtype = null, new subtype = android.view.inputmethod.InputMethodSubtype@6b6dbdec
08-29 00:24:16.002 D/ConnectivityService(  653): handlePromptUnvalidated 100
08-29 00:24:18.021 D/Interception(  653): result: allow, reason: calleePkg is system app, rule: runType===broadcast|||callerPkg===android|||calleePkg===com.android.providers.calendar|||calleeClass===com.android.providers.calendar.CalendarProviderBroadcastReceiver|||action===com.android.providers.calendar.intent.CalendarProvider2
08-29 00:24:18.055 D/Interception(  653): result: allow, reason: calleePkg is system app, rule: runType===retrieveService|||callerPkg===android|||calleePkg===com.android.providers.calendar|||calleeClass===com.android.providers.calendar.CalendarProviderIntentService|||action===com.android.providers.calendar.intent.CalendarProvider2
08-29 00:24:19.669 W/ContextImpl(  896): Calling a method in the system process without a qualified user: android.app.ContextImpl.sendBroadcast:784 android.content.ContextWrapper.sendBroadcast:396 com.mumu.launcher.ao.c:690 com.mumu.launcher.ao.a:43 com.mumu.launcher.ao$4$1.a:210 
08-29 00:24:19.677 D/Interception(  653): result: allow, reason: calleePkg is system app, rule: runType===broadcast|||callerPkg===com.mumu.launcher|||calleePkg===com.mumu.store|||calleeClass===com.mumu.store.track.TrackingReceiver|||action===com.mumu.store.action.TRACKING
08-29 00:24:19.747 W/ContextImpl(  896): Calling a method in the system process without a qualified user: android.app.ContextImpl.sendBroadcast:784 android.content.ContextWrapper.sendBroadcast:396 com.mumu.launcher.ao.c:690 com.mumu.launcher.ao.a:43 com.mumu.launcher.ao$4$1.a:206 
08-29 00:24:19.748 D/Interception(  653): result: allow, reason: calleePkg is system app, rule: runType===broadcast|||callerPkg===com.mumu.launcher|||calleePkg===com.mumu.store|||calleeClass===com.mumu.store.track.TrackingReceiver|||action===com.mumu.store.action.TRACKING
08-29 00:24:19.804 W/ContextImpl(  896): Calling a method in the system process without a qualified user: android.app.ContextImpl.sendBroadcast:784 android.content.ContextWrapper.sendBroadcast:396 com.mumu.launcher.ao.c:690 com.mumu.launcher.ao.a:43 com.mumu.launcher.ao$4$1.a:206 
08-29 00:24:19.804 D/Interception(  653): result: allow, reason: calleePkg is system app, rule: runType===broadcast|||callerPkg===com.mumu.launcher|||calleePkg===com.mumu.store|||calleeClass===com.mumu.store.track.TrackingReceiver|||action===com.mumu.store.action.TRACKING
08-29 00:24:19.804 W/ContextImpl(  896): Calling a method in the system process without a qualified user: android.app.ContextImpl.sendBroadcast:784 android.content.ContextWrapper.sendBroadcast:396 com.mumu.launcher.ao.c:690 com.mumu.launcher.ao.a:43 com.mumu.launcher.ao$4$1.a:210 
08-29 00:24:19.805 D/Interception(  653): result: allow, reason: calleePkg is system app, rule: runType===broadcast|||callerPkg===com.mumu.launcher|||calleePkg===com.mumu.store|||calleeClass===com.mumu.store.track.TrackingReceiver|||action===com.mumu.store.action.TRACKING
08-29 00:24:20.848 D/Interception(  653): result: allow, reason: calleePkg is system app, rule: runType===broadcast|||callerPkg===com.android.systemui|||calleePkg===com.netease.nemu_vapi_android.nemu|||calleeClass===com.netease.nemu_vapi_android.receiver.LaunchReceiver|||action===android.intent.action.USER_PRESENT
08-29 00:24:20.849 W/ContextImpl(  876): Calling a method in the system process without a qualified user: android.app.ContextImpl.startService:1242 android.content.ContextWrapper.startService:581 android.content.ContextWrapper.startService:581 com.netease.nemu_vapi_android.receiver.LaunchReceiver.onReceive:56 android.app.ActivityThread.handleReceiver:2752 
08-29 00:24:20.853 W/Interception(  653): result: deny, reason: deny by default category, rule: runType===broadcast|||callerPkg===com.android.systemui|||calleePkg===com.jifen.qukan|||calleeClass===com.igexin.sdk.PushReceiver|||action===android.intent.action.USER_PRESENT
08-29 00:24:20.853 W/Interception(  653): result: deny, reason: deny by default category, rule: runType===broadcast|||callerPkg===com.android.systemui|||calleePkg===com.jifen.qukan|||calleeClass===io.rong.push.rongpush.PushReceiver|||action===android.intent.action.USER_PRESENT
08-29 00:24:20.853 W/Interception(  653): result: deny, reason: deny by default category, rule: runType===broadcast|||callerPkg===com.android.systemui|||calleePkg===com.ss.android.article.news|||calleeClass===com.ss.android.newmedia.message.window.ScreenReceiver|||action===android.intent.action.USER_PRESENT
08-29 00:24:20.853 W/Interception(  653): result: deny, reason: deny by default category, rule: runType===broadcast|||callerPkg===com.android.systemui|||calleePkg===com.ss.android.article.news|||calleeClass===com.taobao.accs.EventReceiver|||action===android.intent.action.USER_PRESENT
08-29 00:24:20.854 W/Interception(  653): result: deny, reason: deny by default category, rule: runType===broadcast|||callerPkg===com.android.systemui|||calleePkg===com.ss.android.article.news|||calleeClass===com.ss.android.message.MessageReceiver|||action===android.intent.action.USER_PRESENT
08-29 00:24:20.854 W/Interception(  653): result: deny, reason: deny by default category, rule: runType===broadcast|||callerPkg===com.android.systemui|||calleePkg===com.ss.android.article.news|||calleeClass===com.ss.android.message.sswo.SswoReceiver|||action===android.intent.action.USER_PRESENT
08-29 00:24:20.889 I/ActivityManager(  653): Config changes=480 {1.0 ?mcc?mnc zh_CN ldltr sw480dp w480dp h829dp 270dpi lrg long port finger -keyb/v/h -nav/h s.6}
08-29 00:24:20.898 I/ActivityThread( 1244): Switching default density from 324 to 270
