08-29 00:44:51.205 D/        ( 2222): HostConnection::get() New Host Connection established 0x954db1c0, tid 2369
08-29 00:44:51.239 D/com.netease.nemu_vapi_android.thread.HttpServer(  876): http server response data: {"errcode":0,"message":"OK","return":{"process_name":"com.xueqiu.android"}}
08-29 00:44:51.259 W/cr_AwContents( 2222): onDetachedFromWindow called when already detached. Ignoring
08-29 00:44:51.274 I/cr_Ime  ( 2222): ImeThread is not enabled.
08-29 00:44:51.274 E/eglCodecCommon( 2222): glUtilsParamSize: unknow param 0x00008fbb
08-29 00:44:51.284 E/eglCodecCommon( 2222): glUtilsParamSize: unknow param 0x00008824
08-29 00:44:51.292 E/eglCodecCommon( 2222): glUtilsParamSize: unknow param 0x00008824
08-29 00:44:51.302 E/eglCodecCommon( 2222): glUtilsParamSize: unknow param 0x00008a34
08-29 00:44:51.312 E/eglCodecCommon( 2222): glUtilsParamSize: unknow param 0x00008073
08-29 00:44:51.314 E/eglCodecCommon( 2222): glUtilsParamSize: unknow param 0x000088ff
08-29 00:44:51.339 E/eglCodecCommon( 2222): glUtilsParamSize: unknow param 0x00008fbb
08-29 00:44:51.403 E/eglCodecCommon( 2222): glUtilsParamSize: unknow param 0x00008fbb
08-29 00:44:51.408 W/cr_BindingManager( 2222): Cannot call determinedVisibility() - never saw a connection for the pid: 2222
08-29 00:44:51.415 E/eglCodecCommon( 2222): glUtilsParamSize: unknow param 0x00008fbb
08-29 00:44:51.455 W/OkHttp  ( 2222): Ignoring header X-Device-ID because its value was null.
08-29 00:44:51.471 E/eglCodecCommon( 2222): glUtilsParamSize: unknow param 0x00008fbb
08-29 00:44:51.473 E/eglCodecCommon( 2222): glUtilsParamSize: unknow param 0x00008fbb
08-29 00:44:51.477 W/cr_BindingManager( 2222): Cannot call determinedVisibility() - never saw a connection for the pid: 2222
08-29 00:44:51.673 I/chromium( 2222): [INFO:CONSOLE(207)] "init_complete", source: file:///android_asset/template/js/status.js (207)
08-29 00:44:51.675 W/cr_AwContentsClient( 2222): Denied starting an intent without a user gesture, URI js://init_complete
08-29 00:44:51.864 W/art     ( 2222): Method processed more than once: java.util.Map com.android.webview.chromium.WebViewUrlWatcher.readConfigFile()
08-29 00:44:51.865 D/WebViewUrlWatcher( 2222): watchUrlIfNeeded, url: file:///android_asset/template/
08-29 00:44:51.893 I/chromium( 2222): [INFO:CONSOLE(207)] "init_complete", source: file:///android_asset/template/js/status.js (207)
08-29 00:44:51.895 W/cr_AwContentsClient( 2222): Denied starting an intent without a user gesture, URI js://init_complete
08-29 00:44:51.910 D/WebViewUrlWatcher( 2222): watchUrlIfNeeded, url: file:///android_asset/template/
08-29 00:44:54.829 W/OkHttp  ( 2222): Ignoring header X-Device-ID because its value was null.
08-29 00:44:54.886 W/OkHttp  ( 2222): Ignoring header X-Device-ID because its value was null.
08-29 00:44:54.966 D/UserStorage( 2222): userId = 1311839993
08-29 00:44:54.985 W/OkHttp  ( 2222): Ignoring header X-Device-ID because its value was null.
08-29 00:44:55.043 W/OkHttp  ( 2222): Ignoring header X-Device-ID because its value was null.
08-29 00:44:55.058 W/OkHttp  ( 2222): Ignoring header X-Device-ID because its value was null.
08-29 00:44:55.085 W/OkHttp  ( 2222): Ignoring header X-Device-ID because its value was null.
08-29 00:44:55.100 W/OkHttp  ( 2222): Ignoring header X-Device-ID because its value was null.
08-29 00:44:55.112 W/OkHttp  ( 2222): Ignoring header X-Device-ID because its value was null.
08-29 00:44:55.171 D/UserStorage( 2222): userId = 1311839993
08-29 00:44:56.047 W/art     ( 2222): Method processed more than once: java.lang.String com.umeng.analytics.pro.cw.v()
08-29 00:44:56.124 I/art     ( 2222): Background sticky concurrent mark sweep GC freed 60399(3MB) AllocSpace objects, 110(11MB) LOS objects, 20% free, 47MB/59MB, paused 2.370ms total 135.451ms
08-29 00:44:57.339 I/art     ( 2222): Note: end time exceeds epoch: 
08-29 00:44:58.236 W/OkHttp  ( 2222): Ignoring header X-Device-ID because its value was null.
08-29 00:44:58.352 W/OkHttp  ( 2222): Ignoring header X-Device-ID because its value was null.
08-29 00:44:58.392 W/OkHttp  ( 2222): Ignoring header X-Device-ID because its value was null.
08-29 00:44:58.414 W/OkHttp  ( 2222): Ignoring header X-Device-ID because its value was null.
08-29 00:44:58.439 W/OkHttp  ( 2222): Ignoring header X-Device-ID because its value was null.
08-29 00:44:58.455 W/OkHttp  ( 2222): Ignoring header X-Device-ID because its value was null.
08-29 00:44:58.456 W/OkHttp  ( 2222): Ignoring header X-Device-ID because its value was null.
08-29 00:44:59.261 W/PmsSerialize(  653): Before serialize:/data/system/apps-gson-info/appPath.gso
08-29 00:44:59.262 W/PmsSerialize(  653): After serialize:/data/system/apps-gson-info/appPath.gso
08-29 00:45:01.539 W/OkHttp  ( 2222): Ignoring header X-Device-ID because its value was null.
08-29 00:45:03.148 I/System.out( 2222): receive [ACK:5] from /47.95.49.75:443[UUID:1NETEASE3aa32c099ffb273fbaaec7e454fa1b72, TS:00:44:46.354].
08-29 00:45:04.885 W/OkHttp  ( 2222): Ignoring header X-Device-ID because its value was null.
08-29 00:45:04.918 W/OkHttp  ( 2222): Ignoring header X-Device-ID because its value was null.
08-29 00:45:05.035 W/OkHttp  ( 2222): Ignoring header X-Device-ID because its value was null.
08-29 00:45:05.095 W/OkHttp  ( 2222): Ignoring header X-Device-ID because its value was null.
08-29 00:45:05.120 W/OkHttp  ( 2222): Ignoring header X-Device-ID because its value was null.
08-29 00:45:05.137 W/OkHttp  ( 2222): Ignoring header X-Device-ID because its value was null.
08-29 00:45:05.147 W/OkHttp  ( 2222): Ignoring header X-Device-ID because its value was null.
08-29 00:45:05.163 W/OkHttp  ( 2222): Ignoring header X-Device-ID because its value was null.
08-29 00:45:05.329 I/art     ( 2222): Note: end time exceeds epoch: 
08-29 00:45:05.498 E/KernelUidCpuTimeReader(  653): Failed to read uid_cputime: /proc/uid_cputime/show_uid_stat: open failed: ENOENT (No such file or directory)
08-29 00:45:06.524 I/art     ( 2222): Note: end time exceeds epoch: 
08-29 00:45:08.269 W/OkHttp  ( 2222): Ignoring header X-Device-ID because its value was null.
08-29 00:45:08.386 W/OkHttp  ( 2222): Ignoring header X-Device-ID because its value was null.
08-29 00:45:08.448 W/OkHttp  ( 2222): Ignoring header X-Device-ID because its value was null.
08-29 00:45:08.469 W/OkHttp  ( 2222): Ignoring header X-Device-ID because its value was null.
08-29 00:45:08.485 W/OkHttp  ( 2222): Ignoring header X-Device-ID because its value was null.
08-29 00:45:08.493 W/OkHttp  ( 2222): Ignoring header X-Device-ID because its value was null.
08-29 00:45:08.517 W/OkHttp  ( 2222): Ignoring header X-Device-ID because its value was null.
08-29 00:45:09.576 D/com.netease.nemu_vapi_android.thread.HttpServer(  876): http server response data: 
08-29 00:45:11.590 W/OkHttp  ( 2222): Ignoring header X-Device-ID because its value was null.
08-29 00:45:13.328 I/art     ( 2222): Note: end time exceeds epoch: 
08-29 00:45:13.465 I/art     ( 2222): Note: end time exceeds epoch: 
08-29 00:45:13.466 W/art     ( 2222): Method processed more than once: java.lang.String com.xiaomi.push.gx.a(int)
08-29 00:45:13.497 I/art     ( 2222): Note: end time exceeds epoch: 
08-29 00:45:13.592 W/art     ( 2222): Method processed more than once: java.lang.String com.xiaomi.push.af.g()
08-29 00:45:13.611 I/art     ( 2222): Note: end time exceeds epoch: 
08-29 00:45:13.633 I/art     ( 2222): Note: end time exceeds epoch: 
08-29 00:45:13.826 I/art     ( 2222): Note: end time exceeds epoch: 
08-29 00:45:14.944 W/OkHttp  ( 2222): Ignoring header X-Device-ID because its value was null.
08-29 00:45:14.975 W/OkHttp  ( 2222): Ignoring header X-Device-ID because its value was null.
08-29 00:45:15.068 W/OkHttp  ( 2222): Ignoring header X-Device-ID because its value was null.
08-29 00:45:15.146 W/OkHttp  ( 2222): Ignoring header X-Device-ID because its value was null.
08-29 00:45:15.151 W/OkHttp  ( 2222): Ignoring header X-Device-ID because its value was null.
08-29 00:45:15.186 W/OkHttp  ( 2222): Ignoring header X-Device-ID because its value was null.
08-29 00:45:15.197 W/OkHttp  ( 2222): Ignoring header X-Device-ID because its value was null.
08-29 00:45:15.203 W/OkHttp  ( 2222): Ignoring header X-Device-ID because its value was null.
08-29 00:45:17.628 I/art     ( 2222): Note: end time exceeds epoch: 
08-29 00:45:18.328 W/OkHttp  ( 2222): Ignoring header X-Device-ID because its value was null.
08-29 00:45:18.420 W/OkHttp  ( 2222): Ignoring header X-Device-ID because its value was null.
08-29 00:45:18.484 W/OkHttp  ( 2222): Ignoring header X-Device-ID because its value was null.
08-29 00:45:18.506 W/OkHttp  ( 2222): Ignoring header X-Device-ID because its value was null.
08-29 00:45:18.534 W/OkHttp  ( 2222): Ignoring header X-Device-ID because its value was null.
08-29 00:45:18.541 W/OkHttp  ( 2222): Ignoring header X-Device-ID because its value was null.
08-29 00:45:18.552 W/OkHttp  ( 2222): Ignoring header X-Device-ID because its value was null.
08-29 00:45:20.140 I/System.out( 2222): receive [ACK:6] from /47.95.49.75:443[UUID:1NETEASE3aa32c099ffb273fbaaec7e454fa1b72, TS:00:45:03.148].
08-29 00:45:21.618 W/OkHttp  ( 2222): Ignoring header X-Device-ID because its value was null.
08-29 00:45:24.975 W/OkHttp  ( 2222): Ignoring header X-Device-ID because its value was null.
08-29 00:45:25.020 W/OkHttp  ( 2222): Ignoring header X-Device-ID because its value was null.
08-29 00:45:25.116 W/OkHttp  ( 2222): Ignoring header X-Device-ID because its value was null.
08-29 00:45:25.171 W/OkHttp  ( 2222): Ignoring header X-Device-ID because its value was null.
08-29 00:45:25.206 W/OkHttp  ( 2222): Ignoring header X-Device-ID because its value was null.
08-29 00:45:25.212 W/OkHttp  ( 2222): Ignoring header X-Device-ID because its value was null.
08-29 00:45:25.237 W/OkHttp  ( 2222): Ignoring header X-Device-ID because its value was null.
08-29 00:45:25.255 W/OkHttp  ( 2222): Ignoring header X-Device-ID because its value was null.
08-29 00:45:25.286 D/UserStorage( 2222): userId = 1311839993
08-29 00:45:25.341 D/UserStorage( 2222): userId = 1311839993
08-29 00:45:28.374 W/OkHttp  ( 2222): Ignoring header X-Device-ID because its value was null.
08-29 00:45:28.469 W/OkHttp  ( 2222): Ignoring header X-Device-ID because its value was null.
08-29 00:45:28.518 W/OkHttp  ( 2222): Ignoring header X-Device-ID because its value was null.
08-29 00:45:28.552 W/OkHttp  ( 2222): Ignoring header X-Device-ID because its value was null.
08-29 00:45:28.558 W/OkHttp  ( 2222): Ignoring header X-Device-ID because its value was null.
08-29 00:45:28.582 W/OkHttp  ( 2222): Ignoring header X-Device-ID because its value was null.
08-29 00:45:28.608 W/OkHttp  ( 2222): Ignoring header X-Device-ID because its value was null.
08-29 00:45:30.386 W/PmsSerialize(  653): Before serialize:/data/system/apps-gson-info/appPath.gso
08-29 00:45:30.387 W/PmsSerialize(  653): After serialize:/data/system/apps-gson-info/appPath.gso
08-29 00:45:31.675 W/OkHttp  ( 2222): Ignoring header X-Device-ID because its value was null.
08-29 00:45:32.434 I/com.netease.nemu_vapi_android.thread.FileUpdater(  876): file length:277
08-29 00:45:32.434 I/com.netease.nemu_vapi_android.thread.FileUpdater(  876): file on server lastModified:Wed Dec 26 16:50:03 GMT+08:00 2018
08-29 00:45:32.434 I/com.netease.nemu_vapi_android.thread.FileUpdater(  876): file on local lastModified:Thu May 14 19:44:15 GMT+08:00 2020
08-29 00:45:32.434 I/com.netease.nemu_vapi_android.thread.FileUpdater(  876): Not need to update /system/etc/mumu-configs/notification-blacklist.config
08-29 00:45:32.435 I/com.netease.nemu_vapi_android.thread.FileUpdater(  876): /system/etc/mumu-configs/notification-blacklist.config not need update or fail.
08-29 00:45:35.019 W/OkHttp  ( 2222): Ignoring header X-Device-ID because its value was null.
08-29 00:45:35.052 W/OkHttp  ( 2222): Ignoring header X-Device-ID because its value was null.
08-29 00:45:35.150 W/OkHttp  ( 2222): Ignoring header X-Device-ID because its value was null.
08-29 00:45:35.201 W/OkHttp  ( 2222): Ignoring header X-Device-ID because its value was null.
08-29 00:45:35.236 W/OkHttp  ( 2222): Ignoring header X-Device-ID because its value was null.
08-29 00:45:35.236 W/OkHttp  ( 2222): Ignoring header X-Device-ID because its value was null.
08-29 00:45:35.285 W/OkHttp  ( 2222): Ignoring header X-Device-ID because its value was null.
08-29 00:45:35.310 W/OkHttp  ( 2222): Ignoring header X-Device-ID because its value was null.
08-29 00:45:37.252 I/System.out( 2222): receive [ACK:7] from /47.95.49.75:443[UUID:1NETEASE3aa32c099ffb273fbaaec7e454fa1b72, TS:00:45:20.140].
08-29 00:45:38.411 W/OkHttp  ( 2222): Ignoring header X-Device-ID because its value was null.
08-29 00:45:38.505 W/OkHttp  ( 2222): Ignoring header X-Device-ID because its value was null.
08-29 00:45:38.552 W/OkHttp  ( 2222): Ignoring header X-Device-ID because its value was null.
08-29 00:45:38.576 W/OkHttp  ( 2222): Ignoring header X-Device-ID because its value was null.
08-29 00:45:38.585 W/OkHttp  ( 2222): Ignoring header X-Device-ID because its value was null.
08-29 00:45:38.635 W/OkHttp  ( 2222): Ignoring header X-Device-ID because its value was null.
08-29 00:45:38.652 W/OkHttp  ( 2222): Ignoring header X-Device-ID because its value was null.
08-29 00:45:41.711 W/OkHttp  ( 2222): Ignoring header X-Device-ID because its value was null.
08-29 00:45:42.238 D/com.netease.nemu_vapi_android.thread.HttpServer(  876): http server response data: {"errcode":0,"message":"OK","return":{"volume":11}}
08-29 00:45:42.770 D/Interception(  653): result: allow, reason: callerPkg == calleePkg, rule: runType===broadcast|||callerPkg===com.tencent.mm|||calleePkg===com.tencent.mm|||calleeClass===com.tencent.mm.plugin.report.service.KVCommCrossProcessReceiver|||action===com.tencent.mm.plugin.report.service.KVCommCrossProcessReceive
08-29 00:45:45.051 W/OkHttp  ( 2222): Ignoring header X-Device-ID because its value was null.
08-29 00:45:45.098 W/OkHttp  ( 2222): Ignoring header X-Device-ID because its value was null.
08-29 00:45:45.206 W/OkHttp  ( 2222): Ignoring header X-Device-ID because its value was null.
08-29 00:45:45.255 W/OkHttp  ( 2222): Ignoring header X-Device-ID because its value was null.
08-29 00:45:45.278 W/OkHttp  ( 2222): Ignoring header X-Device-ID because its value was null.
08-29 00:45:45.287 W/OkHttp  ( 2222): Ignoring header X-Device-ID because its value was null.
08-29 00:45:45.323 W/OkHttp  ( 2222): Ignoring header X-Device-ID because its value was null.
08-29 00:45:45.334 W/OkHttp  ( 2222): Ignoring header X-Device-ID because its value was null.
08-29 00:45:45.578 D/UserStorage( 2222): userId = 1311839993
08-29 00:45:45.601 D/UserStorage( 2222): userId = 1311839993
08-29 00:45:45.630 I/UnicodeIME( 1705): onFinishInput: 
08-29 00:45:45.630 I/UnicodeIME( 1705): onStartInput
08-29 00:45:48.452 W/OkHttp  ( 2222): Ignoring header X-Device-ID because its value was null.
08-29 00:45:48.551 W/OkHttp  ( 2222): Ignoring header X-Device-ID because its value was null.
08-29 00:45:48.613 W/OkHttp  ( 2222): Ignoring header X-Device-ID because its value was null.
08-29 00:45:48.626 W/OkHttp  ( 2222): Ignoring header X-Device-ID because its value was null.
08-29 00:45:48.640 W/OkHttp  ( 2222): Ignoring header X-Device-ID because its value was null.
08-29 00:45:51.735 W/OkHttp  ( 2222): Ignoring header X-Device-ID because its value was null.
08-29 00:45:54.126 I/System.out( 2222): receive [ACK:8] from /47.95.49.75:443[UUID:1NETEASE3aa32c099ffb273fbaaec7e454fa1b72, TS:00:45:37.252].
08-29 00:45:55.146 W/OkHttp  ( 2222): Ignoring header X-Device-ID because its value was null.
08-29 00:45:55.254 W/OkHttp  ( 2222): Ignoring header X-Device-ID because its value was null.
08-29 00:45:55.314 W/OkHttp  ( 2222): Ignoring header X-Device-ID because its value was null.
08-29 00:45:55.315 W/OkHttp  ( 2222): Ignoring header X-Device-ID because its value was null.
08-29 00:45:55.344 W/OkHttp  ( 2222): Ignoring header X-Device-ID because its value was null.
08-29 00:46:05.521 E/KernelUidCpuTimeReader(  653): Failed to read uid_cputime: /proc/uid_cputime/show_uid_stat: open failed: ENOENT (No such file or directory)
08-29 00:46:05.533 E/KernelUidCpuTimeReader(  653): Failed to read uid_cputime: /proc/uid_cputime/show_uid_stat: open failed: ENOENT (No such file or directory)
08-29 00:46:05.982 D/com.netease.nemu_vapi_android.thread.HttpServer(  876): http server response data: {"errcode":0,"message":"OK","return":{"volume":11}}
08-29 00:46:06.030 D/com.netease.nemu_vapi_android.thread.HttpServer(  876): http server response data: {"errcode":0,"message":"OK"}
08-29 00:46:06.046 D/Interception(  653): result: allow, reason: calleePkg is system app, rule: runType===activity|||callerPkg===android|||calleePkg===com.mumu.launcher|||calleeClass===com.mumu.launcher.Launcher|||action===android.intent.action.MAIN
08-29 00:46:06.046 I/ActivityManager(  653): START u0 {act=android.intent.action.MAIN cat=[android.intent.category.HOME] flg=0x10200000 cmp=com.mumu.launcher/.Launcher (has extras)} from uid 1000 on display 0
08-29 00:46:06.081 E/KernelUidCpuTimeReader(  653): Failed to read uid_cputime: /proc/uid_cputime/show_uid_stat: open failed: ENOENT (No such file or directory)
08-29 00:46:06.084 W/InputMethodManagerService(  653): Starting input on non-focused client com.android.internal.view.IInputMethodClient$Stub$Proxy@14e5345 (uid=10035 pid=2222)
08-29 00:46:06.097 I/UnicodeIME( 1705): onFinishInput: 
08-29 00:46:06.097 I/UnicodeIME( 1705): onStartInput
08-29 00:46:06.173 D/com.netease.nemu_vapi_android.thread.HttpServer(  876): http server response data: {"errcode":0,"message":"OK"}
08-29 00:46:06.187 D/com.netease.nemu_vapi_android.thread.HttpServer(  876): http server response data: {"errcode":0,"message":"OK"}
08-29 00:46:07.572 D/Interception(  653): result: allow, reason: calleePkg is system app, rule: runType===activity|||callerPkg===com.mumu.launcher|||calleePkg===com.android.settings|||calleeClass===com.android.settings.Settings|||action===android.intent.action.MAIN
08-29 00:46:07.572 I/ActivityManager(  653): START u0 {act=android.intent.action.MAIN cat=[android.intent.category.LAUNCHER] flg=0x10200000 cmp=com.android.settings/.Settings bnds=[312,221][454,367]} from uid 1000 on display 0
08-29 00:46:07.586 W/ContextImpl(  896): Calling a method in the system process without a qualified user: android.app.ContextImpl.sendBroadcast:799 android.content.ContextWrapper.sendBroadcast:401 com.mumu.launcher.cl.a:123 com.mumu.launcher.Launcher.onClick:2442 com.mumu.launcher.Folder.onClick:219 
08-29 00:46:07.587 I/UnicodeIME( 1705): onFinishInput: 
08-29 00:46:07.592 I/UnicodeIME( 1705): onStartInput
08-29 00:46:07.611 W/InputMethodManagerService(  653): Starting input on non-focused client com.android.internal.view.IInputMethodClient$Stub$Proxy@31b5399 (uid=1000 pid=896)
08-29 00:46:07.641 D/Activity( 1965): on create, cpu abi: x86, brand: Android
08-29 00:46:07.720 I/IndexDatabaseHelper( 1965): Using schema version: 115
08-29 00:46:07.721 I/IndexDatabaseHelper( 1965): Index is fine
"08-29 00:46:07.724 D/Index   ( 1965): Locale 'zh_CN' is already indexed\r\r\n"
08-29 00:46:07.791 D/Interception(  653): result: allow, reason: calleePkg is system app, rule: runType===broadcast|||callerPkg===android|||calleePkg===com.mumu.acc|||calleeClass===com.mumu.acc.AccMsgReceiver|||action===nemu.intent.action.NEW_TASK
"08-29 00:46:07.797 I/com.android.server.tabs.TabManagerService(  653): notifyOpening:442: notify tab opened in android as it's new task com.android.settings, appName: \xe8\xae\xbe\xe7\xbd\xae, taskId: 36, firstActiveTime: 1598633167609\r\r\n"
08-29 00:46:07.797 D/updatePackage(  896): version com.android.settings 23
08-29 00:46:07.798 I/Launcher(  896): Deferring update until onResume
08-29 00:46:07.801 D/com.netease.nemu_android_watchdog_lib.core.Watchdog(  876): upload event: {"architecture":"x86","channel":"nochannel","engine":"NEMU","language":"zh_CN","package":"mumu","usage":"0","uuid":"a0eeac49-2f56-4687-ad27-cf5066296f1c","version":"2.3.10","x":{"app_name":"\xe8\xae\xbe\xe7\xbd\xae","app_package":"com.android.settings","error":{"code":0,"msg":"ok"},"token":"667fcf0d-c5cf-4fd2-8b4b-8ca7ece89a9f"}}\ttype: LaunchAPP\tsign: 6IhQ051w99bZ+z4qTu+/vbmYNLI=\tuid: 1000
08-29 00:46:07.804 D/AccService( 1194): AccMsgReceiver: nemu.intent.action.NEW_TASK
08-29 00:46:07.822 D/OpenGLRenderer( 1965): Use EGL_SWAP_BEHAVIOR_PRESERVED: true
08-29 00:46:07.839 D/        ( 1965): HostConnection::get() New Host Connection established 0xae27b6e0, tid 1965
08-29 00:46:07.848 D/com.netease.nemu_vapi_android.thread.HttpServer(  876): http server response data: {"errcode":0,"message":"OK"}
08-29 00:46:07.858 D/com.netease.nemu_vapi_android.thread.HttpServer(  876): http server response data: {"errcode":0,"message":"OK","return":{"process_name":"com.android.settings"}}
08-29 00:46:07.859 D/com.netease.nemu_vapi_android.thread.HttpServer(  876): http server response data: {"errcode":0,"message":"OK"}
08-29 00:46:07.920 D/DashboardSummary( 1965): rebuildUI took: 50 ms
08-29 00:46:07.976 D/libEGL  ( 1965): loaded /system/lib/egl/libEGL_emulation.so
08-29 00:46:07.979 D/        ( 1965): HostConnection::get() New Host Connection established 0xae27b640, tid 2411
08-29 00:46:07.997 D/com.netease.nemu_vapi_android.thread.HttpServer(  876): http server response data: {"errcode":0,"message":"OK","return":{"process_name":"com.android.settings"}}
08-29 00:46:08.020 D/libEGL  ( 1965): loaded /system/lib/egl/libGLESv1_CM_emulation.so
08-29 00:46:08.025 D/libEGL  ( 1965): loaded /system/lib/egl/libGLESv2_emulation.so
08-29 00:46:08.031 I/OpenGLRenderer( 1965): Initialized EGL, version 1.4
08-29 00:46:08.116 I/ActivityManager(  653): Displayed com.android.settings/.Settings: +508ms
08-29 00:46:08.118 W/InputMethodManagerService(  653): Starting input on non-focused client com.android.internal.view.IInputMethodClient$Stub$Proxy@14e5345 (uid=10035 pid=2222)
08-29 00:46:08.127 I/UnicodeIME( 1705): onFinishInput: 
08-29 00:46:08.127 I/UnicodeIME( 1705): onStartInput
08-29 00:46:08.329 D/com.netease.nemu_android_watchdog_lib.core.Watchdog(  876): upload server response: {"errcode": 100, "errmsg": "ok"}
08-29 00:46:08.329 D/com.netease.nemu_android_watchdog_lib.core.Watchdog(  876): upload result: true
08-29 00:46:09.136 D/Interception(  653): result: allow, reason: callerPkg == calleePkg, rule: runType===activity|||callerPkg===com.android.settings|||calleePkg===com.android.settings|||calleeClass===com.android.settings.SubSettings|||action===android.intent.action.MAIN
08-29 00:46:09.136 I/ActivityManager(  653): START u0 {act=android.intent.action.MAIN cmp=com.android.settings/.SubSettings (has extras)} from uid 1000 on display 0
08-29 00:46:09.147 D/Activity( 1965): on create, cpu abi: x86, brand: Android
08-29 00:46:09.188 D/SubSettings( 1965): Launching fragment com.android.settings.wifi.WifiSettings
08-29 00:46:09.213 D/WifiService(  653): New client listening to asynchronous messages
"08-29 00:46:09.292 D/Index   ( 1965): Deleting data for locale 'zh_CN' took 17 millis\r\r\n"
08-29 00:46:09.298 E/wpa_supplicant(  815): wpa driver wired get scan results for ssid: 2GgJyLe8Ao
"08-29 00:46:09.316 D/Index   ( 1965): Indexing locale 'zh_CN' took 24 millis\r\r\n"
08-29 00:46:09.351 I/ActivityManager(  653): Displayed com.android.settings/.SubSettings: +208ms
08-29 00:46:09.353 I/UnicodeIME( 1705): onFinishInput: 
08-29 00:46:09.359 I/UnicodeIME( 1705): onStartInput
"08-29 00:46:09.368 D/Index   ( 1965): Deleting data for locale 'zh_CN' took 2 millis\r\r\n"
"08-29 00:46:09.373 D/Index   ( 1965): Indexing locale 'zh_CN' took 5 millis\r\r\n"
08-29 00:46:09.393 D/OpenGLRenderer( 1965): endAllStagingAnimators on 0xa28f8d80 (RippleDrawable) with handle 0xa245d1b0
08-29 00:46:09.403 I/UnicodeIME( 1705): onFinishInput: 
08-29 00:46:09.403 I/UnicodeIME( 1705): onStartInput
08-29 00:46:09.560 D/com.netease.nemu_vapi_android.thread.HttpServer(  876): http server response data: 
08-29 00:46:10.538 I/UnicodeIME( 1705): onFinishInput: 
08-29 00:46:10.538 I/UnicodeIME( 1705): onStartInput
08-29 00:46:11.692 D/OpenGLRenderer( 1965): endAllStagingAnimators on 0xa2026f00 (RippleDrawable) with handle 0xa2372e80
08-29 00:46:11.696 I/UnicodeIME( 1705): onFinishInput: 
08-29 00:46:11.697 I/UnicodeIME( 1705): onStartInput
08-29 00:46:12.727 V/NFC     ( 1965): this device does not have NFC support
08-29 00:46:14.014 W/InputMethodManagerService(  653): Window already focused, ignoring focus gain of: com.android.internal.view.IInputMethodClient$Stub$Proxy@53d917b attribute=null, token = android.os.BinderProxy@945815a
08-29 00:46:14.075 I/UnicodeIME( 1705): onFinishInput: 
08-29 00:46:14.075 I/UnicodeIME( 1705): onStartInput
08-29 00:46:14.143 I/UnicodeIME( 1705): onStartInput
"08-29 00:46:18.022 I/UnicodeIME( 1705): onKeyDown (keyCode='22', event.keyCode='22', metaState='0')\r\r\n"
"08-29 00:46:18.520 I/UnicodeIME( 1705): onKeyDown (keyCode='22', event.keyCode='22', metaState='0')\r\r\n"
"08-29 00:46:18.571 I/UnicodeIME( 1705): onKeyDown (keyCode='22', event.keyCode='22', metaState='0')\r\r\n"
"08-29 00:46:18.622 I/UnicodeIME( 1705): onKeyDown (keyCode='22', event.keyCode='22', metaState='0')\r\r\n"
"08-29 00:46:18.672 I/UnicodeIME( 1705): onKeyDown (keyCode='22', event.keyCode='22', metaState='0')\r\r\n"
"08-29 00:46:18.723 I/UnicodeIME( 1705): onKeyDown (keyCode='22', event.keyCode='22', metaState='0')\r\r\n"
"08-29 00:46:18.773 I/UnicodeIME( 1705): onKeyDown (keyCode='22', event.keyCode='22', metaState='0')\r\r\n"
"08-29 00:46:18.824 I/UnicodeIME( 1705): onKeyDown (keyCode='22', event.keyCode='22', metaState='0')\r\r\n"
"08-29 00:46:18.875 I/UnicodeIME( 1705): onKeyDown (keyCode='22', event.keyCode='22', metaState='0')\r\r\n"
"08-29 00:46:18.926 I/UnicodeIME( 1705): onKeyDown (keyCode='22', event.keyCode='22', metaState='0')\r\r\n"
"08-29 00:46:18.977 I/UnicodeIME( 1705): onKeyDown (keyCode='22', event.keyCode='22', metaState='0')\r\r\n"
"08-29 00:46:19.033 I/UnicodeIME( 1705): onKeyDown (keyCode='22', event.keyCode='22', metaState='0')\r\r\n"
"08-29 00:46:19.083 I/UnicodeIME( 1705): onKeyDown (keyCode='22', event.keyCode='22', metaState='0')\r\r\n"
"08-29 00:46:19.108 I/UnicodeIME( 1705): onKeyUp (keyCode='22', event.keyCode='22', metaState='0')\r\r\n"
08-29 00:46:19.279 E/wpa_supplicant(  815): wpa driver wired get scan results for ssid: 2GgJyLe8Ao
"08-29 00:46:19.466 I/UnicodeIME( 1705): onKeyDown (keyCode='67', event.keyCode='67', metaState='0')\r\r\n"
"08-29 00:46:19.967 I/UnicodeIME( 1705): onKeyDown (keyCode='67', event.keyCode='67', metaState='0')\r\r\n"
"08-29 00:46:20.018 I/UnicodeIME( 1705): onKeyDown (keyCode='67', event.keyCode='67', metaState='0')\r\r\n"
"08-29 00:46:20.069 I/UnicodeIME( 1705): onKeyDown (keyCode='67', event.keyCode='67', metaState='0')\r\r\n"
"08-29 00:46:20.120 I/UnicodeIME( 1705): onKeyDown (keyCode='67', event.keyCode='67', metaState='0')\r\r\n"
"08-29 00:46:20.170 I/UnicodeIME( 1705): onKeyDown (keyCode='67', event.keyCode='67', metaState='0')\r\r\n"
"08-29 00:46:20.222 I/UnicodeIME( 1705): onKeyDown (keyCode='67', event.keyCode='67', metaState='0')\r\r\n"
"08-29 00:46:20.272 I/UnicodeIME( 1705): onKeyDown (keyCode='67', event.keyCode='67', metaState='0')\r\r\n"
"08-29 00:46:20.323 I/UnicodeIME( 1705): onKeyDown (keyCode='67', event.keyCode='67', metaState='0')\r\r\n"
"08-29 00:46:20.374 I/UnicodeIME( 1705): onKeyDown (keyCode='67', event.keyCode='67', metaState='0')\r\r\n"
"08-29 00:46:20.425 I/UnicodeIME( 1705): onKeyDown (keyCode='67', event.keyCode='67', metaState='0')\r\r\n"
"08-29 00:46:20.485 I/UnicodeIME( 1705): onKeyDown (keyCode='67', event.keyCode='67', metaState='0')\r\r\n"
"08-29 00:46:20.535 I/UnicodeIME( 1705): onKeyDown (keyCode='67', event.keyCode='67', metaState='0')\r\r\n"
"08-29 00:46:20.587 I/UnicodeIME( 1705): onKeyDown (keyCode='67', event.keyCode='67', metaState='0')\r\r\n"
"08-29 00:46:20.638 I/UnicodeIME( 1705): onKeyDown (keyCode='67', event.keyCode='67', metaState='0')\r\r\n"
"08-29 00:46:20.688 I/UnicodeIME( 1705): onKeyDown (keyCode='67', event.keyCode='67', metaState='0')\r\r\n"
"08-29 00:46:20.718 I/UnicodeIME( 1705): onKeyUp (keyCode='67', event.keyCode='67', metaState='0')\r\r\n"
08-29 00:46:20.969 I/UnicodeIME( 1705): onFinishInput: 
08-29 00:46:20.969 I/UnicodeIME( 1705): onStartInput
"08-29 00:46:21.315 I/UnicodeIME( 1705): onKeyDown (keyCode='67', event.keyCode='67', metaState='0')\r\r\n"
"08-29 00:46:21.394 I/UnicodeIME( 1705): onKeyUp (keyCode='67', event.keyCode='67', metaState='0')\r\r\n"
"08-29 00:46:21.451 I/UnicodeIME( 1705): onKeyDown (keyCode='67', event.keyCode='67', metaState='0')\r\r\n"
"08-29 00:46:21.538 I/UnicodeIME( 1705): onKeyUp (keyCode='67', event.keyCode='67', metaState='0')\r\r\n"
"08-29 00:46:21.594 I/UnicodeIME( 1705): onKeyDown (keyCode='67', event.keyCode='67', metaState='0')\r\r\n"
"08-29 00:46:21.674 I/UnicodeIME( 1705): onKeyUp (keyCode='67', event.keyCode='67', metaState='0')\r\r\n"
"08-29 00:46:21.739 I/UnicodeIME( 1705): onKeyDown (keyCode='67', event.keyCode='67', metaState='0')\r\r\n"
"08-29 00:46:21.819 I/UnicodeIME( 1705): onKeyUp (keyCode='67', event.keyCode='67', metaState='0')\r\r\n"
"08-29 00:46:21.883 I/UnicodeIME( 1705): onKeyDown (keyCode='67', event.keyCode='67', metaState='0')\r\r\n"
"08-29 00:46:21.971 I/UnicodeIME( 1705): onKeyUp (keyCode='67', event.keyCode='67', metaState='0')\r\r\n"
08-29 00:46:22.056 I/System.out( 2222): connector[/47.95.49.75:443] is shutting down.
08-29 00:46:22.119 I/System.out( 2222): sent [SYN:1] to /47.95.49.75:80[UUID:1NETEASE3aa32c099ffb273fbaaec7e454fa1b72, TS:08:00:00.000].
08-29 00:46:22.309 I/System.out( 2222): receive [ACK:1] from /47.95.49.75:80[UUID:1NETEASE3aa32c099ffb273fbaaec7e454fa1b72, TS:08:00:00.000].
08-29 00:46:22.617 I/System.out( 2222): receive [ACK:2] from /47.95.49.75:80[UUID:1NETEASE3aa32c099ffb273fbaaec7e454fa1b72, TS:00:46:22.310].
08-29 00:46:22.718 I/System.out( 2222): receive [ACK:3] from /47.95.49.75:80[UUID:1NETEASE3aa32c099ffb273fbaaec7e454fa1b72, TS:00:46:22.619].
08-29 00:46:24.257 I/UnicodeIME( 1705): onFinishInput: 
08-29 00:46:24.258 I/UnicodeIME( 1705): onStartInput
08-29 00:46:24.265 I/UnicodeIME( 1705): onFinishInput: 
08-29 00:46:24.265 I/UnicodeIME( 1705): onStartInput
08-29 00:46:25.589 I/UnicodeIME( 1705): onFinishInput: 
08-29 00:46:25.589 I/UnicodeIME( 1705): onStartInput
08-29 00:46:25.598 I/UnicodeIME( 1705): onFinishInput: 
08-29 00:46:25.598 I/UnicodeIME( 1705): onStartInput
08-29 00:46:25.910 D/OpenGLRenderer( 1965): endAllStagingAnimators on 0xa2366d80 (ListPopupWindow$DropDownListView) with handle 0xa1f6eb60
08-29 00:46:27.711 I/UnicodeIME( 1705): onFinishInput: 
08-29 00:46:27.711 I/UnicodeIME( 1705): onStartInput
08-29 00:46:27.726 I/UnicodeIME( 1705): onFinishInput: 
08-29 00:46:27.726 I/UnicodeIME( 1705): onStartInput
08-29 00:46:28.043 D/OpenGLRenderer( 1965): endAllStagingAnimators on 0xa17c5800 (ListPopupWindow$DropDownListView) with handle 0xa1f6ed10
08-29 00:46:28.774 E/WiFiServiceImpl (  653): SAVE nid=0 uid=1000 name=android.uid.system:1000
08-29 00:46:28.774 D/WifiService(  653): Connect with config* ID: 0 SSID: null PROVIDER-NAME: null BSSID: null FQDN: null PRIO: 0
08-29 00:46:28.774 D/WifiService(  653):  KeyMgmt: NONE Protocols:
08-29 00:46:28.774 D/WifiService(  653):  AuthAlgorithms:
08-29 00:46:28.774 D/WifiService(  653):  PairwiseCiphers:
08-29 00:46:28.774 D/WifiService(  653):  GroupCiphers:
08-29 00:46:28.774 D/WifiService(  653):  PSK: 
08-29 00:46:28.774 D/WifiService(  653): Enterprise config:
08-29 00:46:28.774 D/WifiService(  653): IP config:
08-29 00:46:28.774 D/WifiService(  653): IP assignment: DHCP
08-29 00:46:28.774 D/WifiService(  653): Proxy settings: NONE
08-29 00:46:28.774 D/WifiService(  653):  cuid=-1 luid=-1 lcuid=0 userApproved=USER_UNSPECIFIED noInternetAccessExpected=false roamingFailureBlackListTimeMilli: 1000
08-29 00:46:28.774 D/WifiService(  653): triggeredLow: 0 triggeredBad: 0 triggeredNotHigh: 0
08-29 00:46:28.774 D/WifiService(  653): ticksLow: 0 ticksBad: 0 ticksNotHigh: 0
08-29 00:46:28.774 D/WifiService(  653): triggeredJoin: 0
08-29 00:46:28.774 D/WifiService(  653): autoJoinBailedDueToLowRssi: false
08-29 00:46:28.774 D/WifiService(  653): autoJoinUseAggressiveJoinAttemptThreshold: 0
08-29 00:46:28.775 D/WifiStateMachine(  653): SAVE_NETWORK id=0 config=null nid=0 supstate=CompletedState my state ConnectedState
08-29 00:46:28.786 D/WifiConfigStore(  653): proxy changed SSID = "2GgJyLe8Ao"
08-29 00:46:28.798 I/UnicodeIME( 1705): onFinishInput: 
08-29 00:46:28.798 I/UnicodeIME( 1705): onStartInput
08-29 00:46:28.813 D/WifiStateMachine(  653): Reconfiguring proxy on connectio
08-29 00:46:28.837 D/IpReachabilityMonitor(  653): watch: iface{wlan0/4}, v{4}, ntable=[10.0.2.2/NUD_REACHABLE]
08-29 00:46:28.838 D/WifiAutoJoinController (  653): updateConfigurationHistory found 1 networks
08-29 00:46:28.838 E/WifiConfigStore(  653):  rewrite network history for "2GgJyLe8Ao"NONE
08-29 00:46:28.838 D/ConnectivityService(  653): sending Proxy Broadcast for [] 0 xl=10.0.2.2
08-29 00:46:28.840 D/ConnectivityService(  653): notifyType IP_CHANGED for NetworkAgentInfo [WIFI () - 100]
08-29 00:46:29.282 E/wpa_supplicant(  815): wpa driver wired get scan results for ssid: 2GgJyLe8Ao
08-29 00:46:29.872 D/com.netease.nemu_vapi_android.thread.HttpServer(  876): http server response data: {"errcode":0,"message":"OK"}
08-29 00:46:29.878 D/Interception(  653): result: allow, reason: calleePkg is system app, rule: runType===activity|||callerPkg===android|||calleePkg===com.mumu.launcher|||calleeClass===com.mumu.launcher.Launcher|||action===android.intent.action.MAIN
08-29 00:46:29.878 I/ActivityManager(  653): START u0 {act=android.intent.action.MAIN cat=[android.intent.category.HOME] flg=0x10200000 cmp=com.mumu.launcher/.Launcher (has extras)} from uid 1000 on display 0
08-29 00:46:29.893 W/InputMethodManagerService(  653): Starting input on non-focused client com.android.internal.view.IInputMethodClient$Stub$Proxy@6ad2112 (uid=1000 pid=1965)
08-29 00:46:29.894 I/UnicodeIME( 1705): onFinishInput: 
08-29 00:46:29.894 I/UnicodeIME( 1705): onStartInput
08-29 00:46:29.991 D/com.netease.nemu_vapi_android.thread.HttpServer(  876): http server response data: {"errcode":0,"message":"OK"}
08-29 00:46:30.005 D/com.netease.nemu_vapi_android.thread.HttpServer(  876): http server response data: {"errcode":0,"message":"OK"}
08-29 00:46:30.718 D/Interception(  653): result: allow, reason: runType is activity, rule: runType===activity|||callerPkg===com.mumu.launcher|||calleePkg===com.xueqiu.android|||calleeClass===com.xueqiu.android.view.WelcomeActivityAlias|||action===android.intent.action.MAIN
08-29 00:46:30.718 I/ActivityManager(  653): START u0 {act=android.intent.action.MAIN cat=[android.intent.category.LAUNCHER] flg=0x10200000 cmp=com.xueqiu.android/.view.WelcomeActivityAlias bnds=[43,413][188,688]} from uid 1000 on display 0
08-29 00:46:30.728 W/ContextImpl(  896): Calling a method in the system process without a qualified user: android.app.ContextImpl.sendBroadcast:799 android.content.ContextWrapper.sendBroadcast:401 com.mumu.launcher.cl.a:123 com.mumu.launcher.Launcher.onClick:2442 android.view.View.performClick:5204 
08-29 00:46:30.738 W/InputMethodManagerService(  653): Starting input on non-focused client com.android.internal.view.IInputMethodClient$Stub$Proxy@31b5399 (uid=1000 pid=896)
08-29 00:46:30.742 I/UnicodeIME( 1705): onFinishInput: 
08-29 00:46:30.744 I/UnicodeIME( 1705): onStartInput
08-29 00:46:30.777 D/com.netease.nemu_vapi_android.thread.HttpServer(  876): http server response data: {"errcode":0,"message":"OK"}
08-29 00:46:30.778 D/com.netease.nemu_vapi_android.thread.HttpServer(  876): http server response data: {"errcode":0,"message":"OK"}
08-29 00:46:32.449 W/art     ( 2222): Method processed more than once: java.lang.String okhttp3.internal.platform.AndroidPlatform.getSelectedProtocol(javax.net.ssl.SSLSocket)
08-29 00:46:32.560 W/art     ( 2222): Method processed more than once: org.json.JSONObject com.xueqiu.android.a.a$2.a(java.lang.Void[])
08-29 00:46:32.572 W/art     ( 2222): Method processed more than once: void com.xueqiu.android.a.a.b(org.json.JSONObject)
08-29 00:46:34.309 D/UserStorage( 2222): userId = 1311839993
08-29 00:46:34.339 D/EventBus( 2222): No subscribers registered for event class com.xueqiu.android.stockmodule.portfolio.b.a
08-29 00:46:34.339 D/EventBus( 2222): No subscribers registered for event class org.greenrobot.eventbus.h
08-29 00:46:34.339 D/EventBus( 2222): No subscribers registered for event class com.xueqiu.android.stockmodule.portfolio.b.b
08-29 00:46:34.339 D/EventBus( 2222): No subscribers registered for event class org.greenrobot.eventbus.h
08-29 00:46:34.435 E/RecyclerView( 2222): No adapter attached; skipping layout
08-29 00:46:34.435 E/RecyclerView( 2222): No adapter attached; skipping layout
08-29 00:46:34.446 W/View    ( 2222): requestLayout() improperly called by androidx.appcompat.widget.AppCompatTextView{ef317b1 V.ED..... ......ID 6,0-54,69 #7f09197d app:id/title_text} during layout: running second layout pass
08-29 00:46:34.446 W/View    ( 2222): requestLayout() improperly called by androidx.appcompat.widget.AppCompatTextView{ff69279 V.ED..... ......ID 6,0-78,69 #7f09197d app:id/title_text} during layout: running second layout pass
08-29 00:46:34.446 W/View    ( 2222): requestLayout() improperly called by androidx.appcompat.widget.AppCompatImageView{8ff936c V.ED..... ......ID 0,38-14,52 #7f09196c app:id/title_img_right} during layout: running second layout pass
08-29 00:46:34.446 W/View    ( 2222): requestLayout() improperly called by android.widget.FrameLayout{6acf41f V.E...... ......ID 108,0-125,69 #7f090e48 app:id/marker_container} during layout: running second layout pass
08-29 00:46:34.466 I/UnicodeIME( 1705): onFinishInput: 
08-29 00:46:34.467 I/UnicodeIME( 1705): onStartInput
08-29 00:46:34.557 W/art     ( 2222): Method processed more than once: double com.google.gson.stream.JsonReader.nextDouble()
08-29 00:46:34.670 W/View    ( 2222): requestLayout() improperly called by com.xueqiu.android.stockmodule.quotecenter.scrollabletable.STCellRecyclerView{e744aa3 VFE...... ......ID 253,0-810,54 #7f0913ca app:id/row_recycler} during layout: running second layout pass
08-29 00:46:34.670 W/View    ( 2222): requestLayout() improperly called by com.xueqiu.android.stockmodule.quotecenter.scrollabletable.STCellRecyclerView{ffa2adb VFE...C.. ......ID 253,0-810,95 #7f0913ca app:id/row_recycler} during layout: running second layout pass
08-29 00:46:34.670 W/View    ( 2222): requestLayout() improperly called by com.xueqiu.android.stockmodule.quotecenter.scrollabletable.STCellRecyclerView{fa85f54 VFE...C.. ......ID 253,0-810,95 #7f0913ca app:id/row_recycler} during layout: running second layout pass
08-29 00:46:34.671 W/View    ( 2222): requestLayout() improperly called by com.xueqiu.android.stockmodule.quotecenter.scrollabletable.STCellRecyclerView{ec0016d VFE...C.. ......ID 253,0-810,95 #7f0913ca app:id/row_recycler} during layout: running second layout pass
08-29 00:46:34.671 W/View    ( 2222): requestLayout() improperly called by com.xueqiu.android.stockmodule.quotecenter.scrollabletable.STCellRecyclerView{c4e1752 VFE...C.. ......ID 253,0-810,95 #7f0913ca app:id/row_recycler} during layout: running second layout pass
08-29 00:46:34.671 W/View    ( 2222): requestLayout() improperly called by com.xueqiu.android.stockmodule.quotecenter.scrollabletable.STCellRecyclerView{ea76c50 VFE...C.. ......ID 253,0-810,95 #7f0913ca app:id/row_recycler} during layout: running second layout pass
08-29 00:46:34.671 W/View    ( 2222): requestLayout() improperly called by com.xueqiu.android.stockmodule.quotecenter.scrollabletable.STCellRecyclerView{3dbbb9 VFE...C.. ......ID 253,0-810,95 #7f0913ca app:id/row_recycler} during layout: running second layout pass
08-29 00:46:34.753 I/System.out( 2222): receive [ACK:4] from /47.95.49.75:80[UUID:1NETEASE3aa32c099ffb273fbaaec7e454fa1b72, TS:00:46:22.718].
08-29 00:46:34.755 V/request ( 2222): response:{"page_id":2,"ping_interval":3000}
08-29 00:46:34.779 W/art     ( 2222): Method processed more than once: void com.xueqiu.temp.stock.t.a(com.snowballfinance.messageplatform.io.Response)
08-29 00:46:34.806 I/System.out( 2222): receive [ACK:5] from /47.95.49.75:80[UUID:1NETEASE3aa32c099ffb273fbaaec7e454fa1b72, TS:00:46:34.755].
08-29 00:46:34.807 V/request ( 2222): response:{"page_id":3,"ping_interval":3000}
08-29 00:46:36.650 I/System.out( 2222): receive [ACK:6] from /47.95.49.75:80[UUID:1NETEASE3aa32c099ffb273fbaaec7e454fa1b72, TS:00:46:34.807].
08-29 00:46:36.650 V/request ( 2222): response:{"page_id":2,"ping_interval":3000}
08-29 00:46:36.891 I/System.out( 2222): receive [ACK:7] from /47.95.49.75:80[UUID:1NETEASE3aa32c099ffb273fbaaec7e454fa1b72, TS:00:46:36.650].
08-29 00:46:36.891 V/request ( 2222): response:{"page_id":3}
08-29 00:46:37.828 D/UserStorage( 2222): userId = 1311839993
08-29 00:46:37.920 I/System.out( 2222): receive [ACK:8] from /47.95.49.75:80[UUID:1NETEASE3aa32c099ffb273fbaaec7e454fa1b72, TS:00:46:37.778].
08-29 00:46:39.296 E/wpa_supplicant(  815): wpa driver wired get scan results for ssid: 2GgJyLe8Ao
08-29 00:46:39.774 I/System.out( 2222): receive [ACK:9] from /47.95.49.75:80[UUID:1NETEASE3aa32c099ffb273fbaaec7e454fa1b72, TS:00:46:37.920].
08-29 00:46:40.895 I/System.out( 2222): receive [ACK:10] from /47.95.49.75:80[UUID:1NETEASE3aa32c099ffb273fbaaec7e454fa1b72, TS:00:46:40.845].
08-29 00:46:42.442 D/com.netease.nemu_vapi_android.thread.HttpServer(  876): http server response data: {"errcode":0,"message":"OK"}
08-29 00:46:42.458 D/Interception(  653): result: allow, reason: calleePkg is system app, rule: runType===activity|||callerPkg===android|||calleePkg===com.mumu.launcher|||calleeClass===com.mumu.launcher.Launcher|||action===android.intent.action.MAIN
08-29 00:46:42.458 I/ActivityManager(  653): START u0 {act=android.intent.action.MAIN cat=[android.intent.category.HOME] flg=0x10200000 cmp=com.mumu.launcher/.Launcher (has extras)} from uid 1000 on display 0
08-29 00:46:42.481 W/InputMethodManagerService(  653): Starting input on non-focused client com.android.internal.view.IInputMethodClient$Stub$Proxy@14e5345 (uid=10035 pid=2222)
08-29 00:46:42.489 I/UnicodeIME( 1705): onFinishInput: 
08-29 00:46:42.490 I/UnicodeIME( 1705): onStartInput
08-29 00:46:42.555 D/com.netease.nemu_vapi_android.thread.HttpServer(  876): http server response data: {"errcode":0,"message":"OK"}
08-29 00:46:42.572 D/com.netease.nemu_vapi_android.thread.HttpServer(  876): http server response data: {"errcode":0,"message":"OK"}
08-29 00:46:43.406 W/art     ( 2222): Method processed more than once: org.json.JSONObject com.xueqiu.android.a.a$1.a(java.lang.Void[])
08-29 00:46:43.427 W/art     ( 2222): Method processed more than once: void com.xueqiu.android.a.a.a(org.json.JSONObject)
08-29 00:46:43.453 D/com.netease.nemu_vapi_android.thread.HttpServer(  876): http server response data: {"errcode":0,"message":"OK","return":{}}
08-29 00:46:43.462 I/UnicodeIME( 1705): onFinishInput: 
08-29 00:46:43.463 I/UnicodeIME( 1705): onStartInput
08-29 00:46:43.470 W/InputMethodManagerService(  653): Starting input on non-focused client com.android.internal.view.IInputMethodClient$Stub$Proxy@31b5399 (uid=1000 pid=896)
08-29 00:46:43.491 D/com.netease.nemu_vapi_android.thread.HttpServer(  876): http server response data: {"errcode":0,"message":"OK"}
08-29 00:46:43.503 D/com.netease.nemu_vapi_android.thread.HttpServer(  876): http server response data: {"errcode":0,"message":"OK"}
08-29 00:46:43.503 D/com.netease.nemu_vapi_android.thread.HttpServer(  876): http server response data: {"errcode":0,"message":"OK"}
08-29 00:46:43.517 D/com.netease.nemu_vapi_android.thread.HttpServer(  876): http server response data: {"errcode":0,"message":"OK"}
08-29 00:46:44.028 D/SwipeManager( 2222): paused
08-29 00:46:44.037 I/ActivityManager(  653): Force stopping com.xueqiu.android appid=10035 user=0: from pid 653
08-29 00:46:44.038 I/ActivityManager(  653): Killing 2222:com.xueqiu.android/u0a35 (adj 0): stop com.xueqiu.android
08-29 00:46:44.041 I/UnicodeIME( 1705): onFinishInput: 
08-29 00:46:44.042 I/UnicodeIME( 1705): onStartInput
"08-29 00:46:44.075 W/InputDispatcher(  653): channel '12f7c4 com.xueqiu.android/com.xueqiu.android.common.MainActivity (server)' ~ Consumer closed input channel or an error occurred.  events=0x9\r\r\n"
"08-29 00:46:44.075 E/InputDispatcher(  653): channel '12f7c4 com.xueqiu.android/com.xueqiu.android.common.MainActivity (server)' ~ Channel is unrecoverably broken and will be disposed!\r\r\n"
08-29 00:46:44.077 D/ConnectivityService(  653): ConnectivityService NetworkRequestInfo binderDied(NetworkRequest [ id=5, legacyType=-1, [ Capabilities: INTERNET&NOT_RESTRICTED&TRUSTED] ], android.os.BinderProxy@30b4037)
08-29 00:46:44.077 D/ConnectivityService(  653): ConnectivityService NetworkRequestInfo binderDied(NetworkRequest [ id=4, legacyType=-1, [ Capabilities: INTERNET&NOT_RESTRICTED&TRUSTED] ], android.os.BinderProxy@d997936)
08-29 00:46:44.083 I/WindowState(  653): WIN DEATH: Window{12f7c4 u0 com.xueqiu.android/com.xueqiu.android.common.MainActivity}
"08-29 00:46:44.083 W/InputDispatcher(  653): Attempted to unregister already unregistered input channel '12f7c4 com.xueqiu.android/com.xueqiu.android.common.MainActivity (server)'\r\r\n"
08-29 00:46:44.084 D/WifiService(  653): Client connection lost with reason: 4
08-29 00:46:44.089 D/ActivityManager(  653): cleanUpApplicationRecord -- 2222
08-29 00:46:44.092 D/ConnectivityService(  653): releasing NetworkRequest NetworkRequest [ id=5, legacyType=-1, [ Capabilities: INTERNET&NOT_RESTRICTED&TRUSTED] ]
08-29 00:46:44.092 D/GraphicsStats(  653): Buffer count: 4
08-29 00:46:44.116 E/ConnectivityService(  653): RemoteException caught trying to send a callback msg for NetworkRequest [ id=5, legacyType=-1, [ Capabilities: INTERNET&NOT_RESTRICTED&TRUSTED] ]
08-29 00:46:44.116 D/ConnectivityService(  653): releasing NetworkRequest NetworkRequest [ id=4, legacyType=-1, [ Capabilities: INTERNET&NOT_RESTRICTED&TRUSTED] ]
08-29 00:46:44.116 E/ConnectivityService(  653): RemoteException caught trying to send a callback msg for NetworkRequest [ id=4, legacyType=-1, [ Capabilities: INTERNET&NOT_RESTRICTED&TRUSTED] ]
08-29 00:46:44.137 D/Interception(  653): result: allow, reason: calleePkg is system app, rule: runType===broadcast|||callerPkg===android|||calleePkg===com.mumu.acc|||calleeClass===com.mumu.acc.AccMsgReceiver|||action===uu.intent.action.STOP_ACCELERATE
"08-29 00:46:44.138 I/com.android.server.tabs.TabManagerService(  653): notifyClosing:741: notify tab closed in android as it's closed task com.xueqiu.android, taskId: 35, elapseTime: 124316\r\r\n"
08-29 00:46:44.156 D/AccService( 1194): AccMsgReceiver: uu.intent.action.STOP_ACCELERATE
08-29 00:46:44.158 D/com.netease.nemu_vapi_android.thread.HttpServer(  876): http server response data: {"errcode":0,"message":"OK","return":{}}
08-29 00:46:44.164 D/com.netease.nemu_android_watchdog_lib.core.Watchdog(  876): upload event: {"architecture":"x86","channel":"nochannel","engine":"NEMU","language":"zh_CN","package":"mumu","usage":"0","uuid":"a0eeac49-2f56-4687-ad27-cf5066296f1c","version":"2.3.10","x":{"app_elapse":124,"app_name":"\xe9\x9b\xaa\xe7\x90\x83","app_package":"com.xueqiu.android","error":{"code":0,"msg":"ok"},"token":"667fcf0d-c5cf-4fd2-8b4b-8ca7ece89a9f"}}\ttype: ExitAPP\tsign: a8sPen3WNeqUUP388gUgHKcht88=\tuid: 1000
08-29 00:46:44.195 D/com.netease.nemu_vapi_android.thread.HttpServer(  876): http server response data: {"errcode":0,"message":"OK"}
08-29 00:46:44.198 D/com.netease.nemu_vapi_android.thread.HttpServer(  876): http server response data: {"errcode":0,"message":"OK"}
08-29 00:46:44.889 D/com.netease.nemu_android_watchdog_lib.core.Watchdog(  876): upload server response: {"errcode": 100, "errmsg": "ok"}
08-29 00:46:44.889 D/com.netease.nemu_android_watchdog_lib.core.Watchdog(  876): upload result: true
08-29 00:46:49.299 E/wpa_supplicant(  815): wpa driver wired get scan results for ssid: 2GgJyLe8Ao
08-29 00:46:59.050 D/NetlinkSocketObserver(  653): NeighborEvent{elapsedMs=1380033, 10.0.2.2, [525400123502], RTM_NEWNEIGH, NUD_STALE}
08-29 00:46:59.310 E/wpa_supplicant(  815): wpa driver wired get scan results for ssid: 2GgJyLe8Ao
08-29 00:47:04.058 D/NetlinkSocketObserver(  653): NeighborEvent{elapsedMs=1385041, 10.0.2.2, [525400123502], RTM_NEWNEIGH, NUD_REACHABLE}
08-29 00:47:05.582 E/KernelUidCpuTimeReader(  653): Failed to read uid_cputime: /proc/uid_cputime/show_uid_stat: open failed: ENOENT (No such file or directory)
08-29 00:47:09.316 E/wpa_supplicant(  815): wpa driver wired get scan results for ssid: 2GgJyLe8Ao
08-29 00:47:09.320 E/KernelUidCpuTimeReader(  653): Failed to read uid_cputime: /proc/uid_cputime/show_uid_stat: open failed: ENOENT (No such file or directory)
08-29 00:47:09.571 D/com.netease.nemu_vapi_android.thread.HttpServer(  876): http server response data: 
08-29 00:47:17.341 D/AndroidRuntime( 2460): >>>>>> START com.android.internal.os.RuntimeInit uid 0 <<<<<<
08-29 00:47:17.349 D/AndroidRuntime( 2460): CheckJNI is OFF
08-29 00:47:17.358 W/art     ( 2460): 7088a000-71273000 rw-p 00000000 08:13 7307268    /data/dalvik-cache/x86/system@framework@boot.art
08-29 00:47:17.358 W/art     ( 2460): af665000-b1589000 r--p 00000000 08:06 880        /system/framework/x86/boot.oat
08-29 00:47:17.358 W/art     ( 2460): b1589000-b3342000 r-xp 01f24000 08:06 880        /system/framework/x86/boot.oat
08-29 00:47:17.358 W/art     ( 2460): b3342000-b3343000 rw-p 03cdd000 08:06 880        /system/framework/x86/boot.oat
08-29 00:47:17.358 W/art     ( 2460): b3343000-b3a72000 r-xp 00000000 08:06 1093       /system/lib/libart.so
08-29 00:47:17.358 W/art     ( 2460): b3a72000-b3a7d000 r--p 0072e000 08:06 1093       /system/lib/libart.so
