08-29 00:24:20.899 I/ActivityThread(  817): Switching default density from 324 to 270
08-29 00:24:21.148 E/ActivityThread(  740): Failed to find provider info for com.android.contacts
08-29 00:24:21.366 W/ContextImpl(  896): Calling a method in the system process without a qualified user: android.app.ContextImpl.sendBroadcast:784 android.content.ContextWrapper.sendBroadcast:396 com.mumu.launcher.co.a:40 com.mumu.launcher.cc.a:125 com.mumu.launcher.cc.a:151 
08-29 00:24:21.590 I/WindowManager(  653): Screen frozen for +718ms due to Window{c02380 u0 StatusBar}
08-29 00:24:21.974 W/ContextImpl(  896): Calling a method in the system process without a qualified user: android.app.ContextImpl.sendBroadcast:784 android.content.ContextWrapper.sendBroadcast:396 com.mumu.launcher.ao.c:690 com.mumu.launcher.ao.a:43 com.mumu.launcher.ao$4$1.a:210 
08-29 00:24:21.975 D/Interception(  653): result: allow, reason: calleePkg is system app, rule: runType===broadcast|||callerPkg===com.mumu.launcher|||calleePkg===com.mumu.store|||calleeClass===com.mumu.store.track.TrackingReceiver|||action===com.mumu.store.action.TRACKING
08-29 00:24:21.975 W/ContextImpl(  896): Calling a method in the system process without a qualified user: android.app.ContextImpl.sendBroadcast:784 android.content.ContextWrapper.sendBroadcast:396 com.mumu.launcher.ao.c:690 com.mumu.launcher.ao.a:43 com.mumu.launcher.ao$4$1.a:210 
08-29 00:24:21.977 D/Interception(  653): result: allow, reason: calleePkg is system app, rule: runType===broadcast|||callerPkg===com.mumu.launcher|||calleePkg===com.mumu.store|||calleeClass===com.mumu.store.track.TrackingReceiver|||action===com.mumu.store.action.TRACKING
08-29 00:24:21.977 W/ContextImpl(  896): Calling a method in the system process without a qualified user: android.app.ContextImpl.sendBroadcast:784 android.content.ContextWrapper.sendBroadcast:396 com.mumu.launcher.ao.c:690 com.mumu.launcher.ao.a:43 com.mumu.launcher.ao$4$1.a:210 
08-29 00:24:21.979 D/Interception(  653): result: allow, reason: calleePkg is system app, rule: runType===broadcast|||callerPkg===com.mumu.launcher|||calleePkg===com.mumu.store|||calleeClass===com.mumu.store.track.TrackingReceiver|||action===com.mumu.store.action.TRACKING
08-29 00:24:21.997 W/ContextImpl(  896): Calling a method in the system process without a qualified user: android.app.ContextImpl.sendBroadcast:784 android.content.ContextWrapper.sendBroadcast:396 com.mumu.launcher.ao.c:690 com.mumu.launcher.ao.a:43 com.mumu.launcher.ao$4$1.a:210 
08-29 00:24:21.998 D/Interception(  653): result: allow, reason: calleePkg is system app, rule: runType===broadcast|||callerPkg===com.mumu.launcher|||calleePkg===com.mumu.store|||calleeClass===com.mumu.store.track.TrackingReceiver|||action===com.mumu.store.action.TRACKING
08-29 00:24:23.587 W/ContextImpl(  876): Calling a method in the system process without a qualified user: android.app.ContextImpl.sendBroadcast:784 android.content.ContextWrapper.sendBroadcast:396 com.netease.nemu_vapi_android.resource.SharedfolderManager$1.run:38 java.lang.Thread.run:818 <bottom of call stack> 
08-29 00:24:23.588 D/Interception(  653): result: allow, reason: calleePkg is system app, rule: runType===broadcast|||callerPkg===com.netease.nemu_vapi_android.nemu|||calleePkg===com.android.providers.media|||calleeClass===com.android.providers.media.MediaScannerReceiver|||action===nemu.intent.action.SHARED_FOLDER_REFRESH
08-29 00:24:23.609 D/Interception(  653): result: allow, reason: calleePkg is system app, rule: runType===retrieveService|||callerPkg===android|||calleePkg===com.android.providers.media|||calleeClass===com.android.providers.media.MediaScannerService|||action===null
08-29 00:24:23.727 D/Interception(  653): result: allow, reason: allow by air rule, rule: runType===broadcast|||callerPkg===com.android.providers.downloads|||calleePkg===com.tencent.mm|||calleeClass===com.tencent.mm.booter.MountReceiver|||action===android.intent.action.MEDIA_SCANNER_STARTED
08-29 00:24:23.840 D/Interception(  653): result: allow, reason: allow by air rule, rule: runType===broadcast|||callerPkg===com.android.providers.downloads|||calleePkg===com.tencent.mm|||calleeClass===com.tencent.mm.booter.MountReceiver|||action===android.intent.action.MEDIA_SCANNER_FINISHED
08-29 00:24:30.191 D/Interception(  653): result: allow, reason: allow by air rule, rule: runType===retrieveService|||callerPkg===android|||calleePkg===com.tencent.mm|||calleeClass===com.tencent.mm.booter.CoreService|||action===null
08-29 00:24:30.361 D/WifiService(  653): New client listening to asynchronous messages
08-29 00:24:40.352 D/Interception(  653): result: allow, reason: callerPkg == calleePkg, rule: runType===broadcast|||callerPkg===com.tencent.mm|||calleePkg===com.tencent.mm|||calleeClass===com.tencent.mm.plugin.report.service.KVCommCrossProcessReceiver|||action===com.tencent.mm.plugin.report.service.KVCommCrossProcessReceive
08-29 00:25:07.396 E/KernelUidCpuTimeReader(  653): Failed to read uid_cputime: /proc/uid_cputime/show_uid_stat: open failed: ENOENT (No such file or directory)
08-29 00:25:08.221 W/ContextImpl(  896): Calling a method in the system process without a qualified user: android.app.ContextImpl.sendBroadcast:784 android.content.ContextWrapper.sendBroadcast:396 com.mumu.launcher.LauncherApplication$1.run:50 android.os.Handler.handleCallback:739 android.os.Handler.dispatchMessage:95 
08-29 00:26:07.015 E/KernelUidCpuTimeReader(  653): Failed to read uid_cputime: /proc/uid_cputime/show_uid_stat: open failed: ENOENT (No such file or directory)
08-29 00:26:07.016 E/KernelUidCpuTimeReader(  653): Failed to read uid_cputime: /proc/uid_cputime/show_uid_stat: open failed: ENOENT (No such file or directory)
08-29 00:26:12.676 W/Interception(  653): result: deny, reason: deny by default category, rule: runType===retrieveService|||callerPkg===android|||calleePkg===com.jifen.qukan|||calleeClass===com.jifen.qukan.push.keepalive.account.SyncAccountService|||action===android.content.SyncAdapte
08-29 00:26:12.678 W/Interception(  653): result: deny, reason: deny by default category, rule: runType===retrieveService|||callerPkg===android|||calleePkg===com.ss.android.article.news|||calleeClass===com.ss.android.account.AccountSyncService|||action===android.content.SyncAdapte
08-29 00:27:07.027 E/KernelUidCpuTimeReader(  653): Failed to read uid_cputime: /proc/uid_cputime/show_uid_stat: open failed: ENOENT (No such file or directory)
08-29 00:27:07.028 E/KernelUidCpuTimeReader(  653): Failed to read uid_cputime: /proc/uid_cputime/show_uid_stat: open failed: ENOENT (No such file or directory)
08-29 00:28:07.083 E/KernelUidCpuTimeReader(  653): Failed to read uid_cputime: /proc/uid_cputime/show_uid_stat: open failed: ENOENT (No such file or directory)
08-29 00:28:07.084 E/KernelUidCpuTimeReader(  653): Failed to read uid_cputime: /proc/uid_cputime/show_uid_stat: open failed: ENOENT (No such file or directory)
08-29 00:28:12.652 D/Interception(  653): result: allow, reason: callerPkg == calleePkg, rule: runType===broadcast|||callerPkg===com.tencent.mm|||calleePkg===com.tencent.mm|||calleeClass===com.tencent.mm.plugin.report.service.KVCommCrossProcessReceiver|||action===com.tencent.mm.plugin.report.service.KVCommCrossProcessReceive
08-29 00:29:07.143 E/KernelUidCpuTimeReader(  653): Failed to read uid_cputime: /proc/uid_cputime/show_uid_stat: open failed: ENOENT (No such file or directory)
08-29 00:29:07.144 E/KernelUidCpuTimeReader(  653): Failed to read uid_cputime: /proc/uid_cputime/show_uid_stat: open failed: ENOENT (No such file or directory)
08-29 00:29:22.457 D/Interception(  653): result: allow, reason: callerPkg == calleePkg, rule: runType===broadcast|||callerPkg===com.tencent.mm|||calleePkg===com.tencent.mm|||calleeClass===com.tencent.mm.plugin.report.service.KVCommCrossProcessReceiver|||action===com.tencent.mm.plugin.report.service.KVCommCrossProcessReceive
08-29 00:30:07.163 E/KernelUidCpuTimeReader(  653): Failed to read uid_cputime: /proc/uid_cputime/show_uid_stat: open failed: ENOENT (No such file or directory)
08-29 00:30:07.163 E/KernelUidCpuTimeReader(  653): Failed to read uid_cputime: /proc/uid_cputime/show_uid_stat: open failed: ENOENT (No such file or directory)
08-29 00:30:12.305 D/WifiService(  653): New client listening to asynchronous messages
08-29 00:31:07.223 E/KernelUidCpuTimeReader(  653): Failed to read uid_cputime: /proc/uid_cputime/show_uid_stat: open failed: ENOENT (No such file or directory)
08-29 00:31:07.223 E/KernelUidCpuTimeReader(  653): Failed to read uid_cputime: /proc/uid_cputime/show_uid_stat: open failed: ENOENT (No such file or directory)
08-29 00:31:42.693 D/Interception(  653): result: allow, reason: callerPkg == calleePkg, rule: runType===broadcast|||callerPkg===com.tencent.mm|||calleePkg===com.tencent.mm|||calleeClass===com.tencent.mm.plugin.report.service.KVCommCrossProcessReceiver|||action===com.tencent.mm.plugin.report.service.KVCommCrossProcessReceive
08-29 00:32:07.284 E/KernelUidCpuTimeReader(  653): Failed to read uid_cputime: /proc/uid_cputime/show_uid_stat: open failed: ENOENT (No such file or directory)
08-29 00:32:07.284 E/KernelUidCpuTimeReader(  653): Failed to read uid_cputime: /proc/uid_cputime/show_uid_stat: open failed: ENOENT (No such file or directory)
08-29 00:33:07.346 E/KernelUidCpuTimeReader(  653): Failed to read uid_cputime: /proc/uid_cputime/show_uid_stat: open failed: ENOENT (No such file or directory)
08-29 00:33:07.348 E/KernelUidCpuTimeReader(  653): Failed to read uid_cputime: /proc/uid_cputime/show_uid_stat: open failed: ENOENT (No such file or directory)
08-29 00:34:05.418 E/KernelUidCpuTimeReader(  653): Failed to read uid_cputime: /proc/uid_cputime/show_uid_stat: open failed: ENOENT (No such file or directory)
08-29 00:34:05.418 E/KernelUidCpuTimeReader(  653): Failed to read uid_cputime: /proc/uid_cputime/show_uid_stat: open failed: ENOENT (No such file or directory)
08-29 00:34:20.225 D/Interception(  653): result: allow, reason: callerPkg == calleePkg, rule: runType===broadcast|||callerPkg===com.tencent.mm|||calleePkg===com.tencent.mm|||calleeClass===com.tencent.mm.plugin.report.service.KVCommCrossProcessReceiver|||action===com.tencent.mm.plugin.report.service.KVCommCrossProcessReceive
08-29 00:34:39.934 D/Interception(  653): result: allow, reason: callerPkg == calleePkg, rule: runType===broadcast|||callerPkg===com.tencent.mm|||calleePkg===com.tencent.mm|||calleeClass===com.tencent.mm.plugin.report.service.KVCommCrossProcessReceiver|||action===com.tencent.mm.plugin.report.service.KVCommCrossProcessReceive
08-29 00:35:05.445 E/KernelUidCpuTimeReader(  653): Failed to read uid_cputime: /proc/uid_cputime/show_uid_stat: open failed: ENOENT (No such file or directory)
08-29 00:35:05.450 E/KernelUidCpuTimeReader(  653): Failed to read uid_cputime: /proc/uid_cputime/show_uid_stat: open failed: ENOENT (No such file or directory)
08-29 00:35:12.693 D/Interception(  653): result: allow, reason: callerPkg == calleePkg, rule: runType===broadcast|||callerPkg===com.tencent.mm|||calleePkg===com.tencent.mm|||calleeClass===com.tencent.mm.plugin.report.service.KVCommCrossProcessReceiver|||action===com.tencent.mm.plugin.report.service.KVCommCrossProcessReceive
08-29 00:36:05.507 E/KernelUidCpuTimeReader(  653): Failed to read uid_cputime: /proc/uid_cputime/show_uid_stat: open failed: ENOENT (No such file or directory)
08-29 00:36:05.508 E/KernelUidCpuTimeReader(  653): Failed to read uid_cputime: /proc/uid_cputime/show_uid_stat: open failed: ENOENT (No such file or directory)
08-29 00:37:05.567 E/KernelUidCpuTimeReader(  653): Failed to read uid_cputime: /proc/uid_cputime/show_uid_stat: open failed: ENOENT (No such file or directory)
08-29 00:37:05.568 E/KernelUidCpuTimeReader(  653): Failed to read uid_cputime: /proc/uid_cputime/show_uid_stat: open failed: ENOENT (No such file or directory)
08-29 00:38:05.572 E/KernelUidCpuTimeReader(  653): Failed to read uid_cputime: /proc/uid_cputime/show_uid_stat: open failed: ENOENT (No such file or directory)
08-29 00:38:05.576 E/KernelUidCpuTimeReader(  653): Failed to read uid_cputime: /proc/uid_cputime/show_uid_stat: open failed: ENOENT (No such file or directory)
08-29 00:38:42.704 D/Interception(  653): result: allow, reason: callerPkg == calleePkg, rule: runType===broadcast|||callerPkg===com.tencent.mm|||calleePkg===com.tencent.mm|||calleeClass===com.tencent.mm.plugin.report.service.KVCommCrossProcessReceiver|||action===com.tencent.mm.plugin.report.service.KVCommCrossProcessReceive
08-29 00:39:05.634 E/KernelUidCpuTimeReader(  653): Failed to read uid_cputime: /proc/uid_cputime/show_uid_stat: open failed: ENOENT (No such file or directory)
08-29 00:39:05.635 E/KernelUidCpuTimeReader(  653): Failed to read uid_cputime: /proc/uid_cputime/show_uid_stat: open failed: ENOENT (No such file or directory)
08-29 00:39:22.743 D/Interception(  653): result: allow, reason: callerPkg == calleePkg, rule: runType===broadcast|||callerPkg===com.tencent.mm|||calleePkg===com.tencent.mm|||calleeClass===com.tencent.mm.plugin.report.service.KVCommCrossProcessReceiver|||action===com.tencent.mm.plugin.report.service.KVCommCrossProcessReceive
08-29 00:39:30.477 D/Interception(  653): result: allow, reason: allow by air rule, rule: runType===broadcast|||callerPkg===android|||calleePkg===com.tencent.mm|||calleeClass===com.tencent.mm.booter.MMReceivers$AlarmReceiver|||action===null
08-29 00:40:05.696 E/KernelUidCpuTimeReader(  653): Failed to read uid_cputime: /proc/uid_cputime/show_uid_stat: open failed: ENOENT (No such file or directory)
08-29 00:40:05.699 E/KernelUidCpuTimeReader(  653): Failed to read uid_cputime: /proc/uid_cputime/show_uid_stat: open failed: ENOENT (No such file or directory)
08-29 00:41:05.723 E/KernelUidCpuTimeReader(  653): Failed to read uid_cputime: /proc/uid_cputime/show_uid_stat: open failed: ENOENT (No such file or directory)
08-29 00:41:05.727 E/KernelUidCpuTimeReader(  653): Failed to read uid_cputime: /proc/uid_cputime/show_uid_stat: open failed: ENOENT (No such file or directory)
08-29 00:42:05.769 E/KernelUidCpuTimeReader(  653): Failed to read uid_cputime: /proc/uid_cputime/show_uid_stat: open failed: ENOENT (No such file or directory)
08-29 00:42:05.770 E/KernelUidCpuTimeReader(  653): Failed to read uid_cputime: /proc/uid_cputime/show_uid_stat: open failed: ENOENT (No such file or directory)
08-29 00:42:12.723 D/Interception(  653): result: allow, reason: callerPkg == calleePkg, rule: runType===broadcast|||callerPkg===com.tencent.mm|||calleePkg===com.tencent.mm|||calleeClass===com.tencent.mm.plugin.report.service.KVCommCrossProcessReceiver|||action===com.tencent.mm.plugin.report.service.KVCommCrossProcessReceive
08-29 00:43:05.830 E/KernelUidCpuTimeReader(  653): Failed to read uid_cputime: /proc/uid_cputime/show_uid_stat: open failed: ENOENT (No such file or directory)
08-29 00:43:05.834 E/KernelUidCpuTimeReader(  653): Failed to read uid_cputime: /proc/uid_cputime/show_uid_stat: open failed: ENOENT (No such file or directory)
08-29 00:44:05.416 E/KernelUidCpuTimeReader(  653): Failed to read uid_cputime: /proc/uid_cputime/show_uid_stat: open failed: ENOENT (No such file or directory)
08-29 00:44:05.418 E/KernelUidCpuTimeReader(  653): Failed to read uid_cputime: /proc/uid_cputime/show_uid_stat: open failed: ENOENT (No such file or directory)
08-29 00:44:05.595 I/UsageStatsService(  653): User[0] Flushing usage stats to disk
08-29 00:44:18.850 D/CloneHelper(  653): readIntent action = net.joywii.qysg2d.* activity = net.joywii.qysg2d.UnityActivity packageName = null
08-29 00:44:18.850 D/CloneHelper(  653): readIntent action = com.SuperOfFleet.kkkwan activity = com.raysns.android.ship.Ship packageName = null
08-29 00:44:18.850 D/CloneHelper(  653): readIntent action = com.wzsjkkkwan.uc activity = com.wzsj.kkkwan.TjxsmMainActivity packageName = null
08-29 00:44:18.850 D/CloneHelper(  653): readIntent action = com.KingOfTank.uc activity = com.qianyun.slg.tank.Gardenia_UCActivity packageName = null
08-29 00:44:18.850 D/CloneHelper(  653): readIntent action = TCISDK.MAIN activity = com.MengYu.GameY.tx.UnityPlayerNativeActivity packageName = null
08-29 00:44:18.850 D/CloneHelper(  653): readIntent action = com.istorm.start.game activity = com.tech.nslg.integrate.AppActivity packageName = com.tech.nslg.mumu
08-29 00:44:18.850 D/CloneHelper(  653): getIntentMpas name = activity intentList count = 6
08-29 00:44:18.850 D/Interception(  653): result: allow, reason: runType is activity, rule: runType===activity|||callerPkg===android|||calleePkg===io.appium.settings|||calleeClass===io.appium.settings.Settings|||action===android.intent.action.MAIN
08-29 00:44:18.850 I/ActivityManager(  653): START u0 {act=android.intent.action.MAIN cat=[android.intent.category.LAUNCHER] flg=0x10000000 cmp=io.appium.settings/.Settings} from uid 0 on display 0
08-29 00:44:18.931 I/ActivityManager(  653): Start proc 1705:io.appium.settings/u0a36 for activity io.appium.settings/.Settings
08-29 00:44:18.935 E/KernelUidCpuTimeReader(  653): Failed to read uid_cputime: /proc/uid_cputime/show_uid_stat: open failed: ENOENT (No such file or directory)
08-29 00:44:18.996 D/PackageManager(  653): trimGetPackagesForUid uid = 10036 result = [io.appium.settings]
08-29 00:44:19.040 D/Interception(  653): result: allow, reason: calleePkg is system app, rule: runType===broadcast|||callerPkg===android|||calleePkg===com.mumu.acc|||calleeClass===com.mumu.acc.AccMsgReceiver|||action===nemu.intent.action.NEW_TASK
"08-29 00:44:19.045 I/com.android.server.tabs.TabManagerService(  653): notifyOpening:442: notify tab opened in android as it's new task io.appium.settings, appName: Appium Settings, taskId: 33, firstActiveTime: 1598633058989\r\r\n"
08-29 00:44:19.172 D/PackageManager(  653): trimGetPackagesForUid uid = 10036 result = [io.appium.settings]
08-29 00:44:19.363 W/InputMethodManagerService(  653): Starting input on non-focused client com.android.internal.view.IInputMethodClient$Stub$Proxy@31b5399 (uid=1000 pid=896)
08-29 00:44:20.102 D/Interception(  653): result: allow, reason: callerPkg == calleePkg, rule: runType===broadcast|||callerPkg===com.tencent.mm|||calleePkg===com.tencent.mm|||calleeClass===com.tencent.mm.plugin.report.service.KVCommCrossProcessReceiver|||action===com.tencent.mm.plugin.report.service.KVCommCrossProcessReceive
08-29 00:44:20.207 W/InputMethodManagerService(  653): Starting input on non-focused client com.android.internal.view.IInputMethodClient$Stub$Proxy@d449055 (uid=10036 pid=1705)
"08-29 00:44:20.228 I/com.android.server.tabs.TabManagerService(  653): notifyClosing:741: notify tab closed in android as it's closed task io.appium.settings, taskId: 33, elapseTime: 1238\r\r\n"
08-29 00:44:20.229 D/Interception(  653): result: allow, reason: calleePkg is system app, rule: runType===broadcast|||callerPkg===android|||calleePkg===com.mumu.acc|||calleeClass===com.mumu.acc.AccMsgReceiver|||action===uu.intent.action.STOP_ACCELERATE
08-29 00:44:22.017 D/Interception(  653): result: allow, reason: allow by air rule, rule: runType===retrieveService|||callerPkg===android|||calleePkg===io.appium.settings|||calleeClass===io.appium.settings.UnicodeIME|||action===android.view.InputMethod
08-29 00:44:22.025 V/InputMethodManagerService(  653): Adding window token: android.os.Binder@10f750d
08-29 00:44:28.640 I/ActivityManager(  653): Force stopping io.appium.uiautomator2.server appid=10085 user=0: from pid 1795
08-29 00:44:29.211 I/ActivityManager(  653): Force stopping io.appium.uiautomator2.server appid=10085 user=-1: uninstall pkg
08-29 00:44:29.214 W/PmsSerialize(  653): Delete io.appium.uiautomator2.server gson file
"08-29 00:44:29.250 W/PackageManager(  653): Couldn't remove dex file for package:  at location /data/app/io.appium.uiautomator2.server-1/base.apk, retcode=-1\r\r\n"
08-29 00:44:29.256 D/Interception(  653): result: allow, reason: calleePkg is system app, rule: runType===retrieveService|||callerPkg===android|||calleePkg===com.android.defcontainer|||calleeClass===com.android.defcontainer.DefaultContainerService|||action===android.content.pm.CLEAN_EXTERNAL_STORAGE
08-29 00:44:29.264 I/ActivityManager(  653): Start proc 1817:com.android.defcontainer/u0a3 for service com.android.defcontainer/.DefaultContainerService
08-29 00:44:29.264 I/ActivityManager(  653): Force stopping io.appium.uiautomator2.server appid=10085 user=0: pkg removed
08-29 00:44:29.276 E/KernelUidCpuTimeReader(  653): failed to remove uid from uid_cputime module
08-29 00:44:29.276 E/KernelUidCpuTimeReader(  653): java.io.FileNotFoundException: /proc/uid_cputime/remove_uid_range: open failed: ENOENT (No such file or directory)
08-29 00:44:29.276 E/KernelUidCpuTimeReader(  653): \tat libcore.io.IoBridge.open(IoBridge.java:452)
08-29 00:44:29.276 E/KernelUidCpuTimeReader(  653): \tat java.io.FileOutputStream.<init>(FileOutputStream.java:87)
08-29 00:44:29.276 E/KernelUidCpuTimeReader(  653): \tat java.io.FileOutputStream.<init>(FileOutputStream.java:72)
08-29 00:44:29.276 E/KernelUidCpuTimeReader(  653): \tat java.io.FileWriter.<init>(FileWriter.java:80)
08-29 00:44:29.276 E/KernelUidCpuTimeReader(  653): \tat com.android.internal.os.KernelUidCpuTimeReader.removeUid(KernelUidCpuTimeReader.java:157)
08-29 00:44:29.276 E/KernelUidCpuTimeReader(  653): \tat com.android.internal.os.BatteryStatsImpl.removeUidStatsLocked(BatteryStatsImpl.java:8877)
08-29 00:44:29.276 E/KernelUidCpuTimeReader(  653): \tat com.android.server.am.BatteryStatsService.removeUid(BatteryStatsService.java:241)
08-29 00:44:29.276 E/KernelUidCpuTimeReader(  653): \tat com.android.server.am.ActivityManagerService.broadcastIntentLocked(ActivityManagerService.java:17011)
08-29 00:44:29.276 E/KernelUidCpuTimeReader(  653): \tat com.android.server.am.ActivityManagerService.broadcastIntent(ActivityManagerService.java:17387)
08-29 00:44:29.276 E/KernelUidCpuTimeReader(  653): \tat com.android.server.pm.PackageManagerService$13.run(PackageManagerService.java:10399)
08-29 00:44:29.276 E/KernelUidCpuTimeReader(  653): \tat android.os.Handler.handleCallback(Handler.java:739)
08-29 00:44:29.276 E/KernelUidCpuTimeReader(  653): \tat android.os.Handler.dispatchMessage(Handler.java:95)
08-29 00:44:29.276 E/KernelUidCpuTimeReader(  653): \tat android.os.Looper.loop(Looper.java:148)
08-29 00:44:29.276 E/KernelUidCpuTimeReader(  653): \tat android.os.HandlerThread.run(HandlerThread.java:61)
08-29 00:44:29.276 E/KernelUidCpuTimeReader(  653): \tat com.android.server.ServiceThread.run(ServiceThread.java:46)
08-29 00:44:29.276 E/KernelUidCpuTimeReader(  653): Caused by: android.system.ErrnoException: open failed: ENOENT (No such file or directory)
08-29 00:44:29.276 E/KernelUidCpuTimeReader(  653): \tat libcore.io.Posix.open(Native Method)
08-29 00:44:29.276 E/KernelUidCpuTimeReader(  653): \tat libcore.io.BlockGuardOs.open(BlockGuardOs.java:186)
08-29 00:44:29.276 E/KernelUidCpuTimeReader(  653): \tat libcore.io.IoBridge.open(IoBridge.java:438)
08-29 00:44:29.276 E/KernelUidCpuTimeReader(  653): \t... 14 more
08-29 00:44:29.279 W/Interception(  653): result: deny, reason: deny by default category, rule: runType===broadcast|||callerPkg===android|||calleePkg===com.ss.android.article.news|||calleeClass===com.ss.android.derivative.AppListener|||action===android.intent.action.PACKAGE_REMOVED
08-29 00:44:29.279 D/Interception(  653): result: allow, reason: calleePkg is system app, rule: runType===broadcast|||callerPkg===android|||calleePkg===com.android.settings|||calleeClass===com.android.settings.cyanogenmod.superuser.PackageChangeReceiver|||action===android.intent.action.PACKAGE_REMOVED
08-29 00:44:29.290 I/ActivityManager(  653): Start proc 1831:com.android.settings:superuser/1000 for broadcast com.android.settings/.cyanogenmod.superuser.PackageChangeReceive
08-29 00:44:29.308 D/PackageManager(  653): trimGetPackagesForUid uid = 10003 result = [com.android.defcontainer]
08-29 00:44:29.335 D/PackageManager(  653): trimGetPackagesForUid uid = 1000 result = [com.android.providers.settings, com.mumu.launcher, com.android.location.fused, com.android.settings, com.android.server.telecom, com.netease.mumu.cloner, com.android.inputdevices, android, com.netease.nemu_vapi_android.nemu, com.android.keychain, com.mumu.audio, com.netease.nemu_vinput.nemu]
08-29 00:44:29.349 D/Interception(  653): result: allow, reason: calleePkg is system app, rule: runType===broadcast|||callerPkg===android|||calleePkg===com.android.gallery3d|||calleeClass===com.android.gallery3d.app.PackagesMonitor|||action===android.intent.action.PACKAGE_REMOVED
08-29 00:44:29.359 I/ActivityManager(  653): Start proc 1846:com.android.gallery3d/u0a21 for broadcast com.android.gallery3d/.app.PackagesMonito
08-29 00:44:29.388 D/JobSchedulerService(  653): Receieved: android.intent.action.PACKAGE_REMOVED
08-29 00:44:29.395 D/PackageManager(  653): trimGetPackagesForUid uid = 10021 result = [com.android.gallery3d]
08-29 00:44:29.429 D/PackageManager(  653): trimGetPackagesForUid uid = 1000 result = [com.android.providers.settings, com.mumu.launcher, com.android.location.fused, com.android.settings, com.android.server.telecom, com.netease.mumu.cloner, com.android.inputdevices, android, com.netease.nemu_vapi_android.nemu, com.android.keychain, com.mumu.audio, com.netease.nemu_vinput.nemu]
08-29 00:44:29.429 D/PackageManager(  653): trimGetPackagesForUid uid = 10032 result = [com.mumu.store]
08-29 00:44:29.429 D/PackageManager(  653): trimGetPackagesForUid uid = 10033 result = [io.kkzs]
08-29 00:44:29.437 D/Interception(  653): result: allow, reason: calleePkg is system app, rule: runType===retrieveService|||callerPkg===android|||calleePkg===com.android.gallery3d|||calleeClass===com.android.gallery3d.app.PackagesMonitor$AsyncService|||action===android.intent.action.PACKAGE_REMOVED
08-29 00:44:29.438 D/Interception(  653): result: allow, reason: calleePkg is system app, rule: runType===broadcast|||callerPkg===android|||calleePkg===com.android.keychain|||calleeClass===com.android.keychain.KeyChainBroadcastReceiver|||action===android.intent.action.PACKAGE_REMOVED
08-29 00:44:29.447 W/ContextImpl( 1324): Calling a method in the system process without a qualified user: android.app.ContextImpl.startService:1242 android.content.ContextWrapper.startService:581 android.content.ContextWrapper.startService:581 com.android.keychain.KeyChainBroadcastReceiver.onReceive:12 android.app.ActivityThread.handleReceiver:2752 
08-29 00:44:29.447 D/Interception(  653): result: allow, reason: calleePkg is system app, rule: runType===retrieveService|||callerPkg===android|||calleePkg===com.android.keychain|||calleeClass===com.android.keychain.KeyChainService|||action===android.intent.action.PACKAGE_REMOVED
08-29 00:44:29.448 D/Interception(  653): result: allow, reason: calleePkg is system app, rule: runType===broadcast|||callerPkg===android|||calleePkg===com.mumu.launcher|||calleeClass===com.mumu.launcher.PackageChangedReceiver|||action===android.intent.action.PACKAGE_REMOVED
08-29 00:44:29.449 W/Interception(  653): result: deny, reason: deny by default category, rule: runType===broadcast|||callerPkg===android|||calleePkg===com.jifen.qukan|||calleeClass===com.jifen.qukan.report.service.AppInstallReportServiceOpt$PackageReceiver|||action===android.intent.action.PACKAGE_REMOVED
08-29 00:44:29.449 W/Interception(  653): result: deny, reason: deny by default category, rule: runType===broadcast|||callerPkg===android|||calleePkg===com.ss.android.article.news|||calleeClass===com.huawei.android.pushagent.PushEventReceiver|||action===android.intent.action.PACKAGE_REMOVED
08-29 00:44:29.450 W/Interception(  653): result: deny, reason: deny by default category, rule: runType===broadcast|||callerPkg===android|||calleePkg===com.ss.android.article.news|||calleeClass===com.taobao.accs.EventReceiver|||action===android.intent.action.PACKAGE_REMOVED
08-29 00:44:29.450 W/Interception(  653): result: deny, reason: deny by default category, rule: runType===broadcast|||callerPkg===android|||calleePkg===com.ss.android.article.news|||calleeClass===com.taobao.agoo.AgooCommondReceiver|||action===android.intent.action.PACKAGE_REMOVED
08-29 00:44:29.450 W/Interception(  653): result: deny, reason: deny by default category, rule: runType===broadcast|||callerPkg===android|||calleePkg===com.ss.android.article.news|||calleeClass===com.ss.android.message.MessageReceiver|||action===android.intent.action.PACKAGE_REMOVED
08-29 00:44:29.450 W/Interception(  653): result: deny, reason: deny by default category, rule: runType===broadcast|||callerPkg===android|||calleePkg===com.ss.android.article.news|||calleeClass===com.baidu.android.pushservice.RegistrationReceiver|||action===android.intent.action.PACKAGE_REMOVED
08-29 00:44:29.450 W/Interception(  653): result: deny, reason: deny by default category, rule: runType===broadcast|||callerPkg===android|||calleePkg===com.ss.android.article.news|||calleeClass===com.ss.android.message.bangtui.PackageUninstallReceiver|||action===android.intent.action.PACKAGE_REMOVED
08-29 00:44:29.450 D/Interception(  653): result: allow, reason: calleePkg is system app, rule: runType===broadcast|||callerPkg===android|||calleePkg===com.android.server.telecom|||calleeClass===com.android.server.telecom.components.PhoneAccountBroadcastReceiver|||action===android.intent.action.PACKAGE_FULLY_REMOVED
08-29 00:44:29.456 D/Interception(  653): result: allow, reason: calleePkg is system app, rule: runType===broadcast|||callerPkg===android|||calleePkg===com.android.documentsui|||calleeClass===com.android.documentsui.PackageReceiver|||action===android.intent.action.PACKAGE_FULLY_REMOVED
08-29 00:44:29.467 I/ActivityManager(  653): Start proc 1866:com.android.documentsui/u0a19 for broadcast com.android.documentsui/.PackageReceive
08-29 00:44:29.479 D/PackageManager(  653): trimGetPackagesForUid uid = 10019 result = [com.android.documentsui]
08-29 00:44:29.499 D/Interception(  653): result: allow, reason: calleePkg is system app, rule: runType===broadcast|||callerPkg===android|||calleePkg===com.mumu.store|||calleeClass===com.mumu.store.install.PackageReceiver|||action===android.intent.action.PACKAGE_FULLY_REMOVED
08-29 00:44:29.508 D/Interception(  653): result: allow, reason: calleePkg is system app, rule: runType===broadcast|||callerPkg===android|||calleePkg===com.android.providers.downloads|||calleeClass===com.android.providers.downloads.DownloadReceiver|||action===android.intent.action.UID_REMOVED
08-29 00:44:29.515 D/Interception(  653): result: allow, reason: calleePkg is system app, rule: runType===broadcast|||callerPkg===android|||calleePkg===com.mumu.store|||calleeClass===fake.com.android.providers.downloads.DownloadReceiver|||action===android.intent.action.UID_REMOVED
08-29 00:44:29.516 D/Interception(  653): result: allow, reason: calleePkg is system app, rule: runType===provider|||callerPkg===com.android.documentsui|||calleePkg===com.android.externalstorage|||calleeClass===com.android.externalstorage.ExternalStorageProvider|||action===com.android.externalstorage.documents
08-29 00:44:29.527 I/ActivityManager(  653): Start proc 1884:com.android.externalstorage/u0a5 for content provider com.android.externalstorage/.ExternalStorageProvide
08-29 00:44:29.540 D/PackageManager(  653): trimGetPackagesForUid uid = 10005 result = [com.android.externalstorage]
08-29 00:44:29.734 D/Interception(  653): result: allow, reason: calleePkg is system app, rule: runType===retrieveService|||callerPkg===android|||calleePkg===com.android.defcontainer|||calleeClass===com.android.defcontainer.DefaultContainerService|||action===null
08-29 00:44:29.859 D/NativeLibraryHelper(  653): copy native binaries with override: null
"08-29 00:44:30.195 I/PmsDeserialize(  653): pkgName:io.appium.uiautomator2.server is new install, it's need serialize to gson.\r\r\n"
08-29 00:44:30.209 V/BackupManagerService(  653): restoreAtInstall pkg=io.appium.uiautomator2.server token=1 restoreSet=0
08-29 00:44:30.209 W/BackupManagerService(  653): Requested unavailable transport: android/com.android.internal.backup.LocalTransport
08-29 00:44:30.209 W/BackupManagerService(  653): No transport
08-29 00:44:30.209 V/BackupManagerService(  653): Finishing install immediately
08-29 00:44:30.221 W/Interception(  653): result: deny, reason: deny by default category, rule: runType===broadcast|||callerPkg===android|||calleePkg===com.ss.android.article.news|||calleeClass===com.ss.android.derivative.AppListener|||action===android.intent.action.PACKAGE_ADDED
08-29 00:44:30.221 D/Interception(  653): result: allow, reason: calleePkg is system app, rule: runType===broadcast|||callerPkg===android|||calleePkg===com.android.settings|||calleeClass===com.android.settings.cyanogenmod.superuser.PackageChangeReceiver|||action===android.intent.action.PACKAGE_ADDED
08-29 00:44:30.228 D/Interception(  653): result: allow, reason: calleePkg is system app, rule: runType===broadcast|||callerPkg===android|||calleePkg===com.android.phone|||calleeClass===com.android.phone.vvm.omtp.VvmPackageInstallReceiver|||action===android.intent.action.PACKAGE_ADDED
08-29 00:44:30.231 D/PackageManager(  653): trimGetPackagesForUid uid = 1000 result = [com.android.providers.settings, com.mumu.launcher, com.android.location.fused, com.android.settings, com.android.server.telecom, com.netease.mumu.cloner, com.android.inputdevices, android, com.netease.nemu_vapi_android.nemu, com.android.keychain, com.mumu.audio, com.netease.nemu_vinput.nemu]
08-29 00:44:30.233 D/PackageManager(  653): trimGetPackagesForUid uid = 10032 result = [com.mumu.store]
08-29 00:44:30.236 D/PackageManager(  653): trimGetPackagesForUid uid = 10033 result = [io.kkzs]
08-29 00:44:30.240 I/ActivityManager(  653): Start proc 1925:com.android.phone/1001 for broadcast com.android.phone/.vvm.omtp.VvmPackageInstallReceive
08-29 00:44:30.241 W/VoiceInteractionManagerService(  653): no available voice recognition services found for user 0
08-29 00:44:30.258 D/PackageManager(  653): trimGetPackagesForUid uid = 1001 result = [com.android.providers.telephony, com.android.mms.service, com.android.phone]
08-29 00:44:30.362 E/ConnectivityService(  653): Failed to find Messenger in unregisterNetworkFactory
08-29 00:44:30.362 D/ConnectivityService(  653): Got NetworkFactory Messenger for Telephony
08-29 00:44:30.385 D/Interception(  653): result: allow, reason: calleePkg is system app, rule: runType===retrieveService|||callerPkg===android|||calleePkg===com.android.phone|||calleeClass===com.android.phone.TelephonyDebugService|||action===null
08-29 00:44:30.394 E/ActivityThread( 1925): Failed to find provider info for com.android.contacts
08-29 00:44:30.428 D/Interception(  653): result: allow, reason: calleePkg is system app, rule: runType===broadcast|||callerPkg===android|||calleePkg===com.android.gallery3d|||calleeClass===com.android.gallery3d.app.PackagesMonitor|||action===android.intent.action.PACKAGE_ADDED
08-29 00:44:30.429 D/Interception(  653): result: allow, reason: calleePkg is system app, rule: runType===retrieveService|||callerPkg===android|||calleePkg===com.android.gallery3d|||calleeClass===com.android.gallery3d.app.PackagesMonitor$AsyncService|||action===android.intent.action.PACKAGE_ADDED
08-29 00:44:30.430 D/Interception(  653): result: allow, reason: calleePkg is system app, rule: runType===broadcast|||callerPkg===android|||calleePkg===com.mumu.acc|||calleeClass===com.mumu.acc.AccMsgReceiver|||action===android.intent.action.PACKAGE_ADDED
08-29 00:44:30.433 D/Interception(  653): result: allow, reason: calleePkg is system app, rule: runType===broadcast|||callerPkg===android|||calleePkg===com.mumu.store|||calleeClass===com.mumu.store.install.PackageReceiver|||action===android.intent.action.PACKAGE_ADDED
08-29 00:44:30.434 D/Interception(  653): result: allow, reason: calleePkg is system app, rule: runType===broadcast|||callerPkg===android|||calleePkg===com.netease.nemu_vapi_android.nemu|||calleeClass===com.netease.nemu_vapi_android.receiver.LaunchReceiver|||action===android.intent.action.PACKAGE_ADDED
08-29 00:44:30.449 W/Interception(  653): result: deny, reason: deny by default category, rule: runType===broadcast|||callerPkg===android|||calleePkg===com.jifen.qukan|||calleeClass===com.jifen.qukan.report.service.AppInstallReportServiceOpt$PackageReceiver|||action===android.intent.action.PACKAGE_ADDED
08-29 00:44:30.454 E/local_camera(  274): We have a problem with the player connection. In main:180, reason:No such file or directory
08-29 00:44:30.457 W/Interception(  653): result: deny, reason: deny by default category, rule: runType===broadcast|||callerPkg===android|||calleePkg===com.ss.android.article.news|||calleeClass===com.ss.android.newmedia.sec.HotsoonReceiverWrap|||action===android.intent.action.PACKAGE_ADDED
08-29 00:44:30.457 W/Interception(  653): result: deny, reason: deny by default category, rule: runType===broadcast|||callerPkg===android|||calleePkg===com.ss.android.article.news|||calleeClass===com.ss.android.downloadlib.core.download.DownloadReceiver|||action===android.intent.action.PACKAGE_ADDED
08-29 00:44:30.457 W/Interception(  653): result: deny, reason: deny by default category, rule: runType===broadcast|||callerPkg===android|||calleePkg===com.ss.android.article.news|||calleeClass===com.huawei.android.pushagent.PushEventReceiver|||action===android.intent.action.PACKAGE_ADDED
08-29 00:44:30.457 W/Interception(  653): result: deny, reason: deny by default category, rule: runType===broadcast|||callerPkg===android|||calleePkg===com.ss.android.article.news|||calleeClass===com.ss.android.message.MessageReceiver|||action===android.intent.action.PACKAGE_ADDED
08-29 00:44:30.457 D/Interception(  653): result: allow, reason: calleePkg is system app, rule: runType===broadcast|||callerPkg===android|||calleePkg===com.android.settings|||calleeClass===com.android.settings.sim.SimSelectNotification|||action===android.intent.action.SIM_STATE_CHANGED
08-29 00:44:30.469 I/ActivityManager(  653): Start proc 1965:com.android.settings/1000 for broadcast com.android.settings/.sim.SimSelectNotificatio
08-29 00:44:30.487 D/PackageManager(  653): trimGetPackagesForUid uid = 1000 result = [com.android.providers.settings, com.mumu.launcher, com.android.location.fused, com.android.settings, com.android.server.telecom, com.netease.mumu.cloner, com.android.inputdevices, android, com.netease.nemu_vapi_android.nemu, com.android.keychain, com.mumu.audio, com.netease.nemu_vinput.nemu]
08-29 00:44:30.502 D/Interception(  653): result: allow, reason: calleePkg is system app, rule: runType===broadcast|||callerPkg===android|||calleePkg===com.android.phone|||calleeClass===com.android.phone.vvm.omtp.SimChangeReceiver|||action===android.intent.action.SIM_STATE_CHANGED
08-29 00:44:30.536 D/WifiService(  653): New client listening to asynchronous messages
08-29 00:44:30.557 D/PackageManager(  653): trimGetPackagesForUid uid = 1001 result = [com.android.providers.telephony, com.android.mms.service, com.android.phone]
08-29 00:44:30.557 I/Telecom (  653): PhoneAccountRegistrar: [ComponentInfo{com.android.phone/com.android.services.telephony.TelephonyConnectionService}, [e0184adedf913b076626646d3f52c3b49c39ad6d], UserHandle{0}(icon: Icon(typ=BITMAP size=32x41) -> Icon(typ=BITMAP size=32x41))]
08-29 00:44:30.560 I/Telecom (  653): : Sending phone-account intent as use
08-29 00:44:30.568 W/Telecom (  653): : No account found for the calling use
08-29 00:44:30.570 D/Interception(  653): result: allow, reason: callerPkg == calleePkg, rule: runType===broadcast|||callerPkg===com.android.phone|||calleePkg===com.android.phone|||calleeClass===com.android.services.telephony.sip.SipBroadcastReceiver|||action===android.net.sip.SIP_SERVICE_UP
08-29 00:44:30.576 I/ActivityManager(  653): Force stopping io.appium.uiautomator2.server.test appid=10086 user=0: from pid 1952
08-29 00:44:31.186 I/ActivityManager(  653): Force stopping io.appium.uiautomator2.server.test appid=10086 user=-1: uninstall pkg
08-29 00:44:31.186 W/PmsSerialize(  653): Delete io.appium.uiautomator2.server.test gson file
"08-29 00:44:31.247 W/PackageManager(  653): Couldn't remove dex file for package:  at location /data/app/io.appium.uiautomator2.server.test-1/base.apk, retcode=-1\r\r\n"
08-29 00:44:31.252 I/ActivityManager(  653): Force stopping io.appium.uiautomator2.server.test appid=10086 user=0: pkg removed
08-29 00:44:31.271 W/Interception(  653): result: deny, reason: deny by default category, rule: runType===broadcast|||callerPkg===android|||calleePkg===com.ss.android.article.news|||calleeClass===com.ss.android.derivative.AppListener|||action===android.intent.action.PACKAGE_REMOVED
08-29 00:44:31.271 D/Interception(  653): result: allow, reason: calleePkg is system app, rule: runType===broadcast|||callerPkg===android|||calleePkg===com.android.settings|||calleeClass===com.android.settings.cyanogenmod.superuser.PackageChangeReceiver|||action===android.intent.action.PACKAGE_REMOVED
08-29 00:44:31.281 E/KernelUidCpuTimeReader(  653): failed to remove uid from uid_cputime module
08-29 00:44:31.281 E/KernelUidCpuTimeReader(  653): java.io.FileNotFoundException: /proc/uid_cputime/remove_uid_range: open failed: ENOENT (No such file or directory)
08-29 00:44:31.281 E/KernelUidCpuTimeReader(  653): \tat libcore.io.IoBridge.open(IoBridge.java:452)
08-29 00:44:31.281 E/KernelUidCpuTimeReader(  653): \tat java.io.FileOutputStream.<init>(FileOutputStream.java:87)
08-29 00:44:31.281 E/KernelUidCpuTimeReader(  653): \tat java.io.FileOutputStream.<init>(FileOutputStream.java:72)
08-29 00:44:31.281 E/KernelUidCpuTimeReader(  653): \tat java.io.FileWriter.<init>(FileWriter.java:80)
08-29 00:44:31.281 E/KernelUidCpuTimeReader(  653): \tat com.android.internal.os.KernelUidCpuTimeReader.removeUid(KernelUidCpuTimeReader.java:157)
08-29 00:44:31.281 E/KernelUidCpuTimeReader(  653): \tat com.android.internal.os.BatteryStatsImpl.removeUidStatsLocked(BatteryStatsImpl.java:8877)
08-29 00:44:31.281 E/KernelUidCpuTimeReader(  653): \tat com.android.server.am.BatteryStatsService.removeUid(BatteryStatsService.java:241)
08-29 00:44:31.281 E/KernelUidCpuTimeReader(  653): \tat com.android.server.am.ActivityManagerService.broadcastIntentLocked(ActivityManagerService.java:17011)
08-29 00:44:31.281 E/KernelUidCpuTimeReader(  653): \tat com.android.server.am.ActivityManagerService.broadcastIntent(ActivityManagerService.java:17387)
08-29 00:44:31.281 E/KernelUidCpuTimeReader(  653): \tat com.android.server.pm.PackageManagerService$13.run(PackageManagerService.java:10399)
08-29 00:44:31.281 E/KernelUidCpuTimeReader(  653): \tat android.os.Handler.handleCallback(Handler.java:739)
08-29 00:44:31.281 E/KernelUidCpuTimeReader(  653): \tat android.os.Handler.dispatchMessage(Handler.java:95)
08-29 00:44:31.281 E/KernelUidCpuTimeReader(  653): \tat android.os.Looper.loop(Looper.java:148)
08-29 00:44:31.281 E/KernelUidCpuTimeReader(  653): \tat android.os.HandlerThread.run(HandlerThread.java:61)
08-29 00:44:31.281 E/KernelUidCpuTimeReader(  653): \tat com.android.server.ServiceThread.run(ServiceThread.java:46)
08-29 00:44:31.281 E/KernelUidCpuTimeReader(  653): Caused by: android.system.ErrnoException: open failed: ENOENT (No such file or directory)
08-29 00:44:31.281 E/KernelUidCpuTimeReader(  653): \tat libcore.io.Posix.open(Native Method)
08-29 00:44:31.281 E/KernelUidCpuTimeReader(  653): \tat libcore.io.BlockGuardOs.open(BlockGuardOs.java:186)
08-29 00:44:31.281 E/KernelUidCpuTimeReader(  653): \tat libcore.io.IoBridge.open(IoBridge.java:438)
08-29 00:44:31.281 E/KernelUidCpuTimeReader(  653): \t... 14 more
08-29 00:44:31.283 D/Interception(  653): result: allow, reason: calleePkg is system app, rule: runType===broadcast|||callerPkg===android|||calleePkg===com.android.gallery3d|||calleeClass===com.android.gallery3d.app.PackagesMonitor|||action===android.intent.action.PACKAGE_REMOVED
08-29 00:44:31.288 D/PackageManager(  653): trimGetPackagesForUid uid = 1000 result = [com.android.providers.settings, com.mumu.launcher, com.android.location.fused, com.android.settings, com.android.server.telecom, com.netease.mumu.cloner, com.android.inputdevices, android, com.netease.nemu_vapi_android.nemu, com.android.keychain, com.mumu.audio, com.netease.nemu_vinput.nemu]
08-29 00:44:31.297 D/PackageManager(  653): trimGetPackagesForUid uid = 10032 result = [com.mumu.store]
08-29 00:44:31.297 D/Interception(  653): result: allow, reason: calleePkg is system app, rule: runType===retrieveService|||callerPkg===android|||calleePkg===com.android.gallery3d|||calleeClass===com.android.gallery3d.app.PackagesMonitor$AsyncService|||action===android.intent.action.PACKAGE_REMOVED
08-29 00:44:31.318 D/Interception(  653): result: allow, reason: calleePkg is system app, rule: runType===broadcast|||callerPkg===android|||calleePkg===com.android.keychain|||calleeClass===com.android.keychain.KeyChainBroadcastReceiver|||action===android.intent.action.PACKAGE_REMOVED
08-29 00:44:31.319 D/PackageManager(  653): trimGetPackagesForUid uid = 10033 result = [io.kkzs]
08-29 00:44:31.330 D/JobSchedulerService(  653): Receieved: android.intent.action.PACKAGE_REMOVED
08-29 00:44:31.340 W/ContextImpl( 1324): Calling a method in the system process without a qualified user: android.app.ContextImpl.startService:1242 android.content.ContextWrapper.startService:581 android.content.ContextWrapper.startService:581 com.android.keychain.KeyChainBroadcastReceiver.onReceive:12 android.app.ActivityThread.handleReceiver:2752 
08-29 00:44:31.350 D/Interception(  653): result: allow, reason: calleePkg is system app, rule: runType===retrieveService|||callerPkg===android|||calleePkg===com.android.keychain|||calleeClass===com.android.keychain.KeyChainService|||action===android.intent.action.PACKAGE_REMOVED
08-29 00:44:31.361 D/Interception(  653): result: allow, reason: calleePkg is system app, rule: runType===broadcast|||callerPkg===android|||calleePkg===com.mumu.launcher|||calleeClass===com.mumu.launcher.PackageChangedReceiver|||action===android.intent.action.PACKAGE_REMOVED
08-29 00:44:31.373 W/Interception(  653): result: deny, reason: deny by default category, rule: runType===broadcast|||callerPkg===android|||calleePkg===com.jifen.qukan|||calleeClass===com.jifen.qukan.report.service.AppInstallReportServiceOpt$PackageReceiver|||action===android.intent.action.PACKAGE_REMOVED
08-29 00:44:31.374 W/Interception(  653): result: deny, reason: deny by default category, rule: runType===broadcast|||callerPkg===android|||calleePkg===com.ss.android.article.news|||calleeClass===com.huawei.android.pushagent.PushEventReceiver|||action===android.intent.action.PACKAGE_REMOVED
08-29 00:44:31.374 W/Interception(  653): result: deny, reason: deny by default category, rule: runType===broadcast|||callerPkg===android|||calleePkg===com.ss.android.article.news|||calleeClass===com.taobao.accs.EventReceiver|||action===android.intent.action.PACKAGE_REMOVED
08-29 00:44:31.374 W/Interception(  653): result: deny, reason: deny by default category, rule: runType===broadcast|||callerPkg===android|||calleePkg===com.ss.android.article.news|||calleeClass===com.taobao.agoo.AgooCommondReceiver|||action===android.intent.action.PACKAGE_REMOVED
08-29 00:44:31.374 W/Interception(  653): result: deny, reason: deny by default category, rule: runType===broadcast|||callerPkg===android|||calleePkg===com.ss.android.article.news|||calleeClass===com.ss.android.message.MessageReceiver|||action===android.intent.action.PACKAGE_REMOVED
08-29 00:44:31.374 W/Interception(  653): result: deny, reason: deny by default category, rule: runType===broadcast|||callerPkg===android|||calleePkg===com.ss.android.article.news|||calleeClass===com.baidu.android.pushservice.RegistrationReceiver|||action===android.intent.action.PACKAGE_REMOVED
08-29 00:44:31.374 W/Interception(  653): result: deny, reason: deny by default category, rule: runType===broadcast|||callerPkg===android|||calleePkg===com.ss.android.article.news|||calleeClass===com.ss.android.message.bangtui.PackageUninstallReceiver|||action===android.intent.action.PACKAGE_REMOVED
08-29 00:44:31.375 D/Interception(  653): result: allow, reason: calleePkg is system app, rule: runType===broadcast|||callerPkg===android|||calleePkg===com.android.server.telecom|||calleeClass===com.android.server.telecom.components.PhoneAccountBroadcastReceiver|||action===android.intent.action.PACKAGE_FULLY_REMOVED
08-29 00:44:31.377 D/Interception(  653): result: allow, reason: calleePkg is system app, rule: runType===broadcast|||callerPkg===android|||calleePkg===com.android.documentsui|||calleeClass===com.android.documentsui.PackageReceiver|||action===android.intent.action.PACKAGE_FULLY_REMOVED
08-29 00:44:31.381 D/Interception(  653): result: allow, reason: calleePkg is system app, rule: runType===broadcast|||callerPkg===android|||calleePkg===com.mumu.store|||calleeClass===com.mumu.store.install.PackageReceiver|||action===android.intent.action.PACKAGE_FULLY_REMOVED
08-29 00:44:31.383 D/Interception(  653): result: allow, reason: calleePkg is system app, rule: runType===broadcast|||callerPkg===android|||calleePkg===com.android.providers.downloads|||calleeClass===com.android.providers.downloads.DownloadReceiver|||action===android.intent.action.UID_REMOVED
08-29 00:44:31.387 D/Interception(  653): result: allow, reason: calleePkg is system app, rule: runType===broadcast|||callerPkg===android|||calleePkg===com.mumu.store|||calleeClass===fake.com.android.providers.downloads.DownloadReceiver|||action===android.intent.action.UID_REMOVED
08-29 00:44:31.814 D/NativeLibraryHelper(  653): copy native binaries with override: null
"08-29 00:44:31.981 I/PmsDeserialize(  653): pkgName:io.appium.uiautomator2.server.test is new install, it's need serialize to gson.\r\r\n"
08-29 00:44:32.003 V/BackupManagerService(  653): restoreAtInstall pkg=io.appium.uiautomator2.server.test token=2 restoreSet=0
